2026-01-08T08:19:58.3965762Z Current runner version: '2.330.0'
2026-01-08T08:19:58.3989968Z ##[group]Runner Image Provisioner
2026-01-08T08:19:58.3990907Z Hosted Compute Agent
2026-01-08T08:19:58.3991417Z Version: 20251211.462
2026-01-08T08:19:58.3992099Z Commit: 6cbad8c2bb55d58165063d031ccabf57e2d2db61
2026-01-08T08:19:58.3993214Z Build Date: 2025-12-11T16:28:49Z
2026-01-08T08:19:58.3993863Z Worker ID: {5ab40af2-fdd1-4f08-9afc-daf15e9c7745}
2026-01-08T08:19:58.3994642Z ##[endgroup]
2026-01-08T08:19:58.3995134Z ##[group]Operating System
2026-01-08T08:19:58.3995693Z Ubuntu
2026-01-08T08:19:58.3996160Z 24.04.3
2026-01-08T08:19:58.3996631Z LTS
2026-01-08T08:19:58.3997052Z ##[endgroup]
2026-01-08T08:19:58.3997576Z ##[group]Runner Image
2026-01-08T08:19:58.3998153Z Image: ubuntu-24.04
2026-01-08T08:19:58.3998622Z Version: 20251215.174.1
2026-01-08T08:19:58.3999649Z Included Software: https://github.com/actions/runner-images/blob/ubuntu24/20251215.174/images/ubuntu/Ubuntu2404-Readme.md
2026-01-08T08:19:58.4001171Z Image Release: https://github.com/actions/runner-images/releases/tag/ubuntu24%2F20251215.174
2026-01-08T08:19:58.4002195Z ##[endgroup]
2026-01-08T08:19:58.4003522Z ##[group]GITHUB_TOKEN Permissions
2026-01-08T08:19:58.4005584Z Contents: read
2026-01-08T08:19:58.4006234Z Metadata: read
2026-01-08T08:19:58.4006700Z Packages: read
2026-01-08T08:19:58.4007176Z ##[endgroup]
2026-01-08T08:19:58.4009346Z Secret source: Actions
2026-01-08T08:19:58.4010047Z Prepare workflow directory
2026-01-08T08:19:58.4417762Z Prepare all required actions
2026-01-08T08:19:58.4454856Z Getting action download info
2026-01-08T08:19:58.8456766Z Download action repository 'actions/checkout@v4' (SHA:34e114876b0b11c390a56381ad16ebd13914f8d5)
2026-01-08T08:19:58.9604699Z Download action repository 'swatinem/rust-cache@v2' (SHA:779680da715d629ac1d338a641029a2f4372abb5)
2026-01-08T08:19:59.9723935Z Complete job name: Clippy
2026-01-08T08:20:00.0504508Z ##[group]Run actions/checkout@v4
2026-01-08T08:20:00.0505453Z with:
2026-01-08T08:20:00.0505897Z   repository: velo-sh/velo
2026-01-08T08:20:00.0506713Z   token: ***
2026-01-08T08:20:00.0507125Z   ssh-strict: true
2026-01-08T08:20:00.0507543Z   ssh-user: git
2026-01-08T08:20:00.0507966Z   persist-credentials: true
2026-01-08T08:20:00.0508435Z   clean: true
2026-01-08T08:20:00.0508864Z   sparse-checkout-cone-mode: true
2026-01-08T08:20:00.0509365Z   fetch-depth: 1
2026-01-08T08:20:00.0509783Z   fetch-tags: false
2026-01-08T08:20:00.0510202Z   show-progress: true
2026-01-08T08:20:00.0510626Z   lfs: false
2026-01-08T08:20:00.0511036Z   submodules: false
2026-01-08T08:20:00.0511487Z   set-safe-directory: true
2026-01-08T08:20:00.0512169Z env:
2026-01-08T08:20:00.0512600Z   CARGO_TERM_COLOR: always
2026-01-08T08:20:00.0513505Z   UV_VERSION: 0.9
2026-01-08T08:20:00.0513981Z   VELO_ZYGOTE_SOCKET_TIMEOUT: 60
2026-01-08T08:20:00.0514506Z   VELO_ZYGOTE_WORKER_TIMEOUT: 60
2026-01-08T08:20:00.0515075Z   VELO_MAX_BUNDLE_SIZE: 50
2026-01-08T08:20:00.0515549Z   VELO_TIMEOUT_MULTIPLIER: 6
2026-01-08T08:20:00.0516023Z ##[endgroup]
2026-01-08T08:20:00.1628733Z Syncing repository: velo-sh/velo
2026-01-08T08:20:00.1630729Z ##[group]Getting Git version info
2026-01-08T08:20:00.1631427Z Working directory is '/home/runner/work/velo/velo'
2026-01-08T08:20:00.1632411Z [command]/usr/bin/git version
2026-01-08T08:20:00.1739904Z git version 2.52.0
2026-01-08T08:20:00.1767362Z ##[endgroup]
2026-01-08T08:20:00.1782347Z Temporarily overriding HOME='/home/runner/work/_temp/73ea53ed-a100-4c15-8931-0b45b5fa4b4b' before making global git config changes
2026-01-08T08:20:00.1784158Z Adding repository directory to the temporary git global config as a safe directory
2026-01-08T08:20:00.1797008Z [command]/usr/bin/git config --global --add safe.directory /home/runner/work/velo/velo
2026-01-08T08:20:00.1845849Z Deleting the contents of '/home/runner/work/velo/velo'
2026-01-08T08:20:00.1850007Z ##[group]Initializing the repository
2026-01-08T08:20:00.1855107Z [command]/usr/bin/git init /home/runner/work/velo/velo
2026-01-08T08:20:00.1995627Z hint: Using 'master' as the name for the initial branch. This default branch name
2026-01-08T08:20:00.1997637Z hint: will change to "main" in Git 3.0. To configure the initial branch name
2026-01-08T08:20:00.1998885Z hint: to use in all of your new repositories, which will suppress this warning,
2026-01-08T08:20:00.2000095Z hint: call:
2026-01-08T08:20:00.2000820Z hint:
2026-01-08T08:20:00.2001810Z hint: 	git config --global init.defaultBranch <name>
2026-01-08T08:20:00.2003200Z hint:
2026-01-08T08:20:00.2004364Z hint: Names commonly chosen instead of 'master' are 'main', 'trunk' and
2026-01-08T08:20:00.2006128Z hint: 'development'. The just-created branch can be renamed via this command:
2026-01-08T08:20:00.2007524Z hint:
2026-01-08T08:20:00.2008287Z hint: 	git branch -m <name>
2026-01-08T08:20:00.2009099Z hint:
2026-01-08T08:20:00.2010209Z hint: Disable this message with "git config set advice.defaultBranchName false"
2026-01-08T08:20:00.2012050Z Initialized empty Git repository in /home/runner/work/velo/velo/.git/
2026-01-08T08:20:00.2015473Z [command]/usr/bin/git remote add origin https://github.com/velo-sh/velo
2026-01-08T08:20:00.2056434Z ##[endgroup]
2026-01-08T08:20:00.2057795Z ##[group]Disabling automatic garbage collection
2026-01-08T08:20:00.2061797Z [command]/usr/bin/git config --local gc.auto 0
2026-01-08T08:20:00.2095162Z ##[endgroup]
2026-01-08T08:20:00.2096519Z ##[group]Setting up auth
2026-01-08T08:20:00.2103630Z [command]/usr/bin/git config --local --name-only --get-regexp core\.sshCommand
2026-01-08T08:20:00.2139754Z [command]/usr/bin/git submodule foreach --recursive sh -c "git config --local --name-only --get-regexp 'core\.sshCommand' && git config --local --unset-all 'core.sshCommand' || :"
2026-01-08T08:20:00.2536736Z [command]/usr/bin/git config --local --name-only --get-regexp http\.https\:\/\/github\.com\/\.extraheader
2026-01-08T08:20:00.2571074Z [command]/usr/bin/git submodule foreach --recursive sh -c "git config --local --name-only --get-regexp 'http\.https\:\/\/github\.com\/\.extraheader' && git config --local --unset-all 'http.https://github.com/.extraheader' || :"
2026-01-08T08:20:00.2801848Z [command]/usr/bin/git config --local --name-only --get-regexp ^includeIf\.gitdir:
2026-01-08T08:20:00.2834342Z [command]/usr/bin/git submodule foreach --recursive git config --local --show-origin --name-only --get-regexp remote.origin.url
2026-01-08T08:20:00.3068722Z [command]/usr/bin/git config --local http.https://github.com/.extraheader AUTHORIZATION: basic ***
2026-01-08T08:20:00.3106691Z ##[endgroup]
2026-01-08T08:20:00.3107615Z ##[group]Fetching the repository
2026-01-08T08:20:00.3115626Z [command]/usr/bin/git -c protocol.version=2 fetch --no-tags --prune --no-recurse-submodules --depth=1 origin +b068f050490955b169bb23898a64c16f441deb68:refs/remotes/origin/phase-7.0/memory-gravity
2026-01-08T08:20:01.1161967Z From https://github.com/velo-sh/velo
2026-01-08T08:20:01.1164638Z  * [new ref]         b068f050490955b169bb23898a64c16f441deb68 -> origin/phase-7.0/memory-gravity
2026-01-08T08:20:01.1200143Z ##[endgroup]
2026-01-08T08:20:01.1201462Z ##[group]Determining the checkout info
2026-01-08T08:20:01.1203086Z ##[endgroup]
2026-01-08T08:20:01.1207245Z [command]/usr/bin/git sparse-checkout disable
2026-01-08T08:20:01.1251128Z [command]/usr/bin/git config --local --unset-all extensions.worktreeConfig
2026-01-08T08:20:01.1277064Z ##[group]Checking out the ref
2026-01-08T08:20:01.1281285Z [command]/usr/bin/git checkout --progress --force -B phase-7.0/memory-gravity refs/remotes/origin/phase-7.0/memory-gravity
2026-01-08T08:20:01.1854612Z Switched to a new branch 'phase-7.0/memory-gravity'
2026-01-08T08:20:01.1857166Z branch 'phase-7.0/memory-gravity' set up to track 'origin/phase-7.0/memory-gravity'.
2026-01-08T08:20:01.1866485Z ##[endgroup]
2026-01-08T08:20:01.1904077Z [command]/usr/bin/git log -1 --format=%H
2026-01-08T08:20:01.1927055Z b068f050490955b169bb23898a64c16f441deb68
2026-01-08T08:20:01.2143123Z ##[group]Run rustup show
2026-01-08T08:20:01.2144314Z [36;1mrustup show[0m
2026-01-08T08:20:01.2184772Z shell: /usr/bin/bash -e {0}
2026-01-08T08:20:01.2186145Z env:
2026-01-08T08:20:01.2186968Z   CARGO_TERM_COLOR: always
2026-01-08T08:20:01.2187962Z   UV_VERSION: 0.9
2026-01-08T08:20:01.2188867Z   VELO_ZYGOTE_SOCKET_TIMEOUT: 60
2026-01-08T08:20:01.2189970Z   VELO_ZYGOTE_WORKER_TIMEOUT: 60
2026-01-08T08:20:01.2191049Z   VELO_MAX_BUNDLE_SIZE: 50
2026-01-08T08:20:01.2192054Z   VELO_TIMEOUT_MULTIPLIER: 6
2026-01-08T08:20:01.2193337Z ##[endgroup]
2026-01-08T08:20:01.3206527Z Default host: x86_64-unknown-linux-gnu
2026-01-08T08:20:01.3208006Z rustup home:  /home/runner/.rustup
2026-01-08T08:20:01.3208898Z 
2026-01-08T08:20:01.3335999Z info: syncing channel updates for '1.92.0-x86_64-unknown-linux-gnu'
2026-01-08T08:20:01.5533747Z info: latest update on 2025-12-11, rust version 1.92.0 (ded5c06cf 2025-12-08)
2026-01-08T08:20:01.5535770Z info: downloading component 'cargo'
2026-01-08T08:20:01.6793376Z info: downloading component 'clippy'
2026-01-08T08:20:01.7782894Z info: downloading component 'llvm-tools'
2026-01-08T08:20:02.0612451Z info: downloading component 'rust-std'
2026-01-08T08:20:02.3124155Z info: downloading component 'rustc'
2026-01-08T08:20:02.8515572Z info: downloading component 'rustfmt'
2026-01-08T08:20:02.9293597Z info: installing component 'cargo'
2026-01-08T08:20:03.6535617Z info: installing component 'clippy'
2026-01-08T08:20:04.0310996Z info: installing component 'llvm-tools'
2026-01-08T08:20:06.3728596Z info: installing component 'rust-std'
2026-01-08T08:20:08.2959387Z info: installing component 'rustc'
2026-01-08T08:20:12.9862996Z info: installing component 'rustfmt'
2026-01-08T08:20:13.3282998Z installed toolchains
2026-01-08T08:20:13.3283794Z --------------------
2026-01-08T08:20:13.3284253Z stable-x86_64-unknown-linux-gnu (default)
2026-01-08T08:20:13.3284647Z 
2026-01-08T08:20:13.3284781Z active toolchain
2026-01-08T08:20:13.3285083Z ----------------
2026-01-08T08:20:13.3285491Z name: 1.92.0-x86_64-unknown-linux-gnu
2026-01-08T08:20:13.3286224Z active because: overridden by '/home/runner/work/velo/velo/rust-toolchain.toml'
2026-01-08T08:20:13.3286998Z installed targets:
2026-01-08T08:20:13.3287395Z   x86_64-unknown-linux-gnu
2026-01-08T08:20:13.3412622Z ##[group]Run swatinem/rust-cache@v2
2026-01-08T08:20:13.3413063Z with:
2026-01-08T08:20:13.3413257Z   prefix-key: v0-rust
2026-01-08T08:20:13.3413465Z   add-job-id-key: true
2026-01-08T08:20:13.3413687Z   add-rust-environment-hash-key: true
2026-01-08T08:20:13.3413935Z   cache-targets: true
2026-01-08T08:20:13.3414128Z   cache-all-crates: false
2026-01-08T08:20:13.3414346Z   cache-workspace-crates: false
2026-01-08T08:20:13.3414566Z   save-if: true
2026-01-08T08:20:13.3414751Z   cache-provider: github
2026-01-08T08:20:13.3414947Z   cache-bin: true
2026-01-08T08:20:13.3415153Z   lookup-only: false
2026-01-08T08:20:13.3415338Z env:
2026-01-08T08:20:13.3415539Z   CARGO_TERM_COLOR: always
2026-01-08T08:20:13.3415737Z   UV_VERSION: 0.9
2026-01-08T08:20:13.3415923Z   VELO_ZYGOTE_SOCKET_TIMEOUT: 60
2026-01-08T08:20:13.3416143Z   VELO_ZYGOTE_WORKER_TIMEOUT: 60
2026-01-08T08:20:13.3416369Z   VELO_MAX_BUNDLE_SIZE: 50
2026-01-08T08:20:13.3416573Z   VELO_TIMEOUT_MULTIPLIER: 6
2026-01-08T08:20:13.3416807Z ##[endgroup]
2026-01-08T08:20:13.8739920Z ##[group]Cache Configuration
2026-01-08T08:20:13.8740234Z Cache Provider:
2026-01-08T08:20:13.8740416Z     github
2026-01-08T08:20:13.8740591Z Workspaces:
2026-01-08T08:20:13.8741545Z     /home/runner/work/velo/velo
2026-01-08T08:20:13.8741961Z Cache Paths:
2026-01-08T08:20:13.8742286Z     /home/runner/.cargo/bin
2026-01-08T08:20:13.8742686Z     /home/runner/.cargo/.crates.toml
2026-01-08T08:20:13.8743205Z     /home/runner/.cargo/.crates2.json
2026-01-08T08:20:13.8743618Z     /home/runner/.cargo/registry
2026-01-08T08:20:13.8743882Z     /home/runner/.cargo/git
2026-01-08T08:20:13.8744146Z     /home/runner/work/velo/velo/target
2026-01-08T08:20:13.8744386Z Restore Key:
2026-01-08T08:20:13.8744581Z     v0-rust-clippy-Linux-x64-becefc2f
2026-01-08T08:20:13.8744810Z Cache Key:
2026-01-08T08:20:13.8745021Z     v0-rust-clippy-Linux-x64-becefc2f-8b45c72d
2026-01-08T08:20:13.8745657Z .. Prefix:
2026-01-08T08:20:13.8745974Z   - v0-rust-clippy-Linux-x64
2026-01-08T08:20:13.8746374Z .. Environment considered:
2026-01-08T08:20:13.8746743Z   - Rust Version: 1.92.0 x86_64-unknown-linux-gnu (ded5c06cf21d2b93bffd5d884aa6e96934ee4234)
2026-01-08T08:20:13.8747116Z   - CARGO_INCREMENTAL
2026-01-08T08:20:13.8747314Z   - CARGO_TERM_COLOR
2026-01-08T08:20:13.8747503Z .. Lockfiles considered:
2026-01-08T08:20:13.8747742Z   - /home/runner/work/velo/velo/.cargo/config.toml
2026-01-08T08:20:13.8748023Z   - /home/runner/work/velo/velo/Cargo.lock
2026-01-08T08:20:13.8748273Z   - /home/runner/work/velo/velo/Cargo.toml
2026-01-08T08:20:13.8748621Z   - /home/runner/work/velo/velo/rust-toolchain.toml
2026-01-08T08:20:13.8749177Z ##[endgroup]
2026-01-08T08:20:13.8749289Z 
2026-01-08T08:20:13.8749364Z ... Restoring cache ...
2026-01-08T08:20:14.0993412Z Cache hit for: v0-rust-clippy-Linux-x64-becefc2f-8b45c72d
2026-01-08T08:20:15.3312325Z Received 37748736 of 177551848 (21.3%), 35.9 MBs/sec
2026-01-08T08:20:16.3310448Z Received 164968936 of 177551848 (92.9%), 78.6 MBs/sec
2026-01-08T08:20:16.3881801Z Received 177551848 of 177551848 (100.0%), 82.2 MBs/sec
2026-01-08T08:20:16.3882539Z Cache Size: ~169 MB (177551848 B)
2026-01-08T08:20:16.3913755Z [command]/usr/bin/tar -xf /home/runner/work/_temp/de5ba4a5-9210-4e47-ac90-dae62e72f52b/cache.tzst -P -C /home/runner/work/velo/velo --use-compress-program unzstd
2026-01-08T08:20:17.3308784Z Cache restored successfully
2026-01-08T08:20:17.3668147Z Restored from cache key "v0-rust-clippy-Linux-x64-becefc2f-8b45c72d" full match: true.
2026-01-08T08:20:17.3795588Z ##[group]Run cargo clippy --all-targets --all-features -- -D warnings
2026-01-08T08:20:17.3796102Z [36;1mcargo clippy --all-targets --all-features -- -D warnings[0m
2026-01-08T08:20:17.3829642Z shell: /usr/bin/bash -e {0}
2026-01-08T08:20:17.3829992Z env:
2026-01-08T08:20:17.3830259Z   CARGO_TERM_COLOR: always
2026-01-08T08:20:17.3830597Z   UV_VERSION: 0.9
2026-01-08T08:20:17.3830898Z   VELO_ZYGOTE_SOCKET_TIMEOUT: 60
2026-01-08T08:20:17.3831291Z   VELO_ZYGOTE_WORKER_TIMEOUT: 60
2026-01-08T08:20:17.3831649Z   VELO_MAX_BUNDLE_SIZE: 50
2026-01-08T08:20:17.3831983Z   VELO_TIMEOUT_MULTIPLIER: 6
2026-01-08T08:20:17.3832336Z   CACHE_ON_FAILURE: false
2026-01-08T08:20:17.3832663Z   CARGO_INCREMENTAL: 0
2026-01-08T08:20:17.3833110Z ##[endgroup]
2026-01-08T08:20:17.5847694Z [1m[92m    Updating[0m crates.io index
2026-01-08T08:20:18.6910554Z [1m[92m   Compiling[0m velo v0.1.0 (/home/runner/work/velo/velo)
2026-01-08T08:20:19.8344708Z [1m[91merror[E0308][0m[1m: mismatched types[0m
2026-01-08T08:20:19.8345854Z    [1m[94m--> [0msrc/shm/tests_titanium.rs:164:37
2026-01-08T08:20:19.8346658Z     [1m[94m|[0m
2026-01-08T08:20:19.8354264Z [1m[94m164[0m [1m[94m|[0m                 alignment::align_up(EXPECTED_HUGE_PAGE_SIZE + 64, page_size),
2026-01-08T08:20:19.8355318Z     [1m[94m|[0m                 [1m[94m-------------------[0m [1m[91m^^^^^^^^^^^^^^^^^^^^^^^^^^^^[0m [1m[91mexpected `usize`, found `u64`[0m
2026-01-08T08:20:19.8356020Z     [1m[94m|[0m                 [1m[94m|[0m
2026-01-08T08:20:19.8356614Z     [1m[94m|[0m                 [1m[94marguments to this function are incorrect[0m
2026-01-08T08:20:19.8357119Z     [1m[94m|[0m
2026-01-08T08:20:19.8357494Z [1m[92mnote[0m: function defined here
2026-01-08T08:20:19.8357978Z    [1m[94m--> [0msrc/shm/alignment.rs:43:8
2026-01-08T08:20:19.8358386Z     [1m[94m|[0m
2026-01-08T08:20:19.8358903Z  [1m[94m43[0m [1m[94m|[0m pub fn align_up(size: usize, boundary: usize) -> usize {
2026-01-08T08:20:19.8359582Z     [1m[94m|[0m        [1m[92m^^^^^^^^[0m [1m[94m-----------[0m
2026-01-08T08:20:19.8360375Z [1m[96mhelp[0m: you can convert a `u64` to a `usize` and panic if the converted value doesn't fit
2026-01-08T08:20:19.8361011Z     [1m[94m|[0m
2026-01-08T08:20:19.8361946Z [1m[94m164[0m [1m[94m| [0m                alignment::align_up([92m([0mEXPECTED_HUGE_PAGE_SIZE + 64[92m).try_into().unwrap()[0m, page_size),
2026-01-08T08:20:19.8363511Z     [1m[94m|[0m                                     [92m+[0m                            [92m+++++++++++++++++++++[0m
2026-01-08T08:20:19.8363875Z 
2026-01-08T08:20:19.8364137Z [1m[91merror[E0308][0m[1m: mismatched types[0m
2026-01-08T08:20:19.8364670Z    [1m[94m--> [0msrc/shm/tests_titanium.rs:162:13
2026-01-08T08:20:19.8365116Z     [1m[94m|[0m
2026-01-08T08:20:19.8365560Z [1m[94m162[0m [1m[94m|[0m [1m[91m/[0m             assert_eq!(
2026-01-08T08:20:19.8366190Z [1m[94m163[0m [1m[94m|[0m [1m[91m|[0m                 size_overflow,
2026-01-08T08:20:19.8367100Z [1m[94m164[0m [1m[94m|[0m [1m[91m|[0m                 alignment::align_up(EXPECTED_HUGE_PAGE_SIZE + 64, page_size),
2026-01-08T08:20:19.8368080Z [1m[94m165[0m [1m[94m|[0m [1m[91m|[0m                 "QA FAILURE: Overflow size {} not aligned to page boundary ({}KB)",
2026-01-08T08:20:19.8368852Z [1m[94m166[0m [1m[94m|[0m [1m[91m|[0m                 size_overflow,
2026-01-08T08:20:19.8369506Z [1m[94m167[0m [1m[94m|[0m [1m[91m|[0m                 page_size / 1024
2026-01-08T08:20:19.8370120Z [1m[94m168[0m [1m[94m|[0m [1m[91m|[0m             );
2026-01-08T08:20:19.8370757Z     [1m[94m|[0m [1m[91m|_____________^[0m [1m[91mexpected `u64`, found `usize`[0m
2026-01-08T08:20:19.8371261Z     [1m[94m|[0m
2026-01-08T08:20:19.8372153Z     [1m[94m= [0m[1mnote[0m: this error originates in the macro `assert_eq` (in Nightly builds, run with -Z macro-backtrace for more info)
2026-01-08T08:20:19.8372964Z 
2026-01-08T08:20:19.8438201Z [1m[91merror[E0277][0m[1m: can't compare `u64` with `usize`[0m
2026-01-08T08:20:19.8438973Z    [1m[94m--> [0msrc/shm/tests_titanium.rs:162:13
2026-01-08T08:20:19.8439447Z     [1m[94m|[0m
2026-01-08T08:20:19.8439923Z [1m[94m162[0m [1m[94m|[0m [1m[91m/[0m             assert_eq!(
2026-01-08T08:20:19.8440557Z [1m[94m163[0m [1m[94m|[0m [1m[91m|[0m                 size_overflow,
2026-01-08T08:20:19.8441621Z [1m[94m164[0m [1m[94m|[0m [1m[91m|[0m                 alignment::align_up(EXPECTED_HUGE_PAGE_SIZE + 64, page_size),
2026-01-08T08:20:19.8442620Z [1m[94m165[0m [1m[94m|[0m [1m[91m|[0m                 "QA FAILURE: Overflow size {} not aligned to page boundary ({}KB)",
2026-01-08T08:20:19.8443675Z [1m[94m166[0m [1m[94m|[0m [1m[91m|[0m                 size_overflow,
2026-01-08T08:20:19.8444363Z [1m[94m167[0m [1m[94m|[0m [1m[91m|[0m                 page_size / 1024
2026-01-08T08:20:19.8444976Z [1m[94m168[0m [1m[94m|[0m [1m[91m|[0m             );
2026-01-08T08:20:19.8445645Z     [1m[94m|[0m [1m[91m|_____________^[0m [1m[91mno implementation for `u64 == usize`[0m
2026-01-08T08:20:19.8446232Z     [1m[94m|[0m
2026-01-08T08:20:19.8447031Z     [1m[94m= [0m[1mhelp[0m: the trait `std::cmp::PartialEq<usize>` is not implemented for `u64`
2026-01-08T08:20:19.8448143Z     [1m[94m= [0m[1mhelp[0m: the following other types implement trait `std::cmp::PartialEq<Rhs>`:
2026-01-08T08:20:19.8448970Z               `u64` implements `std::cmp::PartialEq<malachite_nz::integer::Integer>`
2026-01-08T08:20:19.8449701Z               `u64` implements `std::cmp::PartialEq<malachite_nz::natural::Natural>`
2026-01-08T08:20:19.8450388Z               `u64` implements `std::cmp::PartialEq<malachite_q::Rational>`
2026-01-08T08:20:19.8451013Z               `u64` implements `std::cmp::PartialEq<rkyv::rend::u64_be>`
2026-01-08T08:20:19.8451594Z               `u64` implements `std::cmp::PartialEq<rkyv::rend::u64_le>`
2026-01-08T08:20:19.8452268Z               `u64` implements `std::cmp::PartialEq<rkyv::rend::unaligned::u64_ube>`
2026-01-08T08:20:19.8453407Z               `u64` implements `std::cmp::PartialEq<rkyv::rend::unaligned::u64_ule>`
2026-01-08T08:20:19.8454093Z               `u64` implements `std::cmp::PartialEq<serde_json::Value>`
2026-01-08T08:20:19.8454690Z               `u64` implements `std::cmp::PartialEq`
2026-01-08T08:20:19.8455761Z     [1m[94m= [0m[1mnote[0m: this error originates in the macro `assert_eq` (in Nightly builds, run with -Z macro-backtrace for more info)
2026-01-08T08:20:19.8456743Z 
2026-01-08T08:20:20.4830067Z [1mSome errors have detailed explanations: E0277, E0308.[0m
2026-01-08T08:20:20.4834414Z [1mFor more information about an error, try `rustc --explain E0277`.[0m
2026-01-08T08:20:20.4922252Z [1m[91merror[0m: could not compile `velo` (lib test) due to 3 previous errors
2026-01-08T08:20:20.4923636Z [1m[33mwarning[0m: build failed, waiting for other jobs to finish...
2026-01-08T08:20:20.8268818Z ##[error]Process completed with exit code 101.
2026-01-08T08:20:20.8387026Z Post job cleanup.
2026-01-08T08:20:20.9348622Z [command]/usr/bin/git version
2026-01-08T08:20:20.9386347Z git version 2.52.0
2026-01-08T08:20:20.9431758Z Temporarily overriding HOME='/home/runner/work/_temp/a766a71b-dd76-4185-b00f-c4539cce0ac3' before making global git config changes
2026-01-08T08:20:20.9433178Z Adding repository directory to the temporary git global config as a safe directory
2026-01-08T08:20:20.9438711Z [command]/usr/bin/git config --global --add safe.directory /home/runner/work/velo/velo
2026-01-08T08:20:20.9484507Z [command]/usr/bin/git config --local --name-only --get-regexp core\.sshCommand
2026-01-08T08:20:20.9517991Z [command]/usr/bin/git submodule foreach --recursive sh -c "git config --local --name-only --get-regexp 'core\.sshCommand' && git config --local --unset-all 'core.sshCommand' || :"
2026-01-08T08:20:20.9753398Z [command]/usr/bin/git config --local --name-only --get-regexp http\.https\:\/\/github\.com\/\.extraheader
2026-01-08T08:20:20.9776002Z http.https://github.com/.extraheader
2026-01-08T08:20:20.9789679Z [command]/usr/bin/git config --local --unset-all http.https://github.com/.extraheader
2026-01-08T08:20:20.9821592Z [command]/usr/bin/git submodule foreach --recursive sh -c "git config --local --name-only --get-regexp 'http\.https\:\/\/github\.com\/\.extraheader' && git config --local --unset-all 'http.https://github.com/.extraheader' || :"
2026-01-08T08:20:21.0050551Z [command]/usr/bin/git config --local --name-only --get-regexp ^includeIf\.gitdir:
2026-01-08T08:20:21.0083825Z [command]/usr/bin/git submodule foreach --recursive git config --local --show-origin --name-only --get-regexp remote.origin.url
2026-01-08T08:20:21.0425700Z Cleaning up orphan processes
