2026-01-08T07:29:44.4107451Z Current runner version: '2.330.0'
2026-01-08T07:29:44.4132492Z ##[group]Runner Image Provisioner
2026-01-08T07:29:44.4133440Z Hosted Compute Agent
2026-01-08T07:29:44.4134000Z Version: 20251211.462
2026-01-08T07:29:44.4134679Z Commit: 6cbad8c2bb55d58165063d031ccabf57e2d2db61
2026-01-08T07:29:44.4135402Z Build Date: 2025-12-11T16:28:49Z
2026-01-08T07:29:44.4136042Z Worker ID: {10aca79e-5c1c-4a1e-af42-407193185e1e}
2026-01-08T07:29:44.4136784Z ##[endgroup]
2026-01-08T07:29:44.4137369Z ##[group]Operating System
2026-01-08T07:29:44.4137922Z Ubuntu
2026-01-08T07:29:44.4138475Z 24.04.3
2026-01-08T07:29:44.4138921Z LTS
2026-01-08T07:29:44.4139396Z ##[endgroup]
2026-01-08T07:29:44.4139898Z ##[group]Runner Image
2026-01-08T07:29:44.4140677Z Image: ubuntu-24.04
2026-01-08T07:29:44.4141169Z Version: 20251215.174.1
2026-01-08T07:29:44.4142255Z Included Software: https://github.com/actions/runner-images/blob/ubuntu24/20251215.174/images/ubuntu/Ubuntu2404-Readme.md
2026-01-08T07:29:44.4143823Z Image Release: https://github.com/actions/runner-images/releases/tag/ubuntu24%2F20251215.174
2026-01-08T07:29:44.4144899Z ##[endgroup]
2026-01-08T07:29:44.4145980Z ##[group]GITHUB_TOKEN Permissions
2026-01-08T07:29:44.4147978Z Contents: read
2026-01-08T07:29:44.4148658Z Metadata: read
2026-01-08T07:29:44.4149180Z Packages: read
2026-01-08T07:29:44.4149652Z ##[endgroup]
2026-01-08T07:29:44.4152200Z Secret source: Actions
2026-01-08T07:29:44.4152895Z Prepare workflow directory
2026-01-08T07:29:44.4548710Z Prepare all required actions
2026-01-08T07:29:44.4587673Z Getting action download info
2026-01-08T07:29:44.8873448Z Download action repository 'actions/checkout@v4' (SHA:34e114876b0b11c390a56381ad16ebd13914f8d5)
2026-01-08T07:29:44.9889505Z Download action repository 'swatinem/rust-cache@v2' (SHA:779680da715d629ac1d338a641029a2f4372abb5)
2026-01-08T07:29:45.6845073Z Complete job name: Clippy
2026-01-08T07:29:45.7529568Z ##[group]Run actions/checkout@v4
2026-01-08T07:29:45.7530682Z with:
2026-01-08T07:29:45.7531079Z   repository: velo-sh/velo
2026-01-08T07:29:45.7531741Z   token: ***
2026-01-08T07:29:45.7532104Z   ssh-strict: true
2026-01-08T07:29:45.7532484Z   ssh-user: git
2026-01-08T07:29:45.7532873Z   persist-credentials: true
2026-01-08T07:29:45.7533307Z   clean: true
2026-01-08T07:29:45.7533693Z   sparse-checkout-cone-mode: true
2026-01-08T07:29:45.7534151Z   fetch-depth: 1
2026-01-08T07:29:45.7534526Z   fetch-tags: false
2026-01-08T07:29:45.7534903Z   show-progress: true
2026-01-08T07:29:45.7535300Z   lfs: false
2026-01-08T07:29:45.7535654Z   submodules: false
2026-01-08T07:29:45.7536055Z   set-safe-directory: true
2026-01-08T07:29:45.7536721Z env:
2026-01-08T07:29:45.7537088Z   CARGO_TERM_COLOR: always
2026-01-08T07:29:45.7537520Z   UV_VERSION: 0.9
2026-01-08T07:29:45.7537913Z   VELO_ZYGOTE_SOCKET_TIMEOUT: 60
2026-01-08T07:29:45.7538378Z   VELO_ZYGOTE_WORKER_TIMEOUT: 60
2026-01-08T07:29:45.7538867Z   VELO_MAX_BUNDLE_SIZE: 50
2026-01-08T07:29:45.7539341Z   VELO_TIMEOUT_MULTIPLIER: 6
2026-01-08T07:29:45.7539765Z ##[endgroup]
2026-01-08T07:29:45.8615453Z Syncing repository: velo-sh/velo
2026-01-08T07:29:45.8617137Z ##[group]Getting Git version info
2026-01-08T07:29:45.8617746Z Working directory is '/home/runner/work/velo/velo'
2026-01-08T07:29:45.8618594Z [command]/usr/bin/git version
2026-01-08T07:29:45.8713074Z git version 2.52.0
2026-01-08T07:29:45.8739382Z ##[endgroup]
2026-01-08T07:29:45.8754394Z Temporarily overriding HOME='/home/runner/work/_temp/0583f106-1268-475d-b342-4b077a64f4d7' before making global git config changes
2026-01-08T07:29:45.8755748Z Adding repository directory to the temporary git global config as a safe directory
2026-01-08T07:29:45.8767363Z [command]/usr/bin/git config --global --add safe.directory /home/runner/work/velo/velo
2026-01-08T07:29:45.8809231Z Deleting the contents of '/home/runner/work/velo/velo'
2026-01-08T07:29:45.8813438Z ##[group]Initializing the repository
2026-01-08T07:29:45.8817552Z [command]/usr/bin/git init /home/runner/work/velo/velo
2026-01-08T07:29:45.8947255Z hint: Using 'master' as the name for the initial branch. This default branch name
2026-01-08T07:29:45.8949029Z hint: will change to "main" in Git 3.0. To configure the initial branch name
2026-01-08T07:29:45.8950579Z hint: to use in all of your new repositories, which will suppress this warning,
2026-01-08T07:29:45.8951601Z hint: call:
2026-01-08T07:29:45.8952051Z hint:
2026-01-08T07:29:45.8952873Z hint: 	git config --global init.defaultBranch <name>
2026-01-08T07:29:45.8953915Z hint:
2026-01-08T07:29:45.8954894Z hint: Names commonly chosen instead of 'master' are 'main', 'trunk' and
2026-01-08T07:29:45.8956513Z hint: 'development'. The just-created branch can be renamed via this command:
2026-01-08T07:29:45.8957809Z hint:
2026-01-08T07:29:45.8958488Z hint: 	git branch -m <name>
2026-01-08T07:29:45.8959270Z hint:
2026-01-08T07:29:45.8960560Z hint: Disable this message with "git config set advice.defaultBranchName false"
2026-01-08T07:29:45.8962191Z Initialized empty Git repository in /home/runner/work/velo/velo/.git/
2026-01-08T07:29:45.8965494Z [command]/usr/bin/git remote add origin https://github.com/velo-sh/velo
2026-01-08T07:29:45.9001518Z ##[endgroup]
2026-01-08T07:29:45.9002699Z ##[group]Disabling automatic garbage collection
2026-01-08T07:29:45.9006494Z [command]/usr/bin/git config --local gc.auto 0
2026-01-08T07:29:45.9036008Z ##[endgroup]
2026-01-08T07:29:45.9037187Z ##[group]Setting up auth
2026-01-08T07:29:45.9043872Z [command]/usr/bin/git config --local --name-only --get-regexp core\.sshCommand
2026-01-08T07:29:45.9075180Z [command]/usr/bin/git submodule foreach --recursive sh -c "git config --local --name-only --get-regexp 'core\.sshCommand' && git config --local --unset-all 'core.sshCommand' || :"
2026-01-08T07:29:45.9463315Z [command]/usr/bin/git config --local --name-only --get-regexp http\.https\:\/\/github\.com\/\.extraheader
2026-01-08T07:29:45.9497120Z [command]/usr/bin/git submodule foreach --recursive sh -c "git config --local --name-only --get-regexp 'http\.https\:\/\/github\.com\/\.extraheader' && git config --local --unset-all 'http.https://github.com/.extraheader' || :"
2026-01-08T07:29:45.9720784Z [command]/usr/bin/git config --local --name-only --get-regexp ^includeIf\.gitdir:
2026-01-08T07:29:45.9752822Z [command]/usr/bin/git submodule foreach --recursive git config --local --show-origin --name-only --get-regexp remote.origin.url
2026-01-08T07:29:45.9989809Z [command]/usr/bin/git config --local http.https://github.com/.extraheader AUTHORIZATION: basic ***
2026-01-08T07:29:46.0026904Z ##[endgroup]
2026-01-08T07:29:46.0028125Z ##[group]Fetching the repository
2026-01-08T07:29:46.0037413Z [command]/usr/bin/git -c protocol.version=2 fetch --no-tags --prune --no-recurse-submodules --depth=1 origin +a007030881c1acfa401549f0fda3b185f51981a0:refs/remotes/origin/phase-7.0/memory-gravity
2026-01-08T07:29:46.6178975Z From https://github.com/velo-sh/velo
2026-01-08T07:29:46.6180643Z  * [new ref]         a007030881c1acfa401549f0fda3b185f51981a0 -> origin/phase-7.0/memory-gravity
2026-01-08T07:29:46.6213170Z ##[endgroup]
2026-01-08T07:29:46.6214173Z ##[group]Determining the checkout info
2026-01-08T07:29:46.6215926Z ##[endgroup]
2026-01-08T07:29:46.6220690Z [command]/usr/bin/git sparse-checkout disable
2026-01-08T07:29:46.6261881Z [command]/usr/bin/git config --local --unset-all extensions.worktreeConfig
2026-01-08T07:29:46.6288085Z ##[group]Checking out the ref
2026-01-08T07:29:46.6293070Z [command]/usr/bin/git checkout --progress --force -B phase-7.0/memory-gravity refs/remotes/origin/phase-7.0/memory-gravity
2026-01-08T07:29:46.6856150Z Switched to a new branch 'phase-7.0/memory-gravity'
2026-01-08T07:29:46.6858292Z branch 'phase-7.0/memory-gravity' set up to track 'origin/phase-7.0/memory-gravity'.
2026-01-08T07:29:46.6865882Z ##[endgroup]
2026-01-08T07:29:46.6903899Z [command]/usr/bin/git log -1 --format=%H
2026-01-08T07:29:46.6926717Z a007030881c1acfa401549f0fda3b185f51981a0
2026-01-08T07:29:46.7134840Z ##[group]Run rustup show
2026-01-08T07:29:46.7135821Z [36;1mrustup show[0m
2026-01-08T07:29:46.7174291Z shell: /usr/bin/bash -e {0}
2026-01-08T07:29:46.7175429Z env:
2026-01-08T07:29:46.7176156Z   CARGO_TERM_COLOR: always
2026-01-08T07:29:46.7176960Z   UV_VERSION: 0.9
2026-01-08T07:29:46.7177721Z   VELO_ZYGOTE_SOCKET_TIMEOUT: 60
2026-01-08T07:29:46.7178570Z   VELO_ZYGOTE_WORKER_TIMEOUT: 60
2026-01-08T07:29:46.7179415Z   VELO_MAX_BUNDLE_SIZE: 50
2026-01-08T07:29:46.7180568Z   VELO_TIMEOUT_MULTIPLIER: 6
2026-01-08T07:29:46.7181418Z ##[endgroup]
2026-01-08T07:29:46.7992083Z Default host: x86_64-unknown-linux-gnu
2026-01-08T07:29:46.7993365Z rustup home:  /home/runner/.rustup
2026-01-08T07:29:46.7994319Z 
2026-01-08T07:29:46.8145590Z info: syncing channel updates for '1.92.0-x86_64-unknown-linux-gnu'
2026-01-08T07:29:46.9466122Z info: latest update on 2025-12-11, rust version 1.92.0 (ded5c06cf 2025-12-08)
2026-01-08T07:29:46.9467766Z info: downloading component 'cargo'
2026-01-08T07:29:46.9896155Z info: downloading component 'clippy'
2026-01-08T07:29:47.0211459Z info: downloading component 'llvm-tools'
2026-01-08T07:29:47.1503533Z info: downloading component 'rust-std'
2026-01-08T07:29:47.2768133Z info: downloading component 'rustc'
2026-01-08T07:29:47.5654897Z info: downloading component 'rustfmt'
2026-01-08T07:29:47.5831811Z info: installing component 'cargo'
2026-01-08T07:29:48.3080280Z info: installing component 'clippy'
2026-01-08T07:29:48.7027674Z info: installing component 'llvm-tools'
2026-01-08T07:29:51.0226033Z info: installing component 'rust-std'
2026-01-08T07:29:52.9307388Z info: installing component 'rustc'
2026-01-08T07:29:57.5482598Z info: installing component 'rustfmt'
2026-01-08T07:29:57.8852039Z installed toolchains
2026-01-08T07:29:57.8852684Z --------------------
2026-01-08T07:29:57.8853558Z stable-x86_64-unknown-linux-gnu (default)
2026-01-08T07:29:57.8854033Z 
2026-01-08T07:29:57.8854329Z active toolchain
2026-01-08T07:29:57.8854784Z ----------------
2026-01-08T07:29:57.8855369Z name: 1.92.0-x86_64-unknown-linux-gnu
2026-01-08T07:29:57.8856349Z active because: overridden by '/home/runner/work/velo/velo/rust-toolchain.toml'
2026-01-08T07:29:57.8857395Z installed targets:
2026-01-08T07:29:57.8858023Z   x86_64-unknown-linux-gnu
2026-01-08T07:29:57.8991182Z ##[group]Run swatinem/rust-cache@v2
2026-01-08T07:29:57.8991638Z with:
2026-01-08T07:29:57.8991984Z   prefix-key: v0-rust
2026-01-08T07:29:57.8992231Z   add-job-id-key: true
2026-01-08T07:29:57.8992498Z   add-rust-environment-hash-key: true
2026-01-08T07:29:57.8992783Z   cache-targets: true
2026-01-08T07:29:57.8993011Z   cache-all-crates: false
2026-01-08T07:29:57.8993266Z   cache-workspace-crates: false
2026-01-08T07:29:57.8993518Z   save-if: true
2026-01-08T07:29:57.8993737Z   cache-provider: github
2026-01-08T07:29:57.8993976Z   cache-bin: true
2026-01-08T07:29:57.8994206Z   lookup-only: false
2026-01-08T07:29:57.8994420Z env:
2026-01-08T07:29:57.8994623Z   CARGO_TERM_COLOR: always
2026-01-08T07:29:57.8994874Z   UV_VERSION: 0.9
2026-01-08T07:29:57.8995104Z   VELO_ZYGOTE_SOCKET_TIMEOUT: 60
2026-01-08T07:29:57.8995391Z   VELO_ZYGOTE_WORKER_TIMEOUT: 60
2026-01-08T07:29:57.8995661Z   VELO_MAX_BUNDLE_SIZE: 50
2026-01-08T07:29:57.8995904Z   VELO_TIMEOUT_MULTIPLIER: 6
2026-01-08T07:29:57.8996185Z ##[endgroup]
2026-01-08T07:29:58.4385049Z ##[group]Cache Configuration
2026-01-08T07:29:58.4385538Z Cache Provider:
2026-01-08T07:29:58.4385869Z     github
2026-01-08T07:29:58.4386170Z Workspaces:
2026-01-08T07:29:58.4386511Z     /home/runner/work/velo/velo
2026-01-08T07:29:58.4386903Z Cache Paths:
2026-01-08T07:29:58.4387220Z     /home/runner/.cargo/bin
2026-01-08T07:29:58.4387633Z     /home/runner/.cargo/.crates.toml
2026-01-08T07:29:58.4388091Z     /home/runner/.cargo/.crates2.json
2026-01-08T07:29:58.4388562Z     /home/runner/.cargo/registry
2026-01-08T07:29:58.4388976Z     /home/runner/.cargo/git
2026-01-08T07:29:58.4389382Z     /home/runner/work/velo/velo/target
2026-01-08T07:29:58.4389810Z Restore Key:
2026-01-08T07:29:58.4390367Z     v0-rust-clippy-Linux-x64-becefc2f
2026-01-08T07:29:58.4390785Z Cache Key:
2026-01-08T07:29:58.4391183Z     v0-rust-clippy-Linux-x64-becefc2f-8b45c72d
2026-01-08T07:29:58.4392250Z .. Prefix:
2026-01-08T07:29:58.4392617Z   - v0-rust-clippy-Linux-x64
2026-01-08T07:29:58.4393015Z .. Environment considered:
2026-01-08T07:29:58.4393663Z   - Rust Version: 1.92.0 x86_64-unknown-linux-gnu (ded5c06cf21d2b93bffd5d884aa6e96934ee4234)
2026-01-08T07:29:58.4394418Z   - CARGO_INCREMENTAL
2026-01-08T07:29:58.4394849Z   - CARGO_TERM_COLOR
2026-01-08T07:29:58.4395201Z .. Lockfiles considered:
2026-01-08T07:29:58.4395629Z   - /home/runner/work/velo/velo/.cargo/config.toml
2026-01-08T07:29:58.4396169Z   - /home/runner/work/velo/velo/Cargo.lock
2026-01-08T07:29:58.4396655Z   - /home/runner/work/velo/velo/Cargo.toml
2026-01-08T07:29:58.4397171Z   - /home/runner/work/velo/velo/rust-toolchain.toml
2026-01-08T07:29:58.4398005Z ##[endgroup]
2026-01-08T07:29:58.4398194Z 
2026-01-08T07:29:58.4398341Z ... Restoring cache ...
2026-01-08T07:29:58.6995452Z Cache hit for: v0-rust-clippy-Linux-x64-becefc2f-8b45c72d
2026-01-08T07:29:59.9995653Z Received 0 of 177551848 (0.0%), 0.0 MBs/sec
2026-01-08T07:30:01.0026218Z Received 125829120 of 177551848 (70.9%), 60.0 MBs/sec
2026-01-08T07:30:01.5289514Z Received 177551848 of 177551848 (100.0%), 67.0 MBs/sec
2026-01-08T07:30:01.5291390Z Cache Size: ~169 MB (177551848 B)
2026-01-08T07:30:01.5449453Z [command]/usr/bin/tar -xf /home/runner/work/_temp/d13443f9-2d1d-4f41-abb4-73179b61b8cd/cache.tzst -P -C /home/runner/work/velo/velo --use-compress-program unzstd
2026-01-08T07:30:02.5019026Z Cache restored successfully
2026-01-08T07:30:02.5357449Z Restored from cache key "v0-rust-clippy-Linux-x64-becefc2f-8b45c72d" full match: true.
2026-01-08T07:30:02.5561380Z ##[group]Run cargo clippy --all-targets --all-features -- -D warnings
2026-01-08T07:30:02.5561919Z [36;1mcargo clippy --all-targets --all-features -- -D warnings[0m
2026-01-08T07:30:02.5595695Z shell: /usr/bin/bash -e {0}
2026-01-08T07:30:02.5595928Z env:
2026-01-08T07:30:02.5596102Z   CARGO_TERM_COLOR: always
2026-01-08T07:30:02.5596311Z   UV_VERSION: 0.9
2026-01-08T07:30:02.5596502Z   VELO_ZYGOTE_SOCKET_TIMEOUT: 60
2026-01-08T07:30:02.5596736Z   VELO_ZYGOTE_WORKER_TIMEOUT: 60
2026-01-08T07:30:02.5596952Z   VELO_MAX_BUNDLE_SIZE: 50
2026-01-08T07:30:02.5597163Z   VELO_TIMEOUT_MULTIPLIER: 6
2026-01-08T07:30:02.5597371Z   CACHE_ON_FAILURE: false
2026-01-08T07:30:02.5597574Z   CARGO_INCREMENTAL: 0
2026-01-08T07:30:02.5597765Z ##[endgroup]
2026-01-08T07:30:02.7708747Z [1m[92m    Updating[0m crates.io index
2026-01-08T07:30:03.6546660Z [1m[92m   Compiling[0m velo v0.1.0 (/home/runner/work/velo/velo)
2026-01-08T07:30:06.1089221Z [1m[91merror[0m[1m: manual implementation of `.is_multiple_of()`[0m
2026-01-08T07:30:06.1090267Z    [1m[94m--> [0msrc/shm/tests_titanium.rs:106:23
2026-01-08T07:30:06.1090802Z     [1m[94m|[0m
2026-01-08T07:30:06.1091519Z [1m[94m106[0m [1m[94m|[0m             } else if size % page_size == 0 && size < EXPECTED_HUGE_PAGE_SIZE {
2026-01-08T07:30:06.1092751Z     [1m[94m|[0m                       [1m[91m^^^^^^^^^^^^^^^^^^^^^[0m [1m[91mhelp: replace with: `size.is_multiple_of(page_size)`[0m
2026-01-08T07:30:06.1093452Z     [1m[94m|[0m
2026-01-08T07:30:06.1094497Z     [1m[94m= [0m[1mhelp[0m: for further information visit https://rust-lang.github.io/rust-clippy/rust-1.92.0/index.html#manual_is_multiple_of
2026-01-08T07:30:06.1100663Z     [1m[94m= [0m[1mnote[0m: `-D clippy::manual-is-multiple-of` implied by `-D warnings`
2026-01-08T07:30:06.1101860Z     [1m[94m= [0m[1mhelp[0m: to override `-D warnings` add `#[allow(clippy::manual_is_multiple_of)]`
2026-01-08T07:30:06.1102414Z 
2026-01-08T07:30:06.2929349Z [1m[91merror[0m: could not compile `velo` (lib test) due to 1 previous error
2026-01-08T07:30:06.3127587Z ##[error]Process completed with exit code 101.
2026-01-08T07:30:06.3249877Z Post job cleanup.
2026-01-08T07:30:06.4196940Z [command]/usr/bin/git version
2026-01-08T07:30:06.4233392Z git version 2.52.0
2026-01-08T07:30:06.4276037Z Temporarily overriding HOME='/home/runner/work/_temp/17a54157-774e-49d4-8e1c-5cd3c9a2a026' before making global git config changes
2026-01-08T07:30:06.4277209Z Adding repository directory to the temporary git global config as a safe directory
2026-01-08T07:30:06.4282081Z [command]/usr/bin/git config --global --add safe.directory /home/runner/work/velo/velo
2026-01-08T07:30:06.4319712Z [command]/usr/bin/git config --local --name-only --get-regexp core\.sshCommand
2026-01-08T07:30:06.4353473Z [command]/usr/bin/git submodule foreach --recursive sh -c "git config --local --name-only --get-regexp 'core\.sshCommand' && git config --local --unset-all 'core.sshCommand' || :"
2026-01-08T07:30:06.4588031Z [command]/usr/bin/git config --local --name-only --get-regexp http\.https\:\/\/github\.com\/\.extraheader
2026-01-08T07:30:06.4610277Z http.https://github.com/.extraheader
2026-01-08T07:30:06.4623609Z [command]/usr/bin/git config --local --unset-all http.https://github.com/.extraheader
2026-01-08T07:30:06.4656607Z [command]/usr/bin/git submodule foreach --recursive sh -c "git config --local --name-only --get-regexp 'http\.https\:\/\/github\.com\/\.extraheader' && git config --local --unset-all 'http.https://github.com/.extraheader' || :"
2026-01-08T07:30:06.4891683Z [command]/usr/bin/git config --local --name-only --get-regexp ^includeIf\.gitdir:
2026-01-08T07:30:06.4924478Z [command]/usr/bin/git submodule foreach --recursive git config --local --show-origin --name-only --get-regexp remote.origin.url
2026-01-08T07:30:06.5258972Z Cleaning up orphan processes
