2026-01-08T07:29:44.4679181Z Current runner version: '2.330.0'
2026-01-08T07:29:44.4701767Z ##[group]Runner Image Provisioner
2026-01-08T07:29:44.4702566Z Hosted Compute Agent
2026-01-08T07:29:44.4703142Z Version: 20251211.462
2026-01-08T07:29:44.4703757Z Commit: 6cbad8c2bb55d58165063d031ccabf57e2d2db61
2026-01-08T07:29:44.4704431Z Build Date: 2025-12-11T16:28:49Z
2026-01-08T07:29:44.4705108Z Worker ID: {392ada0c-4821-490b-bd95-49446610329e}
2026-01-08T07:29:44.4705784Z ##[endgroup]
2026-01-08T07:29:44.4706305Z ##[group]Operating System
2026-01-08T07:29:44.4706889Z Ubuntu
2026-01-08T07:29:44.4707327Z 24.04.3
2026-01-08T07:29:44.4708113Z LTS
2026-01-08T07:29:44.4708539Z ##[endgroup]
2026-01-08T07:29:44.4709131Z ##[group]Runner Image
2026-01-08T07:29:44.4709627Z Image: ubuntu-24.04
2026-01-08T07:29:44.4710111Z Version: 20260105.202.1
2026-01-08T07:29:44.4711191Z Included Software: https://github.com/actions/runner-images/blob/ubuntu24/20260105.202/images/ubuntu/Ubuntu2404-Readme.md
2026-01-08T07:29:44.4712682Z Image Release: https://github.com/actions/runner-images/releases/tag/ubuntu24%2F20260105.202
2026-01-08T07:29:44.4713727Z ##[endgroup]
2026-01-08T07:29:44.4714755Z ##[group]GITHUB_TOKEN Permissions
2026-01-08T07:29:44.4716578Z Contents: read
2026-01-08T07:29:44.4717122Z Metadata: read
2026-01-08T07:29:44.4717754Z Packages: read
2026-01-08T07:29:44.4718364Z ##[endgroup]
2026-01-08T07:29:44.4720587Z Secret source: Actions
2026-01-08T07:29:44.4721287Z Prepare workflow directory
2026-01-08T07:29:44.5111650Z Prepare all required actions
2026-01-08T07:29:44.5148513Z Getting action download info
2026-01-08T07:29:44.9386272Z Download action repository 'actions/checkout@v4' (SHA:34e114876b0b11c390a56381ad16ebd13914f8d5)
2026-01-08T07:29:45.0440645Z Download action repository 'taiki-e/install-action@cargo-llvm-cov' (SHA:b49dc1819121df87df6401c0b57c45b76da49937)
2026-01-08T07:29:45.6764428Z Download action repository 'taiki-e/install-action@nextest' (SHA:636f7838fe5dae94c1b6aa8cefac6b184343fb7f)
2026-01-08T07:29:46.2042938Z Download action repository 'codecov/codecov-action@v4' (SHA:b9fd7d16f6d7d1b5d2bec1a2887e65ceed900238)
2026-01-08T07:29:46.8174641Z Complete job name: Code Coverage
2026-01-08T07:29:46.8845533Z ##[group]Run actions/checkout@v4
2026-01-08T07:29:46.8846228Z with:
2026-01-08T07:29:46.8846536Z   repository: velo-sh/velo
2026-01-08T07:29:46.8847014Z   token: ***
2026-01-08T07:29:46.8847306Z   ssh-strict: true
2026-01-08T07:29:46.8847769Z   ssh-user: git
2026-01-08T07:29:46.8848074Z   persist-credentials: true
2026-01-08T07:29:46.8848401Z   clean: true
2026-01-08T07:29:46.8848703Z   sparse-checkout-cone-mode: true
2026-01-08T07:29:46.8849053Z   fetch-depth: 1
2026-01-08T07:29:46.8849332Z   fetch-tags: false
2026-01-08T07:29:46.8849623Z   show-progress: true
2026-01-08T07:29:46.8849916Z   lfs: false
2026-01-08T07:29:46.8850195Z   submodules: false
2026-01-08T07:29:46.8850492Z   set-safe-directory: true
2026-01-08T07:29:46.8851046Z env:
2026-01-08T07:29:46.8851338Z   CARGO_TERM_COLOR: always
2026-01-08T07:29:46.8851661Z   UV_VERSION: 0.9
2026-01-08T07:29:46.8851987Z   VELO_ZYGOTE_SOCKET_TIMEOUT: 60
2026-01-08T07:29:46.8852328Z   VELO_ZYGOTE_WORKER_TIMEOUT: 60
2026-01-08T07:29:46.8852692Z   VELO_MAX_BUNDLE_SIZE: 50
2026-01-08T07:29:46.8853020Z   VELO_TIMEOUT_MULTIPLIER: 6
2026-01-08T07:29:46.8853329Z ##[endgroup]
2026-01-08T07:29:46.9909557Z Syncing repository: velo-sh/velo
2026-01-08T07:29:46.9911172Z ##[group]Getting Git version info
2026-01-08T07:29:46.9911835Z Working directory is '/home/runner/work/velo/velo'
2026-01-08T07:29:46.9912511Z [command]/usr/bin/git version
2026-01-08T07:29:46.9985990Z git version 2.52.0
2026-01-08T07:29:47.0011812Z ##[endgroup]
2026-01-08T07:29:47.0025213Z Temporarily overriding HOME='/home/runner/work/_temp/f3caae89-d4eb-4bb6-bb78-fbd9b47236dd' before making global git config changes
2026-01-08T07:29:47.0026221Z Adding repository directory to the temporary git global config as a safe directory
2026-01-08T07:29:47.0037523Z [command]/usr/bin/git config --global --add safe.directory /home/runner/work/velo/velo
2026-01-08T07:29:47.0074484Z Deleting the contents of '/home/runner/work/velo/velo'
2026-01-08T07:29:47.0078273Z ##[group]Initializing the repository
2026-01-08T07:29:47.0082307Z [command]/usr/bin/git init /home/runner/work/velo/velo
2026-01-08T07:29:47.0214569Z hint: Using 'master' as the name for the initial branch. This default branch name
2026-01-08T07:29:47.0215885Z hint: will change to "main" in Git 3.0. To configure the initial branch name
2026-01-08T07:29:47.0216629Z hint: to use in all of your new repositories, which will suppress this warning,
2026-01-08T07:29:47.0217175Z hint: call:
2026-01-08T07:29:47.0217809Z hint:
2026-01-08T07:29:47.0218519Z hint: 	git config --global init.defaultBranch <name>
2026-01-08T07:29:47.0219132Z hint:
2026-01-08T07:29:47.0219595Z hint: Names commonly chosen instead of 'master' are 'main', 'trunk' and
2026-01-08T07:29:47.0220789Z hint: 'development'. The just-created branch can be renamed via this command:
2026-01-08T07:29:47.0221807Z hint:
2026-01-08T07:29:47.0222402Z hint: 	git branch -m <name>
2026-01-08T07:29:47.0223078Z hint:
2026-01-08T07:29:47.0223997Z hint: Disable this message with "git config set advice.defaultBranchName false"
2026-01-08T07:29:47.0225292Z Initialized empty Git repository in /home/runner/work/velo/velo/.git/
2026-01-08T07:29:47.0232455Z [command]/usr/bin/git remote add origin https://github.com/velo-sh/velo
2026-01-08T07:29:47.0265598Z ##[endgroup]
2026-01-08T07:29:47.0266478Z ##[group]Disabling automatic garbage collection
2026-01-08T07:29:47.0270827Z [command]/usr/bin/git config --local gc.auto 0
2026-01-08T07:29:47.0298288Z ##[endgroup]
2026-01-08T07:29:47.0299218Z ##[group]Setting up auth
2026-01-08T07:29:47.0305773Z [command]/usr/bin/git config --local --name-only --get-regexp core\.sshCommand
2026-01-08T07:29:47.0336593Z [command]/usr/bin/git submodule foreach --recursive sh -c "git config --local --name-only --get-regexp 'core\.sshCommand' && git config --local --unset-all 'core.sshCommand' || :"
2026-01-08T07:29:47.0715831Z [command]/usr/bin/git config --local --name-only --get-regexp http\.https\:\/\/github\.com\/\.extraheader
2026-01-08T07:29:47.0746816Z [command]/usr/bin/git submodule foreach --recursive sh -c "git config --local --name-only --get-regexp 'http\.https\:\/\/github\.com\/\.extraheader' && git config --local --unset-all 'http.https://github.com/.extraheader' || :"
2026-01-08T07:29:47.0961993Z [command]/usr/bin/git config --local --name-only --get-regexp ^includeIf\.gitdir:
2026-01-08T07:29:47.0992349Z [command]/usr/bin/git submodule foreach --recursive git config --local --show-origin --name-only --get-regexp remote.origin.url
2026-01-08T07:29:47.1220214Z [command]/usr/bin/git config --local http.https://github.com/.extraheader AUTHORIZATION: basic ***
2026-01-08T07:29:47.1253862Z ##[endgroup]
2026-01-08T07:29:47.1261609Z ##[group]Fetching the repository
2026-01-08T07:29:47.1262601Z [command]/usr/bin/git -c protocol.version=2 fetch --no-tags --prune --no-recurse-submodules --depth=1 origin +a007030881c1acfa401549f0fda3b185f51981a0:refs/remotes/origin/phase-7.0/memory-gravity
2026-01-08T07:29:47.7293164Z From https://github.com/velo-sh/velo
2026-01-08T07:29:47.7294131Z  * [new ref]         a007030881c1acfa401549f0fda3b185f51981a0 -> origin/phase-7.0/memory-gravity
2026-01-08T07:29:47.7326985Z ##[endgroup]
2026-01-08T07:29:47.7327680Z ##[group]Determining the checkout info
2026-01-08T07:29:47.7329970Z ##[endgroup]
2026-01-08T07:29:47.7335802Z [command]/usr/bin/git sparse-checkout disable
2026-01-08T07:29:47.7380737Z [command]/usr/bin/git config --local --unset-all extensions.worktreeConfig
2026-01-08T07:29:47.7408241Z ##[group]Checking out the ref
2026-01-08T07:29:47.7413928Z [command]/usr/bin/git checkout --progress --force -B phase-7.0/memory-gravity refs/remotes/origin/phase-7.0/memory-gravity
2026-01-08T07:29:47.7979870Z Switched to a new branch 'phase-7.0/memory-gravity'
2026-01-08T07:29:47.7981458Z branch 'phase-7.0/memory-gravity' set up to track 'origin/phase-7.0/memory-gravity'.
2026-01-08T07:29:47.7989698Z ##[endgroup]
2026-01-08T07:29:47.8026827Z [command]/usr/bin/git log -1 --format=%H
2026-01-08T07:29:47.8049410Z a007030881c1acfa401549f0fda3b185f51981a0
2026-01-08T07:29:47.8222971Z ##[group]Run rustup show
2026-01-08T07:29:47.8223348Z [36;1mrustup show[0m
2026-01-08T07:29:47.8258400Z shell: /usr/bin/bash -e {0}
2026-01-08T07:29:47.8258690Z env:
2026-01-08T07:29:47.8258898Z   CARGO_TERM_COLOR: always
2026-01-08T07:29:47.8259149Z   UV_VERSION: 0.9
2026-01-08T07:29:47.8259378Z   VELO_ZYGOTE_SOCKET_TIMEOUT: 60
2026-01-08T07:29:47.8259637Z   VELO_ZYGOTE_WORKER_TIMEOUT: 60
2026-01-08T07:29:47.8259894Z   VELO_MAX_BUNDLE_SIZE: 50
2026-01-08T07:29:47.8260140Z   VELO_TIMEOUT_MULTIPLIER: 6
2026-01-08T07:29:47.8260388Z ##[endgroup]
2026-01-08T07:29:47.9020749Z Default host: x86_64-unknown-linux-gnu
2026-01-08T07:29:47.9021359Z rustup home:  /home/runner/.rustup
2026-01-08T07:29:47.9021605Z 
2026-01-08T07:29:47.9101292Z info: syncing channel updates for '1.92.0-x86_64-unknown-linux-gnu'
2026-01-08T07:29:48.0488554Z info: latest update on 2025-12-11, rust version 1.92.0 (ded5c06cf 2025-12-08)
2026-01-08T07:29:48.0489107Z info: downloading component 'cargo'
2026-01-08T07:29:48.0994691Z info: downloading component 'clippy'
2026-01-08T07:29:48.1232865Z info: downloading component 'llvm-tools'
2026-01-08T07:29:48.2505908Z info: downloading component 'rust-std'
2026-01-08T07:29:48.3624919Z info: downloading component 'rustc'
2026-01-08T07:29:48.6178095Z info: downloading component 'rustfmt'
2026-01-08T07:29:48.6364429Z info: installing component 'cargo'
2026-01-08T07:29:49.3417270Z info: installing component 'clippy'
2026-01-08T07:29:49.7165918Z info: installing component 'llvm-tools'
2026-01-08T07:29:51.9820311Z info: installing component 'rust-std'
2026-01-08T07:29:53.8994475Z info: installing component 'rustc'
2026-01-08T07:29:58.4500645Z info: installing component 'rustfmt'
2026-01-08T07:29:58.7794873Z installed toolchains
2026-01-08T07:29:58.7795474Z --------------------
2026-01-08T07:29:58.7795823Z stable-x86_64-unknown-linux-gnu (default)
2026-01-08T07:29:58.7796416Z 
2026-01-08T07:29:58.7796544Z active toolchain
2026-01-08T07:29:58.7796831Z ----------------
2026-01-08T07:29:58.7797231Z name: 1.92.0-x86_64-unknown-linux-gnu
2026-01-08T07:29:58.7798078Z active because: overridden by '/home/runner/work/velo/velo/rust-toolchain.toml'
2026-01-08T07:29:58.7798492Z installed targets:
2026-01-08T07:29:58.7798733Z   x86_64-unknown-linux-gnu
2026-01-08T07:29:58.7979114Z ##[group]Run taiki-e/install-action@cargo-llvm-cov
2026-01-08T07:29:58.7979445Z with:
2026-01-08T07:29:58.7979626Z   tool: cargo-llvm-cov
2026-01-08T07:29:58.7979816Z   checksum: true
2026-01-08T07:29:58.7980005Z   fallback: cargo-binstall
2026-01-08T07:29:58.7980206Z env:
2026-01-08T07:29:58.7980380Z   CARGO_TERM_COLOR: always
2026-01-08T07:29:58.7980583Z   UV_VERSION: 0.9
2026-01-08T07:29:58.7980769Z   VELO_ZYGOTE_SOCKET_TIMEOUT: 60
2026-01-08T07:29:58.7980995Z   VELO_ZYGOTE_WORKER_TIMEOUT: 60
2026-01-08T07:29:58.7981205Z   VELO_MAX_BUNDLE_SIZE: 50
2026-01-08T07:29:58.7981413Z   VELO_TIMEOUT_MULTIPLIER: 6
2026-01-08T07:29:58.7981630Z ##[endgroup]
2026-01-08T07:29:58.8065697Z ##[group]Run set -eu
2026-01-08T07:29:58.8065981Z [36;1mset -eu[0m
2026-01-08T07:29:58.8066226Z [36;1mif ! command -v bash >/dev/null; then[0m
2026-01-08T07:29:58.8066572Z [36;1m  if grep -Eq '^ID=alpine' /etc/os-release; then[0m
2026-01-08T07:29:58.8067020Z [36;1m    printf '::group::Install packages required for install-action (bash)\n'[0m
2026-01-08T07:29:58.8067566Z [36;1m    # NB: sync with apk_install in main.sh[0m
2026-01-08T07:29:58.8067868Z [36;1m    if command -v sudo >/dev/null; then[0m
2026-01-08T07:29:58.8068145Z [36;1m      sudo apk --no-cache add bash[0m
2026-01-08T07:29:58.8068427Z [36;1m    elif command -v doas >/dev/null; then[0m
2026-01-08T07:29:58.8068698Z [36;1m      doas apk --no-cache add bash[0m
2026-01-08T07:29:58.8068943Z [36;1m    else[0m
2026-01-08T07:29:58.8069138Z [36;1m      apk --no-cache add bash[0m
2026-01-08T07:29:58.8069368Z [36;1m    fi[0m
2026-01-08T07:29:58.8069743Z [36;1m    printf '::endgroup::\n'[0m
2026-01-08T07:29:58.8069967Z [36;1m  else[0m
2026-01-08T07:29:58.8070201Z [36;1m    printf '::error::install-action requires bash\n'[0m
2026-01-08T07:29:58.8070486Z [36;1m    exit 1[0m
2026-01-08T07:29:58.8070664Z [36;1m  fi[0m
2026-01-08T07:29:58.8070823Z [36;1mfi[0m
2026-01-08T07:29:58.8257198Z shell: /usr/bin/sh -e {0}
2026-01-08T07:29:58.8257670Z env:
2026-01-08T07:29:58.8257867Z   CARGO_TERM_COLOR: always
2026-01-08T07:29:58.8258099Z   UV_VERSION: 0.9
2026-01-08T07:29:58.8258313Z   VELO_ZYGOTE_SOCKET_TIMEOUT: 60
2026-01-08T07:29:58.8258572Z   VELO_ZYGOTE_WORKER_TIMEOUT: 60
2026-01-08T07:29:58.8258812Z   VELO_MAX_BUNDLE_SIZE: 50
2026-01-08T07:29:58.8259047Z   VELO_TIMEOUT_MULTIPLIER: 6
2026-01-08T07:29:58.8259294Z ##[endgroup]
2026-01-08T07:29:58.8371111Z ##[group]Run bash --noprofile --norc "${GITHUB_ACTION_PATH:?}/main.sh"
2026-01-08T07:29:58.8371543Z [36;1mbash --noprofile --norc "${GITHUB_ACTION_PATH:?}/main.sh"[0m
2026-01-08T07:29:58.8399807Z shell: /usr/bin/bash --noprofile --norc -e -o pipefail {0}
2026-01-08T07:29:58.8400146Z env:
2026-01-08T07:29:58.8400321Z   CARGO_TERM_COLOR: always
2026-01-08T07:29:58.8400524Z   UV_VERSION: 0.9
2026-01-08T07:29:58.8400714Z   VELO_ZYGOTE_SOCKET_TIMEOUT: 60
2026-01-08T07:29:58.8400935Z   VELO_ZYGOTE_WORKER_TIMEOUT: 60
2026-01-08T07:29:58.8401154Z   VELO_MAX_BUNDLE_SIZE: 50
2026-01-08T07:29:58.8401367Z   VELO_TIMEOUT_MULTIPLIER: 6
2026-01-08T07:29:58.8401599Z   INPUT_TOOL: cargo-llvm-cov
2026-01-08T07:29:58.8401815Z   INPUT_CHECKSUM: true
2026-01-08T07:29:58.8402016Z   INPUT_FALLBACK: cargo-binstall
2026-01-08T07:29:58.8402489Z   DEFAULT_GITHUB_TOKEN: ***
2026-01-08T07:29:58.8402768Z   ACTION_USER_AGENT: taiki-e/install-action (cargo-llvm-cov)
2026-01-08T07:29:58.8403069Z ##[endgroup]
2026-01-08T07:29:58.8616643Z info: host platform: x86_64_linux
2026-01-08T07:29:58.8802162Z info: installing cargo-llvm-cov@latest
2026-01-08T07:29:58.8988414Z info: downloading https://github.com/taiki-e/cargo-llvm-cov/releases/download/v0.6.23/cargo-llvm-cov-x86_64-unknown-linux-musl.tar.gz
2026-01-08T07:29:59.0216377Z info: verifying sha256 checksum for cargo-llvm-cov-x86_64-unknown-linux-musl.tar.gz
2026-01-08T07:29:59.0676555Z info: cargo-llvm-cov installed at /home/runner/.cargo/bin/cargo-llvm-cov
2026-01-08T07:29:59.0680266Z + cargo-llvm-cov llvm-cov --version
2026-01-08T07:29:59.0686082Z cargo-llvm-cov 0.6.23
2026-01-08T07:29:59.0687977Z 
2026-01-08T07:29:59.0762443Z ##[group]Run taiki-e/install-action@nextest
2026-01-08T07:29:59.0762734Z with:
2026-01-08T07:29:59.0762896Z   tool: nextest
2026-01-08T07:29:59.0763077Z   checksum: true
2026-01-08T07:29:59.0763261Z   fallback: cargo-binstall
2026-01-08T07:29:59.0763465Z env:
2026-01-08T07:29:59.0763621Z   CARGO_TERM_COLOR: always
2026-01-08T07:29:59.0763820Z   UV_VERSION: 0.9
2026-01-08T07:29:59.0764004Z   VELO_ZYGOTE_SOCKET_TIMEOUT: 60
2026-01-08T07:29:59.0764231Z   VELO_ZYGOTE_WORKER_TIMEOUT: 60
2026-01-08T07:29:59.0764439Z   VELO_MAX_BUNDLE_SIZE: 50
2026-01-08T07:29:59.0764659Z   VELO_TIMEOUT_MULTIPLIER: 6
2026-01-08T07:29:59.0764861Z ##[endgroup]
2026-01-08T07:29:59.0780560Z ##[group]Run set -eu
2026-01-08T07:29:59.0780794Z [36;1mset -eu[0m
2026-01-08T07:29:59.0781008Z [36;1mif ! command -v bash >/dev/null; then[0m
2026-01-08T07:29:59.0781315Z [36;1m  if grep -Eq '^ID=alpine' /etc/os-release; then[0m
2026-01-08T07:29:59.0781761Z [36;1m    printf '::group::Install packages required for install-action (bash)\n'[0m
2026-01-08T07:29:59.0782159Z [36;1m    # NB: sync with apk_install in main.sh[0m
2026-01-08T07:29:59.0782444Z [36;1m    if command -v sudo >/dev/null; then[0m
2026-01-08T07:29:59.0782718Z [36;1m      sudo apk --no-cache add bash[0m
2026-01-08T07:29:59.0782992Z [36;1m    elif command -v doas >/dev/null; then[0m
2026-01-08T07:29:59.0783257Z [36;1m      doas apk --no-cache add bash[0m
2026-01-08T07:29:59.0783493Z [36;1m    else[0m
2026-01-08T07:29:59.0783683Z [36;1m      apk --no-cache add bash[0m
2026-01-08T07:29:59.0783905Z [36;1m    fi[0m
2026-01-08T07:29:59.0784252Z [36;1m    printf '::endgroup::\n'[0m
2026-01-08T07:29:59.0784472Z [36;1m  else[0m
2026-01-08T07:29:59.0784701Z [36;1m    printf '::error::install-action requires bash\n'[0m
2026-01-08T07:29:59.0784976Z [36;1m    exit 1[0m
2026-01-08T07:29:59.0785152Z [36;1m  fi[0m
2026-01-08T07:29:59.0785309Z [36;1mfi[0m
2026-01-08T07:29:59.0836153Z shell: /usr/bin/sh -e {0}
2026-01-08T07:29:59.0836382Z env:
2026-01-08T07:29:59.0836549Z   CARGO_TERM_COLOR: always
2026-01-08T07:29:59.0836757Z   UV_VERSION: 0.9
2026-01-08T07:29:59.0836940Z   VELO_ZYGOTE_SOCKET_TIMEOUT: 60
2026-01-08T07:29:59.0837163Z   VELO_ZYGOTE_WORKER_TIMEOUT: 60
2026-01-08T07:29:59.0837516Z   VELO_MAX_BUNDLE_SIZE: 50
2026-01-08T07:29:59.0837730Z   VELO_TIMEOUT_MULTIPLIER: 6
2026-01-08T07:29:59.0837928Z ##[endgroup]
2026-01-08T07:29:59.0917299Z ##[group]Run bash --noprofile --norc "${GITHUB_ACTION_PATH:?}/main.sh"
2026-01-08T07:29:59.0917957Z [36;1mbash --noprofile --norc "${GITHUB_ACTION_PATH:?}/main.sh"[0m
2026-01-08T07:29:59.0946493Z shell: /usr/bin/bash --noprofile --norc -e -o pipefail {0}
2026-01-08T07:29:59.0946801Z env:
2026-01-08T07:29:59.0946974Z   CARGO_TERM_COLOR: always
2026-01-08T07:29:59.0947171Z   UV_VERSION: 0.9
2026-01-08T07:29:59.0947561Z   VELO_ZYGOTE_SOCKET_TIMEOUT: 60
2026-01-08T07:29:59.0947804Z   VELO_ZYGOTE_WORKER_TIMEOUT: 60
2026-01-08T07:29:59.0948024Z   VELO_MAX_BUNDLE_SIZE: 50
2026-01-08T07:29:59.0948233Z   VELO_TIMEOUT_MULTIPLIER: 6
2026-01-08T07:29:59.0948443Z   INPUT_TOOL: nextest
2026-01-08T07:29:59.0948624Z   INPUT_CHECKSUM: true
2026-01-08T07:29:59.0948823Z   INPUT_FALLBACK: cargo-binstall
2026-01-08T07:29:59.0949248Z   DEFAULT_GITHUB_TOKEN: ***
2026-01-08T07:29:59.0949504Z   ACTION_USER_AGENT: taiki-e/install-action (nextest)
2026-01-08T07:29:59.0949776Z ##[endgroup]
2026-01-08T07:29:59.1155722Z info: host platform: x86_64_linux
2026-01-08T07:29:59.2966242Z * Host crates.io:443 was resolved.
2026-01-08T07:29:59.2967837Z * IPv6: 2600:9000:25ef:4a00:c:7ed3:240:93a1, 2600:9000:25ef:2a00:c:7ed3:240:93a1, 2600:9000:25ef:7e00:c:7ed3:240:93a1, 2600:9000:25ef:1400:c:7ed3:240:93a1, 2600:9000:25ef:fa00:c:7ed3:240:93a1, 2600:9000:25ef:6e00:c:7ed3:240:93a1, 2600:9000:25ef:d600:c:7ed3:240:93a1, 2600:9000:25ef:4400:c:7ed3:240:93a1
2026-01-08T07:29:59.2968956Z * IPv4: 18.239.199.91, 18.239.199.106, 18.239.199.51, 18.239.199.105
2026-01-08T07:29:59.2969318Z *   Trying 18.239.199.91:443...
2026-01-08T07:29:59.2983054Z * Connected to crates.io (18.239.199.91) port 443
2026-01-08T07:29:59.2996893Z * ALPN: curl offers h2,http/1.1
2026-01-08T07:29:59.2998529Z } [5 bytes data]
2026-01-08T07:29:59.2998930Z * TLSv1.3 (OUT), TLS handshake, Client hello (1):
2026-01-08T07:29:59.2999430Z } [512 bytes data]
2026-01-08T07:29:59.3211502Z *  CAfile: /etc/ssl/certs/ca-certificates.crt
2026-01-08T07:29:59.3212099Z *  CApath: /etc/ssl/certs
2026-01-08T07:29:59.3212545Z { [5 bytes data]
2026-01-08T07:29:59.3212891Z * TLSv1.3 (IN), TLS handshake, Server hello (2):
2026-01-08T07:29:59.3213365Z { [122 bytes data]
2026-01-08T07:29:59.3213884Z * TLSv1.3 (IN), TLS handshake, Encrypted Extensions (8):
2026-01-08T07:29:59.3214478Z { [19 bytes data]
2026-01-08T07:29:59.3214878Z * TLSv1.3 (IN), TLS handshake, Certificate (11):
2026-01-08T07:29:59.3215245Z { [3875 bytes data]
2026-01-08T07:29:59.3220638Z * TLSv1.3 (IN), TLS handshake, CERT verify (15):
2026-01-08T07:29:59.3221380Z { [264 bytes data]
2026-01-08T07:29:59.3221784Z * TLSv1.3 (IN), TLS handshake, Finished (20):
2026-01-08T07:29:59.3222249Z { [36 bytes data]
2026-01-08T07:29:59.3222691Z * TLSv1.3 (OUT), TLS change cipher, Change cipher spec (1):
2026-01-08T07:29:59.3223211Z } [1 bytes data]
2026-01-08T07:29:59.3223594Z * TLSv1.3 (OUT), TLS handshake, Finished (20):
2026-01-08T07:29:59.3224059Z } [36 bytes data]
2026-01-08T07:29:59.3224602Z * SSL connection using TLSv1.3 / TLS_AES_128_GCM_SHA256 / X25519 / RSASSA-PSS
2026-01-08T07:29:59.3225256Z * ALPN: server accepted h2
2026-01-08T07:29:59.3225638Z * Server certificate:
2026-01-08T07:29:59.3225993Z *  subject: CN=crates.io
2026-01-08T07:29:59.3226614Z *  start date: Dec  5 00:00:00 2025 GMT
2026-01-08T07:29:59.3227057Z *  expire date: Jan  3 23:59:59 2027 GMT
2026-01-08T07:29:59.3227797Z *  subjectAltName: host "crates.io" matched cert's "crates.io"
2026-01-08T07:29:59.3228371Z *  issuer: C=US; O=Amazon; CN=Amazon RSA 2048 M01
2026-01-08T07:29:59.3228760Z *  SSL certificate verify ok.
2026-01-08T07:29:59.3229213Z *   Certificate level 0: Public key type RSA (2048/112 Bits/secBits), signed using sha256WithRSAEncryption
2026-01-08T07:29:59.3229884Z *   Certificate level 1: Public key type RSA (2048/112 Bits/secBits), signed using sha256WithRSAEncryption
2026-01-08T07:29:59.3230521Z *   Certificate level 2: Public key type RSA (2048/112 Bits/secBits), signed using sha256WithRSAEncryption
2026-01-08T07:29:59.3230958Z } [5 bytes data]
2026-01-08T07:29:59.3231163Z * using HTTP/2
2026-01-08T07:29:59.3231477Z * [HTTP/2] [1] OPENED stream for https://crates.io/api/v1/crates/cargo-nextest
2026-01-08T07:29:59.3231851Z * [HTTP/2] [1] [:method: GET]
2026-01-08T07:29:59.3232081Z * [HTTP/2] [1] [:scheme: https]
2026-01-08T07:29:59.3232323Z * [HTTP/2] [1] [:authority: crates.io]
2026-01-08T07:29:59.3232614Z * [HTTP/2] [1] [:path: /api/v1/crates/cargo-nextest]
2026-01-08T07:29:59.3232967Z * [HTTP/2] [1] [user-agent: taiki-e/install-action (nextest)]
2026-01-08T07:29:59.3233273Z * [HTTP/2] [1] [accept: */*]
2026-01-08T07:29:59.3233492Z } [5 bytes data]
2026-01-08T07:29:59.3233706Z > GET /api/v1/crates/cargo-nextest HTTP/2
2026-01-08T07:29:59.3233962Z > Host: crates.io
2026-01-08T07:29:59.3234183Z > User-Agent: taiki-e/install-action (nextest)
2026-01-08T07:29:59.3234445Z > Accept: */*
2026-01-08T07:29:59.3234621Z > 
2026-01-08T07:29:59.3237671Z { [5 bytes data]
2026-01-08T07:29:59.3238224Z * TLSv1.3 (IN), TLS handshake, Newsession Ticket (4):
2026-01-08T07:29:59.3238686Z { [157 bytes data]
2026-01-08T07:29:59.4619152Z < HTTP/2 200 
2026-01-08T07:29:59.4619519Z < content-type: application/json
2026-01-08T07:29:59.4619952Z < content-length: 234981
2026-01-08T07:29:59.4620424Z < access-control-allow-origin: *
2026-01-08T07:29:59.4622776Z < content-security-policy: default-src 'self'; connect-src 'self' *.ingest.sentry.io https://docs.rs https://play.rust-lang.org https://raw.githubusercontent.com https://static.crates.io; script-src 'self' 'unsafe-eval' 'sha256-n1+BB7Ckjcal1Pr7QNBh/dKRTtBQsIytFodRiIosXdE=' 'sha256-dbf9FMl76C7BnK1CC3eWb3pvsQAUaTYSHAlBy9tNTG0='; style-src 'self' 'unsafe-inline' https://code.cdn.mozilla.net; font-src https://code.cdn.mozilla.net; img-src *; object-src 'none'
2026-01-08T07:29:59.4624834Z < date: Thu, 08 Jan 2026 07:29:59 GMT
2026-01-08T07:29:59.4625390Z < nel: {"report_to":"heroku-nel","response_headers":["Via"],"max_age":3600,"success_fraction":0.01,"failure_fraction":0.1}
2026-01-08T07:29:59.4626659Z < report-to: {"group":"heroku-nel","endpoints":[{"url":"https://nel.heroku.com/reports?s=HLp4zNfeurlJomqZKwfxJ0iZNi8KJj4QrtXRbBza1X8%3D\u0026sid=af571f24-03ee-46d1-9f90-ab9030c2c74c\u0026ts=1767857399"}],"max_age":3600}
2026-01-08T07:29:59.4628566Z < reporting-endpoints: heroku-nel="https://nel.heroku.com/reports?s=HLp4zNfeurlJomqZKwfxJ0iZNi8KJj4QrtXRbBza1X8%3D&sid=af571f24-03ee-46d1-9f90-ab9030c2c74c&ts=1767857399"
2026-01-08T07:29:59.4629397Z < server: Heroku
2026-01-08T07:29:59.4629743Z < strict-transport-security: max-age=31536000; includeSubDomains
2026-01-08T07:29:59.4630290Z < via: 1.1 heroku-router, 1.1 c9b5b4253987120cbffc2415cbe3fb4a.cloudfront.net (CloudFront)
2026-01-08T07:29:59.4630694Z < x-content-type-options: nosniff
2026-01-08T07:29:59.4630931Z < x-frame-options: SAMEORIGIN
2026-01-08T07:29:59.4631163Z < x-xss-protection: 0
2026-01-08T07:29:59.4631376Z < vary: Accept,Accept-Encoding,Cookie
2026-01-08T07:29:59.4631629Z < x-cache: Miss from cloudfront
2026-01-08T07:29:59.4631854Z < x-amz-cf-pop: SFO53-P3
2026-01-08T07:29:59.4632187Z < x-amz-cf-id: gxkaml8XKFts0mLrwoXVRrQcvFN6BRlE5VhZMAy6zugUq-Q2pr1Fnw==
2026-01-08T07:29:59.4632544Z < 
2026-01-08T07:29:59.4632693Z { [24657 bytes data]
2026-01-08T07:29:59.7095303Z * Connection #0 to host crates.io left intact
2026-01-08T07:29:59.7379293Z info: installing cargo-nextest@latest
2026-01-08T07:29:59.7572131Z info: downloading https://github.com/nextest-rs/nextest/releases/download/cargo-nextest-0.9.118/cargo-nextest-0.9.118-x86_64-unknown-linux-gnu.tar.gz
2026-01-08T07:29:59.8896168Z info: verifying sha256 checksum for cargo-nextest-0.9.118-x86_64-unknown-linux-gnu.tar.gz
2026-01-08T07:30:00.0703867Z info: cargo-nextest installed at /home/runner/.cargo/bin/cargo-nextest
2026-01-08T07:30:00.0707727Z + cargo-nextest nextest --version
2026-01-08T07:30:00.0725624Z cargo-nextest 0.9.118 (daa60d57f 2026-01-04)
2026-01-08T07:30:00.0726079Z release: 0.9.118
2026-01-08T07:30:00.0726465Z commit-hash: daa60d57f7525ffcc7495bd38cf8ca534cd6b7d3
2026-01-08T07:30:00.0726944Z commit-date: 2026-01-04
2026-01-08T07:30:00.0727282Z host: x86_64-unknown-linux-gnu
2026-01-08T07:30:00.0729578Z 
2026-01-08T07:30:00.0763793Z ##[group]Run cargo llvm-cov nextest --lcov --output-path lcov.info
2026-01-08T07:30:00.0764260Z [36;1mcargo llvm-cov nextest --lcov --output-path lcov.info[0m
2026-01-08T07:30:00.0795660Z shell: /usr/bin/bash -e {0}
2026-01-08T07:30:00.0795881Z env:
2026-01-08T07:30:00.0796047Z   CARGO_TERM_COLOR: always
2026-01-08T07:30:00.0796253Z   UV_VERSION: 0.9
2026-01-08T07:30:00.0796434Z   VELO_ZYGOTE_SOCKET_TIMEOUT: 60
2026-01-08T07:30:00.0796671Z   VELO_ZYGOTE_WORKER_TIMEOUT: 60
2026-01-08T07:30:00.0796889Z   VELO_MAX_BUNDLE_SIZE: 50
2026-01-08T07:30:00.0797097Z   VELO_TIMEOUT_MULTIPLIER: 6
2026-01-08T07:30:00.0797307Z ##[endgroup]
2026-01-08T07:30:00.1989137Z info: cargo-llvm-cov currently setting cfg(coverage); you can opt-out it by passing --no-cfg-coverage
2026-01-08T07:30:00.9328866Z [1m[92m Downloading[0m crates ...
2026-01-08T07:30:00.9905464Z [1m[92m  Downloaded[0m bytecheck v0.8.2
2026-01-08T07:30:00.9926027Z [1m[92m  Downloaded[0m is_terminal_polyfill v1.70.2
2026-01-08T07:30:00.9951291Z [1m[92m  Downloaded[0m cfg-if v1.0.4
2026-01-08T07:30:00.9979751Z [1m[92m  Downloaded[0m bytecheck_derive v0.8.2
2026-01-08T07:30:00.9999160Z [1m[92m  Downloaded[0m bitflags v1.3.2
2026-01-08T07:30:01.0059279Z [1m[92m  Downloaded[0m ptr_meta_derive v0.3.1
2026-01-08T07:30:01.0083031Z [1m[92m  Downloaded[0m pin-project-lite v0.2.16
2026-01-08T07:30:01.0184707Z [1m[92m  Downloaded[0m utf8parse v0.2.2
2026-01-08T07:30:01.0225721Z [1m[92m  Downloaded[0m unicode-ident v1.0.22
2026-01-08T07:30:01.0280850Z [1m[92m  Downloaded[0m zerocopy v0.8.31
2026-01-08T07:30:01.0551626Z [1m[92m  Downloaded[0m zmij v1.0.6
2026-01-08T07:30:01.0585001Z [1m[92m  Downloaded[0m want v0.3.1
2026-01-08T07:30:01.0610975Z [1m[92m  Downloaded[0m walkdir v2.5.0
2026-01-08T07:30:01.0635380Z [1m[92m  Downloaded[0m tracing-core v0.1.36
2026-01-08T07:30:01.0668011Z [1m[92m  Downloaded[0m rmp v0.8.15
2026-01-08T07:30:01.0716780Z [1m[92m  Downloaded[0m tower v0.5.2
2026-01-08T07:30:01.0822839Z [1m[92m  Downloaded[0m malachite-bigint v0.2.3
2026-01-08T07:30:01.0841895Z [1m[92m  Downloaded[0m serde_json v1.0.148
2026-01-08T07:30:01.0946433Z [1m[92m  Downloaded[0m ipnet v2.11.0
2026-01-08T07:30:01.0967725Z [1m[92m  Downloaded[0m tokio-util v0.7.18
2026-01-08T07:30:01.1055508Z [1m[92m  Downloaded[0m is-macro v0.3.7
2026-01-08T07:30:01.1072653Z [1m[92m  Downloaded[0m lock_api v0.4.14
2026-01-08T07:30:01.1090282Z [1m[92m  Downloaded[0m unicode-width v0.2.2
2026-01-08T07:30:01.1150702Z [1m[92m  Downloaded[0m notify v6.1.1
2026-01-08T07:30:01.1176084Z [1m[92m  Downloaded[0m log v0.4.29
2026-01-08T07:30:01.1210142Z [1m[92m  Downloaded[0m ignore v0.4.25
2026-01-08T07:30:01.1239658Z [1m[92m  Downloaded[0m unicode_names2 v1.3.0
2026-01-08T07:30:01.1304926Z [1m[92m  Downloaded[0m regex-syntax v0.8.8
2026-01-08T07:30:01.1378086Z [1m[92m  Downloaded[0m mio v1.1.1
2026-01-08T07:30:01.1444624Z [1m[92m  Downloaded[0m syn v2.0.112
2026-01-08T07:30:01.1554602Z [1m[92m  Downloaded[0m hyper v1.8.1
2026-01-08T07:30:01.1624806Z [1m[92m  Downloaded[0m hashbrown v0.16.1
2026-01-08T07:30:01.1680039Z [1m[92m  Downloaded[0m libm v0.2.15
2026-01-08T07:30:01.1807891Z [1m[92m  Downloaded[0m hashbrown v0.14.5
2026-01-08T07:30:01.1858668Z [1m[92m  Downloaded[0m malachite-q v0.4.22
2026-01-08T07:30:01.2080802Z [1m[92m  Downloaded[0m chrono v0.4.42
2026-01-08T07:30:01.2149658Z [1m[92m  Downloaded[0m blake3 v1.8.2
2026-01-08T07:30:01.2229668Z [1m[92m  Downloaded[0m tracing v0.1.44
2026-01-08T07:30:01.2398796Z [1m[92m  Downloaded[0m nix v0.27.1
2026-01-08T07:30:01.2504289Z [1m[92m  Downloaded[0m futures-util v0.3.31
2026-01-08T07:30:01.2631848Z [1m[92m  Downloaded[0m hyper-util v0.1.19
2026-01-08T07:30:01.2695456Z [1m[92m  Downloaded[0m mio v0.8.11
2026-01-08T07:30:01.2754154Z [1m[92m  Downloaded[0m itertools v0.11.0
2026-01-08T07:30:01.2818306Z [1m[92m  Downloaded[0m bstr v1.12.1
2026-01-08T07:30:01.2898015Z [1m[92m  Downloaded[0m http v1.4.0
2026-01-08T07:30:01.2933828Z [1m[92m  Downloaded[0m hashbrown v0.15.5
2026-01-08T07:30:01.2984209Z [1m[92m  Downloaded[0m regex-automata v0.4.13
2026-01-08T07:30:01.3134191Z [1m[92m  Downloaded[0m memchr v2.7.6
2026-01-08T07:30:01.3189465Z [1m[92m  Downloaded[0m crossbeam-channel v0.5.15
2026-01-08T07:30:01.3233065Z [1m[92m  Downloaded[0m base64 v0.22.1
2026-01-08T07:30:01.3270727Z [1m[92m  Downloaded[0m indexmap v2.12.1
2026-01-08T07:30:01.3312416Z [1m[92m  Downloaded[0m derive_more-impl v1.0.0
2026-01-08T07:30:01.3359431Z [1m[92m  Downloaded[0m derive_more v1.0.0
2026-01-08T07:30:01.3460627Z [1m[92m  Downloaded[0m h2 v0.4.12
2026-01-08T07:30:01.3532821Z [1m[92m  Downloaded[0m clap_builder v4.5.54
2026-01-08T07:30:01.3594940Z [1m[92m  Downloaded[0m anyhow v1.0.100
2026-01-08T07:30:01.3636292Z [1m[92m  Downloaded[0m getrandom v0.3.4
2026-01-08T07:30:01.3671299Z [1m[92m  Downloaded[0m crc32fast v1.5.0
2026-01-08T07:30:01.3690865Z [1m[92m  Downloaded[0m httparse v1.10.1
2026-01-08T07:30:01.3715692Z [1m[92m  Downloaded[0m bitflags v2.10.0
2026-01-08T07:30:01.3758027Z [1m[92m  Downloaded[0m rustpython-parser v0.4.0
2026-01-08T07:30:01.3872354Z [1m[92m  Downloaded[0m find-msvc-tools v0.1.6
2026-01-08T07:30:01.3887841Z [1m[92m  Downloaded[0m iana-time-zone v0.1.64
2026-01-08T07:30:01.3914530Z [1m[92m  Downloaded[0m libc v0.2.178
2026-01-08T07:30:01.4280650Z [1m[92m  Downloaded[0m colored v2.2.0
2026-01-08T07:30:01.4307812Z [1m[92m  Downloaded[0m clap v4.5.54
2026-01-08T07:30:01.4401721Z [1m[92m  Downloaded[0m ascii v1.1.0
2026-01-08T07:30:01.4420850Z [1m[92m  Downloaded[0m malachite-base v0.4.22
2026-01-08T07:30:01.5215072Z [1m[92m  Downloaded[0m arrayvec v0.7.6
2026-01-08T07:30:01.5234611Z [1m[92m  Downloaded[0m filetime v0.2.26
2026-01-08T07:30:01.5251237Z [1m[92m  Downloaded[0m http-body-util v0.1.3
2026-01-08T07:30:01.5269423Z [1m[92m  Downloaded[0m globset v0.4.18
2026-01-08T07:30:01.5283593Z [1m[92m  Downloaded[0m getopts v0.2.24
2026-01-08T07:30:01.5300277Z [1m[92m  Downloaded[0m autocfg v1.5.0
2026-01-08T07:30:01.5319668Z [1m[92m  Downloaded[0m inotify v0.9.6
2026-01-08T07:30:01.5338527Z [1m[92m  Downloaded[0m crossbeam-deque v0.8.6
2026-01-08T07:30:01.5352725Z [1m[92m  Downloaded[0m serde v1.0.228
2026-01-08T07:30:01.5387073Z [1m[92m  Downloaded[0m malachite v0.4.22
2026-01-08T07:30:01.5396131Z [1m[92m  Downloaded[0m atomic-waker v1.1.2
2026-01-08T07:30:01.5409689Z [1m[92m  Downloaded[0m httpdate v1.0.3
2026-01-08T07:30:01.5426991Z [1m[92m  Downloaded[0m heck v0.5.0
2026-01-08T07:30:01.5439754Z [1m[92m  Downloaded[0m futures-core v0.3.31
2026-01-08T07:30:01.5453870Z [1m[92m  Downloaded[0m regex v1.12.2
2026-01-08T07:30:01.5517707Z [1m[92m  Downloaded[0m munge_macro v0.4.7
2026-01-08T07:30:01.5526050Z [1m[92m  Downloaded[0m munge v0.4.7
2026-01-08T07:30:01.5545141Z [1m[92m  Downloaded[0m lalrpop-util v0.20.2
2026-01-08T07:30:01.5555210Z [1m[92m  Downloaded[0m itoa v1.0.17
2026-01-08T07:30:01.5571083Z [1m[92m  Downloaded[0m inotify-sys v0.1.5
2026-01-08T07:30:01.5580791Z [1m[92m  Downloaded[0m hex v0.4.3
2026-01-08T07:30:01.5596380Z [1m[92m  Downloaded[0m anstyle-query v1.1.5
2026-01-08T07:30:01.5608699Z [1m[92m  Downloaded[0m memoffset v0.9.1
2026-01-08T07:30:01.5621748Z [1m[92m  Downloaded[0m fs2 v0.4.3
2026-01-08T07:30:01.5633298Z [1m[92m  Downloaded[0m crunchy v0.2.4
2026-01-08T07:30:01.5642305Z [1m[92m  Downloaded[0m arrayref v0.3.9
2026-01-08T07:30:01.5655811Z [1m[92m  Downloaded[0m socket2 v0.6.1
2026-01-08T07:30:01.5673968Z [1m[92m  Downloaded[0m smallvec v1.15.1
2026-01-08T07:30:01.5695046Z [1m[92m  Downloaded[0m futures-task v0.3.31
2026-01-08T07:30:01.5708607Z [1m[92m  Downloaded[0m futures-sink v0.3.31
2026-01-08T07:30:01.5716361Z [1m[92m  Downloaded[0m errno v0.3.14
2026-01-08T07:30:01.5731525Z [1m[92m  Downloaded[0m uuid v1.19.0
2026-01-08T07:30:01.5761191Z [1m[92m  Downloaded[0m unicode-xid v0.2.6
2026-01-08T07:30:01.5774358Z [1m[92m  Downloaded[0m unic-ucd-version v0.9.0
2026-01-08T07:30:01.5784119Z [1m[92m  Downloaded[0m unic-ucd-ident v0.9.0
2026-01-08T07:30:01.5800706Z [1m[92m  Downloaded[0m unic-common v0.9.0
2026-01-08T07:30:01.5808562Z [1m[92m  Downloaded[0m unic-char-property v0.9.0
2026-01-08T07:30:01.5820999Z [1m[92m  Downloaded[0m tokio-macros v2.6.0
2026-01-08T07:30:01.5832602Z [1m[92m  Downloaded[0m strsim v0.11.1
2026-01-08T07:30:01.5845891Z [1m[92m  Downloaded[0m static_assertions v1.1.0
2026-01-08T07:30:01.5859895Z [1m[92m  Downloaded[0m signal-hook-registry v1.4.8
2026-01-08T07:30:01.5915584Z [1m[92m  Downloaded[0m signal-hook v0.3.18
2026-01-08T07:30:01.5916184Z [1m[92m  Downloaded[0m serde_core v1.0.228
2026-01-08T07:30:01.5932948Z [1m[92m  Downloaded[0m scopeguard v1.2.0
2026-01-08T07:30:01.5946040Z [1m[92m  Downloaded[0m rustpython-parser-vendored v0.4.0
2026-01-08T07:30:01.5962794Z [1m[92m  Downloaded[0m futures-channel v0.3.31
2026-01-08T07:30:01.5981250Z [1m[92m  Downloaded[0m unicode_names2_generator v1.3.0
2026-01-08T07:30:01.5992500Z [1m[92m  Downloaded[0m unic-emoji-char v0.9.0
2026-01-08T07:30:01.6008364Z [1m[92m  Downloaded[0m unic-char-range v0.9.0
2026-01-08T07:30:01.6023033Z [1m[92m  Downloaded[0m tower-layer v0.3.3
2026-01-08T07:30:01.6032771Z [1m[92m  Downloaded[0m tiny-keccak v2.0.2
2026-01-08T07:30:01.6058274Z [1m[92m  Downloaded[0m thiserror v1.0.69
2026-01-08T07:30:01.6112894Z [1m[92m  Downloaded[0m tempfile v3.24.0
2026-01-08T07:30:01.6137976Z [1m[92m  Downloaded[0m slab v0.4.11
2026-01-08T07:30:01.6150839Z [1m[92m  Downloaded[0m shlex v1.3.0
2026-01-08T07:30:01.6163656Z [1m[92m  Downloaded[0m same-file v1.0.6
2026-01-08T07:30:01.6177223Z [1m[92m  Downloaded[0m rustpython-parser-core v0.4.0
2026-01-08T07:30:01.6186032Z [1m[92m  Downloaded[0m rustpython-ast v0.4.0
2026-01-08T07:30:01.6208838Z [1m[92m  Downloaded[0m rustc-hash v1.1.0
2026-01-08T07:30:01.6218204Z [1m[92m  Downloaded[0m rmp-serde v1.3.1
2026-01-08T07:30:01.6236197Z [1m[92m  Downloaded[0m rkyv_derive v0.8.12
2026-01-08T07:30:01.6255248Z [1m[92m  Downloaded[0m rend v0.5.3
2026-01-08T07:30:01.6273231Z [1m[92m  Downloaded[0m rand_core v0.6.4
2026-01-08T07:30:01.6286717Z [1m[92m  Downloaded[0m hostname v0.4.2
2026-01-08T07:30:01.6304115Z [1m[92m  Downloaded[0m either v1.15.0
2026-01-08T07:30:01.6318743Z [1m[92m  Downloaded[0m constant_time_eq v0.3.1
2026-01-08T07:30:01.6331958Z [1m[92m  Downloaded[0m version_check v0.9.5
2026-01-08T07:30:01.6344697Z [1m[92m  Downloaded[0m try-lock v0.2.5
2026-01-08T07:30:01.6353591Z [1m[92m  Downloaded[0m tokio v1.49.0
2026-01-08T07:30:01.6782666Z [1m[92m  Downloaded[0m tinyvec_macros v0.1.1
2026-01-08T07:30:01.6801126Z [1m[92m  Downloaded[0m tinyvec v1.10.0
2026-01-08T07:30:01.6827047Z [1m[92m  Downloaded[0m tiny_http v0.12.0
2026-01-08T07:30:01.6864446Z [1m[92m  Downloaded[0m siphasher v1.0.1
2026-01-08T07:30:01.6876076Z [1m[92m  Downloaded[0m rustix v1.1.3
2026-01-08T07:30:01.7143953Z [1m[92m  Downloaded[0m rkyv v0.8.12
2026-01-08T07:30:01.7269448Z [1m[92m  Downloaded[0m lazy_static v1.5.0
2026-01-08T07:30:01.7286377Z [1m[92m  Downloaded[0m getrandom v0.2.16
2026-01-08T07:30:01.7315151Z [1m[92m  Downloaded[0m crossbeam-utils v0.8.21
2026-01-08T07:30:01.7341476Z [1m[92m  Downloaded[0m crossbeam-epoch v0.9.18
2026-01-08T07:30:01.7365605Z [1m[92m  Downloaded[0m clap_derive v4.5.49
2026-01-08T07:30:01.7386695Z [1m[92m  Downloaded[0m ryu v1.0.22
2026-01-08T07:30:01.7418907Z [1m[92m  Downloaded[0m rand v0.8.5
2026-01-08T07:30:01.7452647Z [1m[92m  Downloaded[0m quote v1.0.42
2026-01-08T07:30:01.7479118Z [1m[92m  Downloaded[0m proc-macro2 v1.0.104
2026-01-08T07:30:01.7507998Z [1m[92m  Downloaded[0m ppv-lite86 v0.2.21
2026-01-08T07:30:01.7520786Z [1m[92m  Downloaded[0m phf v0.11.3
2026-01-08T07:30:01.7533213Z [1m[92m  Downloaded[0m paste v1.0.15
2026-01-08T07:30:01.7564283Z [1m[92m  Downloaded[0m parking_lot_core v0.9.12
2026-01-08T07:30:01.7585329Z [1m[92m  Downloaded[0m malachite-nz v0.4.22
2026-01-08T07:30:01.8414121Z [1m[92m  Downloaded[0m parking_lot v0.12.5
2026-01-08T07:30:01.8438512Z [1m[92m  Downloaded[0m once_cell v1.21.3
2026-01-08T07:30:01.8463122Z [1m[92m  Downloaded[0m num-integer v0.1.46
2026-01-08T07:30:01.8479721Z [1m[92m  Downloaded[0m http-body v1.0.1
2026-01-08T07:30:01.8489113Z [1m[92m  Downloaded[0m fnv v1.0.7
2026-01-08T07:30:01.8497346Z [1m[92m  Downloaded[0m fastrand v2.3.0
2026-01-08T07:30:01.8509908Z [1m[92m  Downloaded[0m equivalent v1.0.2
2026-01-08T07:30:01.8519521Z [1m[92m  Downloaded[0m colorchoice v1.0.4
2026-01-08T07:30:01.8528878Z [1m[92m  Downloaded[0m chunked_transfer v1.5.0
2026-01-08T07:30:01.8541025Z [1m[92m  Downloaded[0m tower-service v0.3.3
2026-01-08T07:30:01.8548673Z [1m[92m  Downloaded[0m thiserror-impl v1.0.69
2026-01-08T07:30:01.8561675Z [1m[92m  Downloaded[0m simdutf8 v0.1.5
2026-01-08T07:30:01.8584217Z [1m[92m  Downloaded[0m serde_derive v1.0.228
2026-01-08T07:30:01.8613984Z [1m[92m  Downloaded[0m rancor v0.1.1
2026-01-08T07:30:01.8626884Z [1m[92m  Downloaded[0m linux-raw-sys v0.11.0
2026-01-08T07:30:01.9171042Z [1m[92m  Downloaded[0m ptr_meta v0.3.1
2026-01-08T07:30:01.9179152Z [1m[92m  Downloaded[0m clap_lex v0.7.6
2026-01-08T07:30:01.9189437Z [1m[92m  Downloaded[0m rand_chacha v0.3.1
2026-01-08T07:30:01.9200191Z [1m[92m  Downloaded[0m pin-utils v0.1.0
2026-01-08T07:30:01.9211320Z [1m[92m  Downloaded[0m phf_shared v0.11.3
2026-01-08T07:30:01.9219923Z [1m[92m  Downloaded[0m phf_generator v0.11.3
2026-01-08T07:30:01.9230644Z [1m[92m  Downloaded[0m phf_codegen v0.11.3
2026-01-08T07:30:01.9238911Z [1m[92m  Downloaded[0m num-traits v0.2.19
2026-01-08T07:30:01.9264207Z [1m[92m  Downloaded[0m percent-encoding v2.3.2
2026-01-08T07:30:01.9272388Z [1m[92m  Downloaded[0m anstyle-parse v0.2.7
2026-01-08T07:30:01.9287355Z [1m[92m  Downloaded[0m anstyle v1.0.13
2026-01-08T07:30:01.9301841Z [1m[92m  Downloaded[0m aho-corasick v1.1.4
2026-01-08T07:30:01.9353357Z [1m[92m  Downloaded[0m cc v1.2.51
2026-01-08T07:30:01.9381488Z [1m[92m  Downloaded[0m bytes v1.11.0
2026-01-08T07:30:01.9422338Z [1m[92m  Downloaded[0m anstream v0.6.21
2026-01-08T07:30:01.9441258Z [1m[92m  Downloaded[0m ahash v0.8.12
2026-01-08T07:30:02.1283198Z [1m[92m   Compiling[0m cfg-if v1.0.4
2026-01-08T07:30:02.1284279Z [1m[92m   Compiling[0m proc-macro2 v1.0.104
2026-01-08T07:30:02.1285215Z [1m[92m   Compiling[0m quote v1.0.42
2026-01-08T07:30:02.1286100Z [1m[92m   Compiling[0m unicode-ident v1.0.22
2026-01-08T07:30:02.1598937Z [1m[92m   Compiling[0m libc v0.2.178
2026-01-08T07:30:02.1936212Z [1m[92m   Compiling[0m zerocopy v0.8.31
2026-01-08T07:30:02.3518075Z [1m[92m   Compiling[0m once_cell v1.21.3
2026-01-08T07:30:02.7870717Z [1m[92m   Compiling[0m autocfg v1.5.0
2026-01-08T07:30:03.2579956Z [1m[92m   Compiling[0m syn v2.0.112
2026-01-08T07:30:04.0173763Z [1m[92m   Compiling[0m siphasher v1.0.1
2026-01-08T07:30:04.1045212Z [1m[92m   Compiling[0m getrandom v0.2.16
2026-01-08T07:30:04.1575721Z [1m[92m   Compiling[0m ppv-lite86 v0.2.21
2026-01-08T07:30:04.2272084Z [1m[92m   Compiling[0m rand_core v0.6.4
2026-01-08T07:30:04.2635800Z [1m[92m   Compiling[0m version_check v0.9.5
2026-01-08T07:30:04.3771673Z [1m[92m   Compiling[0m memchr v2.7.6
2026-01-08T07:30:04.5013341Z [1m[92m   Compiling[0m rand_chacha v0.3.1
2026-01-08T07:30:04.5137072Z [1m[92m   Compiling[0m ahash v0.8.12
2026-01-08T07:30:04.6141620Z [1m[92m   Compiling[0m log v0.4.29
2026-01-08T07:30:04.7438575Z [1m[92m   Compiling[0m rand v0.8.5
2026-01-08T07:30:04.9684328Z [1m[92m   Compiling[0m phf_shared v0.11.3
2026-01-08T07:30:05.0952745Z [1m[92m   Compiling[0m num-traits v0.2.19
2026-01-08T07:30:05.1902628Z [1m[92m   Compiling[0m libm v0.2.15
2026-01-08T07:30:05.3812303Z [1m[92m   Compiling[0m phf_generator v0.11.3
2026-01-08T07:30:05.4360281Z [1m[92m   Compiling[0m pin-project-lite v0.2.16
2026-01-08T07:30:05.4522735Z [1m[92m   Compiling[0m parking_lot_core v0.9.12
2026-01-08T07:30:05.4770592Z [1m[92m   Compiling[0m either v1.15.0
2026-01-08T07:30:05.5123988Z [1m[92m   Compiling[0m bytes v1.11.0
2026-01-08T07:30:05.5921447Z [1m[92m   Compiling[0m phf_codegen v0.11.3
2026-01-08T07:30:05.6434581Z [1m[92m   Compiling[0m itertools v0.11.0
2026-01-08T07:30:05.6632194Z [1m[92m   Compiling[0m hashbrown v0.14.5
2026-01-08T07:30:06.9370956Z [1m[92m   Compiling[0m errno v0.3.14
2026-01-08T07:30:07.0179817Z [1m[92m   Compiling[0m futures-core v0.3.31
2026-01-08T07:30:07.0871416Z [1m[92m   Compiling[0m itoa v1.0.17
2026-01-08T07:30:07.0979661Z [1m[92m   Compiling[0m ryu v1.0.22
2026-01-08T07:30:07.2137248Z [1m[92m   Compiling[0m crossbeam-utils v0.8.21
2026-01-08T07:30:07.2322554Z [1m[92m   Compiling[0m malachite-nz v0.4.22
2026-01-08T07:30:07.3181600Z [1m[92m   Compiling[0m smallvec v1.15.1
2026-01-08T07:30:07.3696873Z [1m[92m   Compiling[0m scopeguard v1.2.0
2026-01-08T07:30:07.4120828Z [1m[92m   Compiling[0m lock_api v0.4.14
2026-01-08T07:30:07.6088356Z [1m[92m   Compiling[0m malachite-base v0.4.22
2026-01-08T07:30:07.6592635Z [1m[92m   Compiling[0m signal-hook-registry v1.4.8
2026-01-08T07:30:07.6793794Z [1m[92m   Compiling[0m unicode-width v0.2.2
2026-01-08T07:30:07.8805026Z [1m[92m   Compiling[0m crunchy v0.2.4
2026-01-08T07:30:07.9088747Z [1m[92m   Compiling[0m heck v0.5.0
2026-01-08T07:30:08.0216109Z [1m[92m   Compiling[0m getopts v0.2.24
2026-01-08T07:30:08.0679027Z [1m[92m   Compiling[0m parking_lot v0.12.5
2026-01-08T07:30:08.5037935Z [1m[92m   Compiling[0m http v1.4.0
2026-01-08T07:30:08.6414256Z [1m[92m   Compiling[0m tokio-macros v2.6.0
2026-01-08T07:30:08.7719017Z [1m[92m   Compiling[0m ptr_meta_derive v0.3.1
2026-01-08T07:30:09.0437717Z [1m[92m   Compiling[0m mio v1.1.1
2026-01-08T07:30:09.2149093Z [1m[92m   Compiling[0m socket2 v0.6.1
2026-01-08T07:30:09.5850144Z [1m[92m   Compiling[0m serde_core v1.0.228
2026-01-08T07:30:09.5966631Z [1m[92m   Compiling[0m paste v1.0.15
2026-01-08T07:30:09.7348685Z [1m[92m   Compiling[0m tiny-keccak v2.0.2
2026-01-08T07:30:09.7583440Z [1m[92m   Compiling[0m unicode-xid v0.2.6
2026-01-08T07:30:09.7675877Z [1m[92m   Compiling[0m anyhow v1.0.100
2026-01-08T07:30:09.8156705Z [1m[92m   Compiling[0m derive_more-impl v1.0.0
2026-01-08T07:30:09.8562979Z [1m[92m   Compiling[0m tokio v1.49.0
2026-01-08T07:30:10.0035856Z [1m[92m   Compiling[0m ptr_meta v0.3.1
2026-01-08T07:30:10.0622343Z [1m[92m   Compiling[0m unicode_names2_generator v1.3.0
2026-01-08T07:30:10.7051150Z [1m[92m   Compiling[0m aho-corasick v1.1.4
2026-01-08T07:30:12.1257141Z [1m[92m   Compiling[0m tracing-core v0.1.36
2026-01-08T07:30:13.4743320Z [1m[92m   Compiling[0m unic-char-range v0.9.0
2026-01-08T07:30:13.5480845Z [1m[92m   Compiling[0m regex-syntax v0.8.8
2026-01-08T07:30:13.9146017Z [1m[92m   Compiling[0m equivalent v1.0.2
2026-01-08T07:30:13.9538794Z [1m[92m   Compiling[0m futures-sink v0.3.31
2026-01-08T07:30:14.0082440Z [1m[92m   Compiling[0m utf8parse v0.2.2
2026-01-08T07:30:14.0567843Z [1m[92m   Compiling[0m find-msvc-tools v0.1.6
2026-01-08T07:30:14.2495518Z [1m[92m   Compiling[0m httparse v1.10.1
2026-01-08T07:30:14.4637978Z [1m[92m   Compiling[0m unic-common v0.9.0
2026-01-08T07:30:14.5123338Z [1m[92m   Compiling[0m hashbrown v0.16.1
2026-01-08T07:30:15.1079350Z [1m[92m   Compiling[0m shlex v1.3.0
2026-01-08T07:30:15.2301864Z [1m[92m   Compiling[0m cc v1.2.51
2026-01-08T07:30:16.5869097Z [1m[92m   Compiling[0m regex-automata v0.4.13
2026-01-08T07:30:16.7224856Z [1m[92m   Compiling[0m indexmap v2.12.1
2026-01-08T07:30:17.3842937Z [1m[92m   Compiling[0m unic-ucd-version v0.9.0
2026-01-08T07:30:17.4336502Z [1m[92m   Compiling[0m tokio-util v0.7.18
2026-01-08T07:30:17.9038801Z [1m[92m   Compiling[0m malachite-q v0.4.22
2026-01-08T07:30:18.1142886Z [1m[92m   Compiling[0m anstyle-parse v0.2.7
2026-01-08T07:30:18.2327623Z [1m[92m   Compiling[0m unic-char-property v0.9.0
2026-01-08T07:30:18.2798950Z [1m[92m   Compiling[0m tracing v0.1.44
2026-01-08T07:30:18.4571946Z [1m[92m   Compiling[0m derive_more v1.0.0
2026-01-08T07:30:18.6527919Z [1m[92m   Compiling[0m unicode_names2 v1.3.0
2026-01-08T07:30:18.8163827Z [1m[92m   Compiling[0m malachite v0.4.22
2026-01-08T07:30:18.8529655Z [1m[92m   Compiling[0m rancor v0.1.1
2026-01-08T07:30:19.6664379Z [1m[92m   Compiling[0m http-body v1.0.1
2026-01-08T07:30:19.7450213Z [1m[92m   Compiling[0m is-macro v0.3.7
2026-01-08T07:30:20.1561656Z [1m[92m   Compiling[0m bytecheck_derive v0.8.2
2026-01-08T07:30:20.6998498Z [1m[92m   Compiling[0m num-integer v0.1.46
2026-01-08T07:30:20.8835681Z [1m[92m   Compiling[0m rustpython-parser-vendored v0.4.0
2026-01-08T07:30:21.0141185Z [1m[92m   Compiling[0m memoffset v0.9.1
2026-01-08T07:30:21.0829290Z [1m[92m   Compiling[0m same-file v1.0.6
2026-01-08T07:30:21.1134706Z [1m[92m   Compiling[0m serde v1.0.228
2026-01-08T07:30:21.1500012Z [1m[92m   Compiling[0m try-lock v0.2.5
2026-01-08T07:30:21.1744581Z [1m[92m   Compiling[0m anstyle v1.0.13
2026-01-08T07:30:21.1979283Z [1m[92m   Compiling[0m anstyle-query v1.1.5
2026-01-08T07:30:21.2411067Z [1m[92m   Compiling[0m is_terminal_polyfill v1.70.2
2026-01-08T07:30:21.2848408Z [1m[92m   Compiling[0m bitflags v2.10.0
2026-01-08T07:30:21.2858847Z [1m[92m   Compiling[0m rustix v1.1.3
2026-01-08T07:30:21.3428082Z [1m[92m   Compiling[0m simdutf8 v0.1.5
2026-01-08T07:30:21.4588575Z [1m[92m   Compiling[0m getrandom v0.3.4
2026-01-08T07:30:21.4649341Z [1m[92m   Compiling[0m slab v0.4.11
2026-01-08T07:30:21.5104788Z [1m[92m   Compiling[0m pin-utils v0.1.0
2026-01-08T07:30:21.5405909Z [1m[92m   Compiling[0m httpdate v1.0.3
2026-01-08T07:30:21.5816241Z [1m[92m   Compiling[0m fnv v1.0.7
2026-01-08T07:30:21.6255785Z [1m[92m   Compiling[0m atomic-waker v1.1.2
2026-01-08T07:30:21.6573248Z [1m[92m   Compiling[0m zmij v1.0.6
2026-01-08T07:30:21.6812384Z [1m[92m   Compiling[0m colorchoice v1.0.4
2026-01-08T07:30:21.7087998Z [1m[92m   Compiling[0m h2 v0.4.12
2026-01-08T07:30:21.7291844Z [1m[92m   Compiling[0m anstream v0.6.21
2026-01-08T07:30:21.9130355Z [1m[92m   Compiling[0m bytecheck v0.8.2
2026-01-08T07:30:22.0150526Z [1m[92m   Compiling[0m want v0.3.1
2026-01-08T07:30:22.0607267Z [1m[92m   Compiling[0m walkdir v2.5.0
2026-01-08T07:30:22.1083634Z [1m[92m   Compiling[0m phf v0.11.3
2026-01-08T07:30:22.1389529Z [1m[92m   Compiling[0m rustpython-parser-core v0.4.0
2026-01-08T07:30:22.2169000Z [1m[92m   Compiling[0m malachite-bigint v0.2.3
2026-01-08T07:30:22.2708942Z [1m[92m   Compiling[0m rustpython-parser v0.4.0
2026-01-08T07:30:22.8515353Z [1m[92m   Compiling[0m blake3 v1.8.2
2026-01-08T07:30:23.0525347Z [1m[92m   Compiling[0m crossbeam-epoch v0.9.18
2026-01-08T07:30:23.3672062Z [1m[92m   Compiling[0m serde_derive v1.0.228
2026-01-08T07:30:23.8457972Z [1m[92m   Compiling[0m munge_macro v0.4.7
2026-01-08T07:30:24.3060508Z [1m[92m   Compiling[0m futures-channel v0.3.31
2026-01-08T07:30:24.4481692Z [1m[92m   Compiling[0m bstr v1.12.1
2026-01-08T07:30:24.8928443Z [1m[92m   Compiling[0m inotify-sys v0.1.5
2026-01-08T07:30:24.9019049Z [1m[92m   Compiling[0m futures-task v0.3.31
2026-01-08T07:30:24.9410165Z [1m[92m   Compiling[0m tower-service v0.3.3
2026-01-08T07:30:24.9607917Z [1m[92m   Compiling[0m serde_json v1.0.148
2026-01-08T07:30:24.9773010Z [1m[92m   Compiling[0m static_assertions v1.1.0
2026-01-08T07:30:25.0084892Z [1m[92m   Compiling[0m signal-hook v0.3.18
2026-01-08T07:30:25.0566660Z [1m[92m   Compiling[0m thiserror v1.0.69
2026-01-08T07:30:25.0950321Z [1m[92m   Compiling[0m linux-raw-sys v0.11.0
2026-01-08T07:30:25.2283463Z [1m[92m   Compiling[0m tower-layer v0.3.3
2026-01-08T07:30:25.3153514Z [1m[92m   Compiling[0m strsim v0.11.1
2026-01-08T07:30:25.3392122Z [1m[92m   Compiling[0m crc32fast v1.5.0
2026-01-08T07:30:25.4864983Z [1m[92m   Compiling[0m clap_lex v0.7.6
2026-01-08T07:30:25.5320094Z [1m[92m   Compiling[0m bitflags v1.3.2
2026-01-08T07:30:25.5652901Z [1m[92m   Compiling[0m inotify v0.9.6
2026-01-08T07:30:25.6697884Z [1m[92m   Compiling[0m clap_builder v4.5.54
2026-01-08T07:30:25.9224243Z [1m[92m   Compiling[0m rustpython-ast v0.4.0
2026-01-08T07:30:27.1859075Z [1m[92m   Compiling[0m futures-util v0.3.31
2026-01-08T07:30:28.2924676Z [1m[92m   Compiling[0m globset v0.4.18
2026-01-08T07:30:28.4609212Z [1m[92m   Compiling[0m hyper v1.8.1
2026-01-08T07:30:28.8408766Z [1m[92m   Compiling[0m munge v0.4.7
2026-01-08T07:30:28.8982761Z [1m[92m   Compiling[0m crossbeam-deque v0.8.6
2026-01-08T07:30:29.1726173Z [1m[92m   Compiling[0m rend v0.5.3
2026-01-08T07:30:30.1642806Z [1m[92m   Compiling[0m unic-emoji-char v0.9.0
2026-01-08T07:30:30.2856079Z [1m[92m   Compiling[0m unic-ucd-ident v0.9.0
2026-01-08T07:30:30.2953226Z [1m[92m   Compiling[0m crossbeam-channel v0.5.15
2026-01-08T07:30:30.4024964Z [1m[92m   Compiling[0m clap_derive v4.5.49
2026-01-08T07:30:30.4551143Z [1m[92m   Compiling[0m thiserror-impl v1.0.69
2026-01-08T07:30:30.7852887Z [1m[92m   Compiling[0m rkyv_derive v0.8.12
2026-01-08T07:30:31.5816334Z [1m[92m   Compiling[0m rmp v0.8.15
2026-01-08T07:30:31.8901868Z [1m[92m   Compiling[0m mio v0.8.11
2026-01-08T07:30:32.1828742Z [1m[92m   Compiling[0m filetime v0.2.26
2026-01-08T07:30:32.2071376Z [1m[92m   Compiling[0m fastrand v2.3.0
2026-01-08T07:30:32.3182459Z [1m[92m   Compiling[0m velo v0.1.0 (/home/runner/work/velo/velo)
2026-01-08T07:30:32.3906080Z [1m[92m   Compiling[0m lazy_static v1.5.0
2026-01-08T07:30:32.4290830Z [1m[92m   Compiling[0m base64 v0.22.1
2026-01-08T07:30:32.4761763Z [1m[92m   Compiling[0m hashbrown v0.15.5
2026-01-08T07:30:32.6158252Z [1m[92m   Compiling[0m constant_time_eq v0.3.1
2026-01-08T07:30:32.6634659Z [1m[92m   Compiling[0m chunked_transfer v1.5.0
2026-01-08T07:30:32.7355768Z [1m[92m   Compiling[0m lalrpop-util v0.20.2
2026-01-08T07:30:32.7370529Z [1m[92m   Compiling[0m arrayref v0.3.9
2026-01-08T07:30:32.7659877Z [1m[92m   Compiling[0m arrayvec v0.7.6
2026-01-08T07:30:32.8543610Z [1m[92m   Compiling[0m rustc-hash v1.1.0
2026-01-08T07:30:32.8970117Z [1m[92m   Compiling[0m ipnet v2.11.0
2026-01-08T07:30:32.9144497Z [1m[92m   Compiling[0m ascii v1.1.0
2026-01-08T07:30:33.0090759Z [1m[92m   Compiling[0m percent-encoding v2.3.2
2026-01-08T07:30:33.0737038Z [1m[92m   Compiling[0m iana-time-zone v0.1.64
2026-01-08T07:30:33.1447026Z [1m[92m   Compiling[0m tiny_http v0.12.0
2026-01-08T07:30:33.2794687Z [1m[92m   Compiling[0m chrono v0.4.42
2026-01-08T07:30:33.2863408Z [1m[92m   Compiling[0m hyper-util v0.1.19
2026-01-08T07:30:33.4468380Z [1m[92m   Compiling[0m rkyv v0.8.12
2026-01-08T07:30:35.2108378Z [1m[92m   Compiling[0m colored v2.2.0
2026-01-08T07:30:35.3031920Z [1m[92m   Compiling[0m tempfile v3.24.0
2026-01-08T07:30:35.5705674Z [1m[92m   Compiling[0m notify v6.1.1
2026-01-08T07:30:35.7189121Z [1m[92m   Compiling[0m clap v4.5.54
2026-01-08T07:30:35.7526955Z [1m[92m   Compiling[0m rmp-serde v1.3.1
2026-01-08T07:30:36.2055870Z [1m[92m   Compiling[0m nix v0.27.1
2026-01-08T07:30:37.1738622Z [1m[92m   Compiling[0m ignore v0.4.25
2026-01-08T07:30:37.9598204Z [1m[92m   Compiling[0m tower v0.5.2
2026-01-08T07:30:38.0117620Z [1m[92m   Compiling[0m http-body-util v0.1.3
2026-01-08T07:30:38.0300074Z [1m[92m   Compiling[0m regex v1.12.2
2026-01-08T07:30:38.2082433Z [1m[92m   Compiling[0m hostname v0.4.2
2026-01-08T07:30:38.2817778Z [1m[92m   Compiling[0m fs2 v0.4.3
2026-01-08T07:30:38.3768003Z [1m[92m   Compiling[0m hex v0.4.3
2026-01-08T07:30:48.7880415Z [1m[92m    Finished[0m `test` profile [unoptimized + debuginfo] target(s) in 46.80s
2026-01-08T07:30:48.8322139Z ────────────
2026-01-08T07:30:48.8323093Z [32;1m Nextest run[0m ID [1mc04c7f9d-6429-4596-b9d1-103305332c57[0m with nextest profile: [1mdefault[0m
2026-01-08T07:30:48.8324294Z [32;1m    Starting[0m [1m276[0m tests across [1m9[0m binaries ([1m1[0m test [33;1mskipped[0m)
2026-01-08T07:30:48.8408751Z [32;1m        PASS[0m [   0.007s] (  1/276) [35;1mvelo[0m [36mcache::tests[0m[36m::[0m[34;1mtest_cache_abi_compatibility_different[0m
2026-01-08T07:30:48.8410287Z [32;1m        PASS[0m [   0.007s] (  2/276) [35;1mvelo[0m [36mcache::tests[0m[36m::[0m[34;1mtest_cache_abi_compatibility_same[0m
2026-01-08T07:30:48.8411661Z [32;1m        PASS[0m [   0.008s] (  3/276) [35;1mvelo[0m [36mcache::tests[0m[36m::[0m[34;1mtest_cache_new_sets_metadata[0m
2026-01-08T07:30:48.8421023Z [32;1m        PASS[0m [   0.010s] (  4/276) [35;1mvelo[0m [36mcache::tests[0m[36m::[0m[34;1mtest_cache_fingerprint_mismatch[0m
2026-01-08T07:30:48.8482890Z [32;1m        PASS[0m [   0.008s] (  5/276) [35;1mvelo[0m [36mcache::tests[0m[36m::[0m[34;1mtest_cache_version_compatibility[0m
2026-01-08T07:30:48.8488361Z [32;1m        PASS[0m [   0.008s] (  6/276) [35;1mvelo[0m [36mcache::tests[0m[36m::[0m[34;1mtest_cache_save_load[0m
2026-01-08T07:30:48.8508345Z [32;1m        PASS[0m [   0.009s] (  7/276) [35;1mvelo[0m [36mcache::tests[0m[36m::[0m[34;1mtest_capture_critical_env_vars[0m
2026-01-08T07:30:48.8509631Z [32;1m        PASS[0m [   0.008s] (  8/276) [35;1mvelo[0m [36mcache::tests[0m[36m::[0m[34;1mtest_drift_detection_no_hash[0m
2026-01-08T07:30:48.8559635Z [32;1m        PASS[0m [   0.008s] (  9/276) [35;1mvelo[0m [36mcache::tests[0m[36m::[0m[34;1mtest_env_var_struct[0m
2026-01-08T07:30:48.8563918Z [32;1m        PASS[0m [   0.008s] ( 10/276) [35;1mvelo[0m [36mcache::tests[0m[36m::[0m[34;1mtest_fingerprint_computation[0m
2026-01-08T07:30:48.8581009Z [32;1m        PASS[0m [   0.008s] ( 11/276) [35;1mvelo[0m [36mcmd::analyze::tests[0m[36m::[0m[34;1mtest_parse_args_equals_syntax[0m
2026-01-08T07:30:48.8590161Z [32;1m        PASS[0m [   0.010s] ( 12/276) [35;1mvelo[0m [36mcmd::analyze::tests[0m[36m::[0m[34;1mtest_parse_args_default[0m
2026-01-08T07:30:48.8638946Z [32;1m        PASS[0m [   0.008s] ( 13/276) [35;1mvelo[0m [36mcmd::analyze::tests[0m[36m::[0m[34;1mtest_parse_args_fix_implies_suggest[0m
2026-01-08T07:30:48.8652923Z [32;1m        PASS[0m [   0.007s] ( 14/276) [35;1mvelo[0m [36mcmd::analyze::tests[0m[36m::[0m[34;1mtest_parse_args_with_file[0m
2026-01-08T07:30:48.8662129Z [32;1m        PASS[0m [   0.010s] ( 15/276) [35;1mvelo[0m [36mcmd::analyze::tests[0m[36m::[0m[34;1mtest_parse_args_output_equals_syntax[0m
2026-01-08T07:30:48.8684107Z [32;1m        PASS[0m [   0.009s] ( 16/276) [35;1mvelo[0m [36mcmd::analyze::tests[0m[36m::[0m[34;1mtest_parse_args_with_threshold[0m
2026-01-08T07:30:48.8723018Z [32;1m        PASS[0m [   0.008s] ( 17/276) [35;1mvelo[0m [36mcmd::analyze::tests[0m[36m::[0m[34;1mtest_truncate_str[0m
2026-01-08T07:30:48.8730294Z [32;1m        PASS[0m [   0.008s] ( 18/276) [35;1mvelo[0m [36mcmd::analyze::tests[0m[36m::[0m[34;1mtest_validate_path_dev_null[0m
2026-01-08T07:30:48.8752033Z [32;1m        PASS[0m [   0.008s] ( 19/276) [35;1mvelo[0m [36mcmd::analyze::tests[0m[36m::[0m[34;1mtest_validate_path_empty[0m
2026-01-08T07:30:48.8781939Z [32;1m        PASS[0m [   0.009s] ( 20/276) [35;1mvelo[0m [36mcmd::analyze::tests[0m[36m::[0m[34;1mtest_validate_path_null_byte[0m
2026-01-08T07:30:48.8808813Z [32;1m        PASS[0m [   0.007s] ( 21/276) [35;1mvelo[0m [36mcmd::analyze::tests[0m[36m::[0m[34;1mtest_validate_path_relative_traversal_nested[0m
2026-01-08T07:30:48.8810308Z [32;1m        PASS[0m [   0.008s] ( 22/276) [35;1mvelo[0m [36mcmd::analyze::tests[0m[36m::[0m[34;1mtest_validate_path_relative_traversal[0m
2026-01-08T07:30:48.8841572Z [32;1m        PASS[0m [   0.009s] ( 23/276) [35;1mvelo[0m [36mcmd::analyze::tests[0m[36m::[0m[34;1mtest_validate_path_valid[0m
2026-01-08T07:30:48.8869367Z [32;1m        PASS[0m [   0.008s] ( 24/276) [35;1mvelo[0m [36mcmd::bundle::tests[0m[36m::[0m[34;1mtest_missing_inspect_path_error[0m
2026-01-08T07:30:48.8889040Z [32;1m        PASS[0m [   0.008s] ( 25/276) [35;1mvelo[0m [36mcmd::bundle::tests[0m[36m::[0m[34;1mtest_missing_subcommand_error[0m
2026-01-08T07:30:48.8905339Z [32;1m        PASS[0m [   0.009s] ( 26/276) [35;1mvelo[0m [36mcmd::bundle::tests[0m[36m::[0m[34;1mtest_parse_build_default[0m
2026-01-08T07:30:48.8935799Z [32;1m        PASS[0m [   0.010s] ( 27/276) [35;1mvelo[0m [36mcmd::bundle::tests[0m[36m::[0m[34;1mtest_parse_build_with_args[0m
2026-01-08T07:30:48.8970728Z [32;1m        PASS[0m [   0.008s] ( 28/276) [35;1mvelo[0m [36mcmd::bundle::tests[0m[36m::[0m[34;1mtest_parse_inspect_subcommand[0m
2026-01-08T07:30:48.8974468Z [32;1m        PASS[0m [   0.008s] ( 29/276) [35;1mvelo[0m [36mcmd::bundle::tests[0m[36m::[0m[34;1mtest_parse_inspect_with_all_flags[0m
2026-01-08T07:30:48.8991112Z [32;1m        PASS[0m [   0.009s] ( 30/276) [35;1mvelo[0m [36mcmd::graph::tests[0m[36m::[0m[34;1mtest_missing_output_error[0m
2026-01-08T07:30:48.9028832Z [32;1m        PASS[0m [   0.008s] ( 31/276) [35;1mvelo[0m [36mcmd::graph::tests[0m[36m::[0m[34;1mtest_parse_generate_subcommand[0m
2026-01-08T07:30:48.9059207Z [32;1m        PASS[0m [   0.008s] ( 32/276) [35;1mvelo[0m [36mcmd::graph::tests[0m[36m::[0m[34;1mtest_missing_project_dir_error[0m
2026-01-08T07:30:48.9060578Z [32;1m        PASS[0m [   0.008s] ( 33/276) [35;1mvelo[0m [36mcmd::run::tests[0m[36m::[0m[34;1mtest_missing_script_error[0m
2026-01-08T07:30:48.9073330Z [32;1m        PASS[0m [   0.008s] ( 34/276) [35;1mvelo[0m [36mcmd::run::tests[0m[36m::[0m[34;1mtest_parse_basic[0m
2026-01-08T07:30:48.9106294Z [32;1m        PASS[0m [   0.008s] ( 35/276) [35;1mvelo[0m [36mcmd::run::tests[0m[36m::[0m[34;1mtest_parse_with_fast[0m
2026-01-08T07:30:48.9116675Z [32;1m        PASS[0m [   0.009s] ( 36/276) [35;1mvelo[0m [36mcmd::run::tests[0m[36m::[0m[34;1mtest_parse_with_async[0m
2026-01-08T07:30:48.9137774Z [32;1m        PASS[0m [   0.008s] ( 37/276) [35;1mvelo[0m [36mcmd::run::tests[0m[36m::[0m[34;1mtest_parse_with_profile[0m
2026-01-08T07:30:48.9169365Z [32;1m        PASS[0m [   0.009s] ( 38/276) [35;1mvelo[0m [36mcmd::run::tests[0m[36m::[0m[34;1mtest_parse_with_zygote[0m
2026-01-08T07:30:48.9188256Z [32;1m        PASS[0m [   0.008s] ( 39/276) [35;1mvelo[0m [36mcmd::run::tests[0m[36m::[0m[34;1mtest_project_dir_detection_relative_path[0m
2026-01-08T07:30:48.9219802Z [32;1m        PASS[0m [   0.008s] ( 40/276) [35;1mvelo[0m [36mcmd::run::tests[0m[36m::[0m[34;1mtest_validate_async_profile_mutual_exclusion[0m
2026-01-08T07:30:48.9249874Z [32;1m        PASS[0m [   0.012s] ( 41/276) [35;1mvelo[0m [36mcmd::run::tests[0m[36m::[0m[34;1mtest_unknown_option_error[0m
2026-01-08T07:30:48.9254482Z [32;1m        PASS[0m [   0.009s] ( 42/276) [35;1mvelo[0m [36mcmd::serve::tests[0m[36m::[0m[34;1mtest_missing_app_ok[0m
2026-01-08T07:30:48.9289643Z [32;1m        PASS[0m [   0.008s] ( 43/276) [35;1mvelo[0m [36mcmd::serve::tests[0m[36m::[0m[34;1mtest_parse_basic[0m
2026-01-08T07:30:48.9311621Z [32;1m        PASS[0m [   0.009s] ( 44/276) [35;1mvelo[0m [36mcmd::serve::tests[0m[36m::[0m[34;1mtest_parse_bind_shorthand[0m
2026-01-08T07:30:48.9327812Z [32;1m        PASS[0m [   0.009s] ( 45/276) [35;1mvelo[0m [36mcmd::serve::tests[0m[36m::[0m[34;1mtest_parse_no_zygote[0m
2026-01-08T07:30:48.9345669Z [32;1m        PASS[0m [   0.009s] ( 46/276) [35;1mvelo[0m [36mcmd::serve::tests[0m[36m::[0m[34;1mtest_parse_prod_mode[0m
2026-01-08T07:30:48.9360561Z [32;1m        PASS[0m [   0.009s] ( 47/276) [35;1mvelo[0m [36mcmd::serve::tests[0m[36m::[0m[34;1mtest_parse_with_options[0m
2026-01-08T07:30:48.9404434Z [32;1m        PASS[0m [   0.008s] ( 48/276) [35;1mvelo[0m [36mcmd::serve::tests[0m[36m::[0m[34;1mtest_unknown_option_error[0m
2026-01-08T07:30:48.9414053Z [32;1m        PASS[0m [   0.008s] ( 49/276) [35;1mvelo[0m [36mcmd::zygote::tests[0m[36m::[0m[34;1mtest_missing_subcommand_error[0m
2026-01-08T07:30:48.9429244Z [32;1m        PASS[0m [   0.008s] ( 50/276) [35;1mvelo[0m [36mcmd::zygote::tests[0m[36m::[0m[34;1mtest_parse_auto_config_subcommand[0m
2026-01-08T07:30:48.9458745Z [32;1m        PASS[0m [   0.008s] ( 51/276) [35;1mvelo[0m [36mcmd::zygote::tests[0m[36m::[0m[34;1mtest_parse_start_subcommand[0m
2026-01-08T07:30:48.9471995Z [32;1m        PASS[0m [   0.008s] ( 52/276) [35;1mvelo[0m [36mcmd::zygote::tests[0m[36m::[0m[34;1mtest_parse_start_with_preload[0m
2026-01-08T07:30:48.9514131Z [32;1m        PASS[0m [   0.009s] ( 53/276) [35;1mvelo[0m [36mcmd::zygote::tests[0m[36m::[0m[34;1mtest_parse_status_subcommand[0m
2026-01-08T07:30:48.9519785Z [32;1m        PASS[0m [   0.009s] ( 54/276) [35;1mvelo[0m [36mcmd::zygote::tests[0m[36m::[0m[34;1mtest_parse_stop_subcommand[0m
2026-01-08T07:30:48.9537952Z [32;1m        PASS[0m [   0.009s] ( 55/276) [35;1mvelo[0m [36mconfig::tests[0m[36m::[0m[34;1mtest_parse_toml_basic[0m
2026-01-08T07:30:48.9551840Z [32;1m        PASS[0m [   0.008s] ( 56/276) [35;1mvelo[0m [36mconfig::tests[0m[36m::[0m[34;1mtest_security_profile_selection[0m
2026-01-08T07:30:48.9582341Z [32;1m        PASS[0m [   0.008s] ( 57/276) [35;1mvelo[0m [36mgraph::builder::tests[0m[36m::[0m[34;1mtest_get_package_name[0m
2026-01-08T07:30:48.9598934Z [32;1m        PASS[0m [   0.008s] ( 58/276) [35;1mvelo[0m [36mgraph::builder::tests[0m[36m::[0m[34;1mtest_resolve_relative_imports[0m
2026-01-08T07:30:48.9618054Z [32;1m        PASS[0m [   0.008s] ( 59/276) [35;1mvelo[0m [36mgraph::builder::tests[0m[36m::[0m[34;1mtest_topological_order[0m
2026-01-08T07:30:48.9631189Z [32;1m        PASS[0m [   0.008s] ( 60/276) [35;1mvelo[0m [36mgraph::cycle::tests[0m[36m::[0m[34;1mtest_diamond_no_cycle[0m
2026-01-08T07:30:48.9660151Z [32;1m        PASS[0m [   0.007s] ( 61/276) [35;1mvelo[0m [36mgraph::cycle::tests[0m[36m::[0m[34;1mtest_simple_cycle[0m
2026-01-08T07:30:48.9695412Z [32;1m        PASS[0m [   0.010s] ( 62/276) [35;1mvelo[0m [36mgraph::cycle::tests[0m[36m::[0m[34;1mtest_two_sccs[0m
2026-01-08T07:30:48.9720165Z [32;1m        PASS[0m [   0.009s] ( 63/276) [35;1mvelo[0m [36mgraph::dependency::tests[0m[36m::[0m[34;1mtest_hard_dependency[0m
2026-01-08T07:30:48.9723362Z [32;1m        PASS[0m [   0.010s] ( 64/276) [35;1mvelo[0m [36mgraph::dependency::tests[0m[36m::[0m[34;1mtest_combined_l0_1[0m
2026-01-08T07:30:48.9742532Z [32;1m        PASS[0m [   0.008s] ( 65/276) [35;1mvelo[0m [36mgraph::dependency::tests[0m[36m::[0m[34;1mtest_multiple_imports_one_line[0m
2026-01-08T07:30:48.9790039Z [32;1m        PASS[0m [   0.008s] ( 66/276) [35;1mvelo[0m [36mgraph::dependency::tests[0m[36m::[0m[34;1mtest_relative_import_scanner[0m
2026-01-08T07:30:48.9809344Z [32;1m        PASS[0m [   0.008s] ( 67/276) [35;1mvelo[0m [36mgraph::dependency::tests[0m[36m::[0m[34;1mtest_soft_dependency_in_func[0m
2026-01-08T07:30:48.9811379Z [32;1m        PASS[0m [   0.008s] ( 68/276) [35;1mvelo[0m [36mgraph::dependency::tests[0m[36m::[0m[34;1mtest_type_checking_dependency[0m
2026-01-08T07:30:48.9833047Z [32;1m        PASS[0m [   0.009s] ( 69/276) [35;1mvelo[0m [36mgraph::serializer::tests[0m[36m::[0m[34;1mtest_arch_mismatch[0m
2026-01-08T07:30:48.9856826Z [32;1m        PASS[0m [   0.008s] ( 70/276) [35;1mvelo[0m [36mgraph::serializer::tests[0m[36m::[0m[34;1mtest_benchmark_deserialization[0m
2026-01-08T07:30:48.9886251Z [32;1m        PASS[0m [   0.008s] ( 71/276) [35;1mvelo[0m [36mhardware::tests[0m[36m::[0m[34;1mtest_hardware_format[0m
2026-01-08T07:30:48.9904443Z [32;1m        PASS[0m [   0.007s] ( 72/276) [35;1mvelo[0m [36mhardware_k8s::tests[0m[36m::[0m[34;1mtest_parse_cgroup_cpu_max_exact[0m
2026-01-08T07:30:48.9922402Z [32;1m        PASS[0m [   0.007s] ( 73/276) [35;1mvelo[0m [36mhardware_k8s::tests[0m[36m::[0m[34;1mtest_parse_cgroup_cpu_max_fractional_round_up[0m
2026-01-08T07:30:48.9960868Z [32;1m        PASS[0m [   0.007s] ( 74/276) [35;1mvelo[0m [36mhardware_k8s::tests[0m[36m::[0m[34;1mtest_parse_cgroup_cpu_max_small_fraction[0m
2026-01-08T07:30:48.9976481Z [32;1m        PASS[0m [   0.007s] ( 75/276) [35;1mvelo[0m [36mhardware_k8s::tests[0m[36m::[0m[34;1mtest_parse_cgroup_cpu_max_unlimited[0m
2026-01-08T07:30:48.9989750Z [32;1m        PASS[0m [   0.007s] ( 76/276) [35;1mvelo[0m [36mhardware_k8s::tests[0m[36m::[0m[34;1mtest_parse_cgroup_invalid_format[0m
2026-01-08T07:30:49.0192167Z [32;1m        PASS[0m [   0.020s] ( 77/276) [35;1mvelo[0m [36mlifecycle::safety::tests[0m[36m::[0m[34;1mtest_generate_worker_socket_path[0m
2026-01-08T07:30:49.0203270Z [32;1m        PASS[0m [   0.023s] ( 78/276) [35;1mvelo[0m [36mlifecycle::safety::tests[0m[36m::[0m[34;1mtest_environment_shield_config_override[0m
2026-01-08T07:30:49.0204839Z [32;1m        PASS[0m [   0.022s] ( 79/276) [35;1mvelo[0m [36mlifecycle::safety::tests[0m[36m::[0m[34;1mtest_generate_abstract_socket_name_linux[0m
2026-01-08T07:30:49.0259800Z [32;1m        PASS[0m [   0.007s] ( 80/276) [35;1mvelo[0m [36mlifecycle::safety::tests[0m[36m::[0m[34;1mtest_set_cloexec_on_fd[0m
2026-01-08T07:30:49.0265220Z [32;1m        PASS[0m [   0.007s] ( 81/276) [35;1mvelo[0m [36mlifecycle::safety::tests[0m[36m::[0m[34;1mtest_supports_abstract_sockets[0m
2026-01-08T07:30:49.0266765Z [32;1m        PASS[0m [   0.007s] ( 82/276) [35;1mvelo[0m [36mlifecycle::safety::tests[0m[36m::[0m[34;1mtest_unlink_socket_if_exists_sync_is_socket[0m
2026-01-08T07:30:49.0330299Z [32;1m        PASS[0m [   0.006s] ( 83/276) [35;1mvelo[0m [36mlifecycle::safety::tests[0m[36m::[0m[34;1mtest_unlink_socket_if_exists_sync_not_socket[0m
2026-01-08T07:30:49.0331987Z [32;1m        PASS[0m [   0.007s] ( 84/276) [35;1mvelo[0m [36mlifecycle::safety::tests[0m[36m::[0m[34;1mtest_unlink_socket_if_exists_sync_not_exists[0m
2026-01-08T07:30:49.0337119Z [32;1m        PASS[0m [   0.007s] ( 85/276) [35;1mvelo[0m [36mlifecycle::safety::tests[0m[36m::[0m[34;1mtest_variable_expansion[0m
2026-01-08T07:30:49.0388967Z [32;1m        PASS[0m [   0.006s] ( 86/276) [35;1mvelo[0m [36mloader::entry::tests[0m[36m::[0m[34;1mtest_module_entry_hash[0m
2026-01-08T07:30:49.0402591Z [32;1m        PASS[0m [   0.007s] ( 87/276) [35;1mvelo[0m [36mloader::header::tests[0m[36m::[0m[34;1mtest_magic_constant[0m
2026-01-08T07:30:49.0659303Z [32;1m        PASS[0m [   0.025s] ( 88/276) [35;1mvelo[0m [36mloader::security::tests[0m[36m::[0m[34;1mtest_max_bundle_size_constant[0m
2026-01-08T07:30:49.0678673Z [32;1m        PASS[0m [   0.032s] ( 89/276) [35;1mvelo[0m [36mloader::header::tests[0m[36m::[0m[34;1mtest_page_size_constant[0m
2026-01-08T07:30:49.0680099Z [32;1m        PASS[0m [   0.027s] ( 90/276) [35;1mvelo[0m [36mloader::header::tests[0m[36m::[0m[34;1mtest_version_constant[0m
2026-01-08T07:30:49.0727769Z [32;1m        PASS[0m [   0.007s] ( 91/276) [35;1mvelo[0m [36mloader::verify::tests[0m[36m::[0m[34;1mtest_blake3_calculation[0m
2026-01-08T07:30:49.0735042Z [32;1m        PASS[0m [   0.008s] ( 92/276) [35;1mvelo[0m [36mloader::verify::tests[0m[36m::[0m[34;1mtest_structural_guard_custom_offset[0m
2026-01-08T07:30:49.0737737Z [32;1m        PASS[0m [   0.007s] ( 93/276) [35;1mvelo[0m [36mloader::verify::tests[0m[36m::[0m[34;1mtest_structural_guard_recursion[0m
2026-01-08T07:30:49.0803348Z [32;1m        PASS[0m [   0.006s] ( 94/276) [35;1mvelo[0m [36mprofile::tests[0m[36m::[0m[34;1mtest_optimization_suggestions[0m
2026-01-08T07:30:49.0806715Z [32;1m        PASS[0m [   0.007s] ( 95/276) [35;1mvelo[0m [36mprofile::tests[0m[36m::[0m[34;1mtest_format_table[0m
2026-01-08T07:30:49.0808275Z [32;1m        PASS[0m [   0.008s] ( 96/276) [35;1mvelo[0m [36mloader::verify::tests[0m[36m::[0m[34;1mtest_structural_guard_tags[0m
2026-01-08T07:30:49.0870530Z [32;1m        PASS[0m [   0.007s] ( 97/276) [35;1mvelo[0m [36mprofile::tests[0m[36m::[0m[34;1mtest_sitecustomize_contains_import_hook[0m
2026-01-08T07:30:49.1122190Z [32;1m        PASS[0m [   0.032s] ( 98/276) [35;1mvelo[0m [36mprofile::tests[0m[36m::[0m[34;1mtest_top_imports_sorted[0m
2026-01-08T07:30:49.1152030Z [32;1m        PASS[0m [   0.027s] ( 99/276) [35;1mvelo[0m [36mprofile::tests[0m[36m::[0m[34;1mtest_truncate_string[0m
2026-01-08T07:30:49.1153746Z [32;1m        PASS[0m [   0.034s] (100/276) [35;1mvelo[0m [36mprofile::tests[0m[36m::[0m[34;1mtest_profile_data_from_json[0m
2026-01-08T07:30:49.1193883Z [32;1m        PASS[0m [   0.007s] (101/276) [35;1mvelo[0m [36mproxy::config::tests[0m[36m::[0m[34;1mtest_proxy_config_custom[0m
2026-01-08T07:30:49.1195551Z [32;1m        PASS[0m [   0.139s] (102/276) [35;1mvelo[0m [36mhardware::tests[0m[36m::[0m[34;1mtest_hardware_detection[0m
2026-01-08T07:30:49.1223067Z [32;1m        PASS[0m [   0.008s] (103/276) [35;1mvelo[0m [36mproxy::config::tests[0m[36m::[0m[34;1mtest_proxy_config_default_values[0m
2026-01-08T07:30:49.1230526Z [32;1m        PASS[0m [   0.007s] (104/276) [35;1mvelo[0m [36mproxy::config::tests[0m[36m::[0m[34;1mtest_proxy_config_lenient[0m
2026-01-08T07:30:49.1273437Z [32;1m        PASS[0m [   0.008s] (105/276) [35;1mvelo[0m [36mproxy::load_balancer::tests[0m[36m::[0m[34;1mtest_add_worker_increases_count[0m
2026-01-08T07:30:49.1279176Z [32;1m        PASS[0m [   0.008s] (106/276) [35;1mvelo[0m [36mproxy::config::tests[0m[36m::[0m[34;1mtest_proxy_config_strict[0m
2026-01-08T07:30:49.1307097Z [32;1m        PASS[0m [   0.008s] (107/276) [35;1mvelo[0m [36mproxy::load_balancer::tests[0m[36m::[0m[34;1mtest_connection_guard_raii[0m
2026-01-08T07:30:49.1350892Z [32;1m        PASS[0m [   0.007s] (108/276) [35;1mvelo[0m [36mproxy::load_balancer::tests[0m[36m::[0m[34;1mtest_load_balancer_least_connections[0m
2026-01-08T07:30:49.2729592Z [32;1m        PASS[0m [   0.150s] (109/276) [35;1mvelo[0m [36mproxy::load_balancer::tests[0m[36m::[0m[34;1mtest_graceful_shutdown_timeout[0m
2026-01-08T07:30:49.2732031Z [32;1m        PASS[0m [   0.138s] (110/276) [35;1mvelo[0m [36mproxy::load_balancer::tests[0m[36m::[0m[34;1mtest_load_balancer_unhealthy_worker[0m
2026-01-08T07:30:49.2734834Z [32;1m        PASS[0m [   0.142s] (111/276) [35;1mvelo[0m [36mproxy::load_balancer::tests[0m[36m::[0m[34;1mtest_load_balancer_no_healthy_workers[0m
2026-01-08T07:30:49.2739009Z [32;1m        PASS[0m [   0.146s] (112/276) [35;1mvelo[0m [36mproxy::load_balancer::tests[0m[36m::[0m[34;1mtest_graceful_shutdown_waits_for_connections[0m
2026-01-08T07:30:49.2813801Z [32;1m        PASS[0m [   0.007s] (113/276) [35;1mvelo[0m [36mproxy::service::tests[0m[36m::[0m[34;1mtest_ensure_trace_context_preserves_existing[0m
2026-01-08T07:30:49.2818171Z [32;1m        PASS[0m [   0.008s] (114/276) [35;1mvelo[0m [36mproxy::load_balancer::tests[0m[36m::[0m[34;1mtest_worker_node_connection_tracking[0m
2026-01-08T07:30:49.2826172Z [32;1m        PASS[0m [   0.008s] (115/276) [35;1mvelo[0m [36mproxy::load_balancer::tests[0m[36m::[0m[34;1mtest_remove_worker_decreases_count[0m
2026-01-08T07:30:49.2829031Z [32;1m        PASS[0m [   0.009s] (116/276) [35;1mvelo[0m [36mproxy::service::tests[0m[36m::[0m[34;1mtest_ensure_trace_context_generates_new[0m
2026-01-08T07:30:49.2890923Z [32;1m        PASS[0m [   0.008s] (117/276) [35;1mvelo[0m [36mproxy::service::tests[0m[36m::[0m[34;1mtest_inject_x_forwarded_host_from_host_header[0m
2026-01-08T07:30:49.3217718Z [32;1m        PASS[0m [   0.040s] (118/276) [35;1mvelo[0m [36mproxy::service::tests[0m[36m::[0m[34;1mtest_inject_x_forwarded_for_from_client_addr[0m
2026-01-08T07:30:49.3258782Z [32;1m        PASS[0m [   0.039s] (119/276) [35;1mvelo[0m [36mproxy::service::tests[0m[36m::[0m[34;1mtest_inject_x_forwarded_for_appends_to_existing[0m
2026-01-08T07:30:49.3260807Z [32;1m        PASS[0m [   0.032s] (120/276) [35;1mvelo[0m [36mproxy::service::tests[0m[36m::[0m[34;1mtest_inject_x_forwarded_proto_default_http[0m
2026-01-08T07:30:49.3262613Z [32;1m        PASS[0m [   0.039s] (121/276) [35;1mvelo[0m [36mproxy::service::tests[0m[36m::[0m[34;1mtest_inject_x_forwarded_port[0m
2026-01-08T07:30:49.3290628Z [32;1m        PASS[0m [   0.008s] (122/276) [35;1mvelo[0m [36mproxy::service::tests[0m[36m::[0m[34;1mtest_proxy_service_creation[0m
2026-01-08T07:30:49.3292550Z [32;1m        PASS[0m [   0.008s] (123/276) [35;1mvelo[0m [36mproxy::service::tests[0m[36m::[0m[34;1mtest_inject_x_forwarded_proto_preserves_existing[0m
2026-01-08T07:30:49.3295202Z [32;1m        PASS[0m [   0.008s] (124/276) [35;1mvelo[0m [36mproxy::service::tests[0m[36m::[0m[34;1mtest_strip_hop_by_hop_headers[0m
2026-01-08T07:30:49.3328509Z [32;1m        PASS[0m [   0.011s] (125/276) [35;1mvelo[0m [36mproxy::service::tests[0m[36m::[0m[34;1mtest_strip_connection_listed_headers[0m
2026-01-08T07:30:49.3370413Z [32;1m        PASS[0m [   0.008s] (126/276) [35;1mvelo[0m [36mproxy::upstream::tests[0m[36m::[0m[34;1mtest_recommended_buffer_size_constant[0m
2026-01-08T07:30:49.3399259Z [32;1m        PASS[0m [   0.008s] (127/276) [35;1mvelo[0m [36mproxy::upstream::tests[0m[36m::[0m[34;1mtest_set_and_get_socket_buffer_sizes[0m
2026-01-08T07:30:49.3401554Z [32;1m        PASS[0m [   0.008s] (128/276) [35;1mvelo[0m [36mproxy::upstream::tests[0m[36m::[0m[34;1mtest_socket_target_authority_unique_per_worker[0m
2026-01-08T07:30:49.3545491Z [32;1m        PASS[0m [   0.022s] (129/276) [35;1mvelo[0m [36mproxy::upstream::tests[0m[36m::[0m[34;1mtest_socket_target_from_pathbuf[0m
2026-01-08T07:30:49.3548351Z [32;1m        PASS[0m [   0.018s] (130/276) [35;1mvelo[0m [36mproxy::upstream::tests[0m[36m::[0m[34;1mtest_socket_target_from_string[0m
2026-01-08T07:30:49.3549934Z [32;1m        PASS[0m [   0.017s] (131/276) [35;1mvelo[0m [36mproxy::upstream::tests[0m[36m::[0m[34;1mtest_uds_connector_connects_to_real_socket[0m
2026-01-08T07:30:49.3552856Z [32;1m        PASS[0m [   0.018s] (132/276) [35;1mvelo[0m [36mproxy::upstream::tests[0m[36m::[0m[34;1mtest_socket_target_new_with_worker_id[0m
2026-01-08T07:30:49.3623645Z [32;1m        PASS[0m [   0.007s] (133/276) [35;1mvelo[0m [36mproxy::upstream::tests[0m[36m::[0m[34;1mtest_uds_connector_with_target[0m
2026-01-08T07:30:49.3625196Z [32;1m        PASS[0m [   0.008s] (134/276) [35;1mvelo[0m [36mproxy::upstream::tests[0m[36m::[0m[34;1mtest_uds_connector_fails_on_nonexistent_socket[0m
2026-01-08T07:30:49.3631714Z [32;1m        PASS[0m [   0.008s] (135/276) [35;1mvelo[0m [36mproxy::upstream::tests[0m[36m::[0m[34;1mtest_uds_connector_set_target[0m
2026-01-08T07:30:49.3696742Z [32;1m        PASS[0m [   0.014s] (136/276) [35;1mvelo[0m [36mproxy::upstream::tests[0m[36m::[0m[34;1mtest_uds_target_creation[0m
2026-01-08T07:30:49.3707140Z [32;1m        PASS[0m [   0.008s] (137/276) [35;1mvelo[0m [36mpython_info::tests[0m[36m::[0m[34;1mtest_abi_compatibility_different[0m
2026-01-08T07:30:49.3710298Z [32;1m        PASS[0m [   0.008s] (138/276) [35;1mvelo[0m [36mpython_info::tests[0m[36m::[0m[34;1mtest_abi_compatibility_same[0m
2026-01-08T07:30:49.4170018Z [32;1m        PASS[0m [   0.047s] (139/276) [35;1mvelo[0m [36mpython_info::tests[0m[36m::[0m[34;1mtest_display_format[0m
2026-01-08T07:30:49.4172127Z [32;1m        PASS[0m [   0.046s] (140/276) [35;1mvelo[0m [36mpython_info::tests[0m[36m::[0m[34;1mtest_python_version_parse_invalid[0m
2026-01-08T07:30:49.4200387Z [32;1m        PASS[0m [   0.049s] (141/276) [35;1mvelo[0m [36mpython_info::tests[0m[36m::[0m[34;1mtest_python_version_parse_full[0m
2026-01-08T07:30:49.4248719Z [32;1m        PASS[0m [   0.007s] (142/276) [35;1mvelo[0m [36mpython_info::tests[0m[36m::[0m[34;1mtest_python_version_parse_major_minor_only[0m
2026-01-08T07:30:49.4254208Z [32;1m        PASS[0m [   0.008s] (143/276) [35;1mvelo[0m [36mpython_info::tests[0m[36m::[0m[34;1mtest_python_version_parse_with_whitespace[0m
2026-01-08T07:30:49.4297113Z [32;1m        PASS[0m [   0.008s] (144/276) [35;1mvelo[0m [36mpython_info::tests[0m[36m::[0m[34;1mtest_python_version_to_string[0m
2026-01-08T07:30:49.4330526Z [32;1m        PASS[0m [   0.008s] (145/276) [35;1mvelo[0m [36mpython_info::tests[0m[36m::[0m[34;1mtest_version_compatibility[0m
2026-01-08T07:30:49.4352883Z [32;1m        PASS[0m [   0.010s] (146/276) [35;1mvelo[0m [36mserve::config::tests[0m[36m::[0m[34;1mtest_validate_app_target_invalid[0m
2026-01-08T07:30:49.4376899Z [32;1m        PASS[0m [   0.009s] (147/276) [35;1mvelo[0m [36mserve::config::tests[0m[36m::[0m[34;1mtest_validate_app_target_valid[0m
2026-01-08T07:30:49.4406851Z [32;1m        PASS[0m [   0.008s] (148/276) [35;1mvelo[0m [36mserve::error::tests[0m[36m::[0m[34;1mtest_all_error_variants_have_exit_codes[0m
2026-01-08T07:30:49.4425740Z [32;1m        PASS[0m [   0.007s] (149/276) [35;1mvelo[0m [36mserve::error::tests[0m[36m::[0m[34;1mtest_error_display[0m
2026-01-08T07:30:49.4585143Z [32;1m        PASS[0m [   0.016s] (150/276) [35;1mvelo[0m [36mserve::error::tests[0m[36m::[0m[34;1mtest_error_display_pid_file_exists[0m
2026-01-08T07:30:49.4590743Z [32;1m        PASS[0m [   0.018s] (151/276) [35;1mvelo[0m [36mserve::error::tests[0m[36m::[0m[34;1mtest_error_display_path_traversal[0m
2026-01-08T07:30:49.4592322Z [32;1m        PASS[0m [   0.021s] (152/276) [35;1mvelo[0m [36mserve::error::tests[0m[36m::[0m[34;1mtest_error_display_invalid_app_format[0m
2026-01-08T07:30:49.4645551Z [32;1m        PASS[0m [   0.006s] (153/276) [35;1mvelo[0m [36mserve::error::tests[0m[36m::[0m[34;1mtest_error_display_shell_metacharacters[0m
2026-01-08T07:30:49.4661271Z [32;1m        PASS[0m [   0.007s] (154/276) [35;1mvelo[0m [36mserve::error::tests[0m[36m::[0m[34;1mtest_exit_code_port_in_use[0m
2026-01-08T07:30:49.4664426Z [32;1m        PASS[0m [   0.008s] (155/276) [35;1mvelo[0m [36mserve::error::tests[0m[36m::[0m[34;1mtest_error_display_shutdown_timeout[0m
2026-01-08T07:30:49.4718555Z [32;1m        PASS[0m [   0.007s] (156/276) [35;1mvelo[0m [36mserve::error::tests[0m[36m::[0m[34;1mtest_exit_code_python_not_found[0m
2026-01-08T07:30:49.4739872Z [32;1m        PASS[0m [   0.008s] (157/276) [35;1mvelo[0m [36mserve::error::tests[0m[36m::[0m[34;1mtest_exit_code_server_start_failed_propagates[0m
2026-01-08T07:30:49.4754830Z [32;1m        PASS[0m [   0.009s] (158/276) [35;1mvelo[0m [36mserve::error::tests[0m[36m::[0m[34;1mtest_exit_code_timeout[0m
2026-01-08T07:30:49.4767122Z [32;1m        PASS[0m [   0.114s] (159/276) [35;1mvelo[0m [36mpython_info::tests[0m[36m::[0m[34;1mtest_detect_from_system_python[0m
2026-01-08T07:30:49.4802594Z [32;1m        PASS[0m [   0.008s] (160/276) [35;1mvelo[0m [36mserve::error::tests[0m[36m::[0m[34;1mtest_exit_codes[0m
2026-01-08T07:30:49.4822077Z [32;1m        PASS[0m [   0.007s] (161/276) [35;1mvelo[0m [36mserve::error::tests[0m[36m::[0m[34;1mtest_has_hint[0m
2026-01-08T07:30:49.4838648Z [32;1m        PASS[0m [   0.007s] (162/276) [35;1mvelo[0m [36mserve::error::tests[0m[36m::[0m[34;1mtest_has_hint_app_not_detected[0m
2026-01-08T07:30:49.4849663Z [32;1m        PASS[0m [   0.008s] (163/276) [35;1mvelo[0m [36mserve::error::tests[0m[36m::[0m[34;1mtest_has_hint_invalid_app_format[0m
2026-01-08T07:30:49.4882892Z [32;1m        PASS[0m [   0.008s] (164/276) [35;1mvelo[0m [36mserve::error::tests[0m[36m::[0m[34;1mtest_no_hint_for_security_errors[0m
2026-01-08T07:30:49.4906321Z [32;1m        PASS[0m [   0.008s] (165/276) [35;1mvelo[0m [36mserve::error::tests[0m[36m::[0m[34;1mtest_source_pointed_app_not_detected_shows_path[0m
2026-01-08T07:30:49.4917293Z [32;1m        PASS[0m [   0.008s] (166/276) [35;1mvelo[0m [36mserve::error::tests[0m[36m::[0m[34;1mtest_source_pointed_contains_error_header[0m
2026-01-08T07:30:49.4929610Z [32;1m        PASS[0m [   0.008s] (167/276) [35;1mvelo[0m [36mserve::error::tests[0m[36m::[0m[34;1mtest_source_pointed_invalid_app_format_shows_help[0m
2026-01-08T07:30:49.5131018Z [32;1m        PASS[0m [   0.025s] (168/276) [35;1mvelo[0m [36mserve::error::tests[0m[36m::[0m[34;1mtest_source_pointed_missing_dependency_shows_fix[0m
2026-01-08T07:30:49.5139399Z [32;1m        PASS[0m [   0.023s] (169/276) [35;1mvelo[0m [36mserve::error::tests[0m[36m::[0m[34;1mtest_source_pointed_port_in_use_suggests_alternative[0m
2026-01-08T07:30:49.5156120Z [32;1m        PASS[0m [   0.022s] (170/276) [35;1mvelo[0m [36mserve::error::tests[0m[36m::[0m[34;1mtest_source_pointed_shell_metacharacters_security_note[0m
2026-01-08T07:30:49.5158024Z [32;1m        PASS[0m [   0.022s] (171/276) [35;1mvelo[0m [36mserve::framework::tests[0m[36m::[0m[34;1mtest_detect_django_from_requirements[0m
2026-01-08T07:30:49.5208278Z [32;1m        PASS[0m [   0.008s] (172/276) [35;1mvelo[0m [36mserve::framework::tests[0m[36m::[0m[34;1mtest_detect_fastapi_from_pyproject[0m
2026-01-08T07:30:49.5239288Z [32;1m        PASS[0m [   0.008s] (173/276) [35;1mvelo[0m [36mserve::framework::tests[0m[36m::[0m[34;1mtest_detect_unknown[0m
2026-01-08T07:30:49.5241337Z [32;1m        PASS[0m [   0.008s] (174/276) [35;1mvelo[0m [36mserve::framework::tests[0m[36m::[0m[34;1mtest_get_server_type_django_returns_gunicorn[0m
2026-01-08T07:30:49.5243000Z [32;1m        PASS[0m [   0.010s] (175/276) [35;1mvelo[0m [36mserve::framework::tests[0m[36m::[0m[34;1mtest_detect_flask[0m
2026-01-08T07:30:49.5293966Z [32;1m        PASS[0m [   0.008s] (176/276) [35;1mvelo[0m [36mserve::framework::tests[0m[36m::[0m[34;1mtest_get_server_type_flask_returns_gunicorn[0m
2026-01-08T07:30:49.5299868Z [32;1m        PASS[0m [   0.008s] (177/276) [35;1mvelo[0m [36mserve::framework::tests[0m[36m::[0m[34;1mtest_get_server_type_fastapi_returns_uvicorn[0m
2026-01-08T07:30:49.5605654Z [32;1m        PASS[0m [   0.038s] (178/276) [35;1mvelo[0m [36mserve::framework::tests[0m[36m::[0m[34;1mtest_get_server_type_starlette_returns_uvicorn[0m
2026-01-08T07:30:49.5614937Z [32;1m        PASS[0m [   0.037s] (179/276) [35;1mvelo[0m [36mserve::framework::tests[0m[36m::[0m[34;1mtest_get_server_type_unknown_defaults_to_uvicorn[0m
2026-01-08T07:30:49.5619505Z [32;1m        PASS[0m [   0.032s] (180/276) [35;1mvelo[0m [36mserve::framework::tests[0m[36m::[0m[34;1mtest_preload_modules_fastapi[0m
2026-01-08T07:30:49.5649463Z [32;1m        PASS[0m [   0.034s] (181/276) [35;1mvelo[0m [36mserve::framework::tests[0m[36m::[0m[34;1mtest_preload_modules_django[0m
2026-01-08T07:30:49.5686074Z [32;1m        PASS[0m [   0.008s] (182/276) [35;1mvelo[0m [36mserve::framework::tests[0m[36m::[0m[34;1mtest_preload_modules_flask[0m
2026-01-08T07:30:49.5691834Z [32;1m        PASS[0m [   0.007s] (183/276) [35;1mvelo[0m [36mserve::framework::tests[0m[36m::[0m[34;1mtest_preload_modules_starlette[0m
2026-01-08T07:30:49.5703785Z [32;1m        PASS[0m [   0.008s] (184/276) [35;1mvelo[0m [36mserve::framework::tests[0m[36m::[0m[34;1mtest_preload_modules_unknown[0m
2026-01-08T07:30:49.5720029Z [32;1m        PASS[0m [   0.009s] (185/276) [35;1mvelo[0m [36mserve::framework::tests[0m[36m::[0m[34;1mtest_server_display_gunicorn[0m
2026-01-08T07:30:49.5767789Z [32;1m        PASS[0m [   0.007s] (186/276) [35;1mvelo[0m [36mserve::framework::tests[0m[36m::[0m[34;1mtest_server_display_uvicorn[0m
2026-01-08T07:30:49.5776793Z [32;1m        PASS[0m [   0.008s] (187/276) [35;1mvelo[0m [36mserve::framework::tests[0m[36m::[0m[34;1mtest_server_install_hint_gunicorn[0m
2026-01-08T07:30:49.5780658Z [32;1m        PASS[0m [   0.008s] (188/276) [35;1mvelo[0m [36mserve::framework::tests[0m[36m::[0m[34;1mtest_server_install_hint_uvicorn[0m
2026-01-08T07:30:49.5802463Z [32;1m        PASS[0m [   0.008s] (189/276) [35;1mvelo[0m [36mserve::framework::tests[0m[36m::[0m[34;1mtest_server_module_name_gunicorn[0m
2026-01-08T07:30:49.5849040Z [32;1m        PASS[0m [   0.008s] (190/276) [35;1mvelo[0m [36mserve::framework::tests[0m[36m::[0m[34;1mtest_server_module_name_uvicorn[0m
2026-01-08T07:30:49.5869004Z [32;1m        PASS[0m [   0.008s] (191/276) [35;1mvelo[0m [36mserve::health::tests[0m[36m::[0m[34;1mtest_handle_healthz[0m
2026-01-08T07:30:49.5870566Z [32;1m        PASS[0m [   0.008s] (192/276) [35;1mvelo[0m [36mserve::health::tests[0m[36m::[0m[34;1mtest_handle_not_found[0m
2026-01-08T07:30:49.5880237Z [32;1m        PASS[0m [   0.007s] (193/276) [35;1mvelo[0m [36mserve::health::tests[0m[36m::[0m[34;1mtest_handle_readyz_not_ready[0m
2026-01-08T07:30:49.5923009Z [32;1m        PASS[0m [   0.007s] (194/276) [35;1mvelo[0m [36mserve::health::tests[0m[36m::[0m[34;1mtest_handle_readyz_ready[0m
2026-01-08T07:30:49.5939939Z [32;1m        PASS[0m [   0.008s] (195/276) [35;1mvelo[0m [36mserve::health::tests[0m[36m::[0m[34;1mtest_sec_p0_004_no_metadata[0m
2026-01-08T07:30:49.5948959Z [32;1m        PASS[0m [   0.009s] (196/276) [35;1mvelo[0m [36mserve::runner::tests[0m[36m::[0m[34;1mtest_event_channel_multiple_signals[0m
2026-01-08T07:30:49.5993064Z [32;1m        PASS[0m [   0.007s] (197/276) [35;1mvelo[0m [36mserve::runner::tests[0m[36m::[0m[34;1mtest_event_channel_send_receive[0m
2026-01-08T07:30:49.6008345Z [32;1m        PASS[0m [   0.007s] (198/276) [35;1mvelo[0m [36mserve::runner::tests[0m[36m::[0m[34;1mtest_event_channel_sender_dropped[0m
2026-01-08T07:30:49.6022132Z [32;1m        PASS[0m [   0.007s] (199/276) [35;1mvelo[0m [36mserve::runner::tests[0m[36m::[0m[34;1mtest_managed_child_creates_pid_file[0m
2026-01-08T07:30:49.6072899Z [32;1m        PASS[0m [   0.008s] (200/276) [35;1mvelo[0m [36mserve::runner::tests[0m[36m::[0m[34;1mtest_managed_child_id[0m
2026-01-08T07:30:49.6075652Z [32;1m        PASS[0m [   0.006s] (201/276) [35;1mvelo[0m [36mserve::runner::tests[0m[36m::[0m[34;1mtest_managed_child_kill[0m
2026-01-08T07:30:49.6101132Z [32;1m        PASS[0m [   0.008s] (202/276) [35;1mvelo[0m [36mserve::runner::tests[0m[36m::[0m[34;1mtest_managed_child_removes_pid_file_on_drop[0m
2026-01-08T07:30:49.6151806Z [32;1m        PASS[0m [   0.008s] (203/276) [35;1mvelo[0m [36mserve::runner::tests[0m[36m::[0m[34;1mtest_managed_child_spawn_success[0m
2026-01-08T07:30:49.6207910Z [32;1m        PASS[0m [   0.006s] (204/276) [35;1mvelo[0m [36mserve::runner::tests[0m[36m::[0m[34;1mtest_server_event_signal_debug_format[0m
2026-01-08T07:30:49.6265439Z [32;1m        PASS[0m [   0.006s] (205/276) [35;1mvelo[0m [36mserve::runner::tests[0m[36m::[0m[34;1mtest_server_event_worker_exit_debug_format[0m
2026-01-08T07:30:49.6449212Z [32;1m        PASS[0m [   0.057s] (206/276) [35;1mvelo[0m [36mserve::runner::tests[0m[36m::[0m[34;1mtest_event_channel_receiver_timeout[0m
2026-01-08T07:30:49.6505876Z [32;1m        PASS[0m [   0.006s] (207/276) [35;1mvelo[0m [36mserve::runner::tests[0m[36m::[0m[34;1mtest_spawn_signal_forwarder_success[0m
2026-01-08T07:30:49.6560848Z [32;1m        PASS[0m [   0.005s] (208/276) [35;1mvelo[0m [36mserve::worker::tests[0m[36m::[0m[34;1mtest_validate_app_path_invalid[0m
2026-01-08T07:30:49.6619734Z [32;1m        PASS[0m [   0.006s] (209/276) [35;1mvelo[0m [36mserve::worker::tests[0m[36m::[0m[34;1mtest_validate_app_path_valid[0m
2026-01-08T07:30:49.6652916Z [32;1m        PASS[0m [   0.058s] (210/276) [35;1mvelo[0m [36mserve::runner::tests[0m[36m::[0m[34;1mtest_managed_child_terminate[0m
2026-01-08T07:30:49.6675717Z [32;1m        PASS[0m [   0.006s] (211/276) [35;1mvelo[0m [36mshm::alignment::tests[0m[36m::[0m[34;1mtest_huge_page_alignment[0m
2026-01-08T07:30:49.6708870Z [32;1m        PASS[0m [   0.006s] (212/276) [35;1mvelo[0m [36mshm::alignment::tests[0m[36m::[0m[34;1mtest_padding_calculations[0m
2026-01-08T07:30:49.6732727Z [32;1m        PASS[0m [   0.006s] (213/276) [35;1mvelo[0m [36mshm::tests_titanium::tests[0m[36m::[0m[34;1mtest_h29_padding_logic[0m
2026-01-08T07:30:49.6766534Z [32;1m        PASS[0m [   0.006s] (214/276) [35;1mvelo[0m [36mshm::tests_titanium::tests[0m[36m::[0m[34;1mtest_numa_constants[0m
2026-01-08T07:30:49.6798469Z [31;1m        FAIL[0m [   0.006s] (215/276) [35;1mvelo[0m [36mshm::tests_titanium::tests[0m[36m::[0m[34;1mtest_qa_alignment_scheme_b_integration[0m
2026-01-08T07:30:49.6799910Z [31;1m [0m [31;1mstdout[0m [31;1m───[0m
2026-01-08T07:30:49.6800251Z 
2026-01-08T07:30:49.6800366Z     running 1 test
2026-01-08T07:30:49.6800915Z     test shm::tests_titanium::tests::test_qa_alignment_scheme_b_integration ... FAILED
2026-01-08T07:30:49.6801406Z 
2026-01-08T07:30:49.6801523Z     failures:
2026-01-08T07:30:49.6801692Z 
2026-01-08T07:30:49.6801802Z     failures:
2026-01-08T07:30:49.6802277Z         shm::tests_titanium::tests::test_qa_alignment_scheme_b_integration
2026-01-08T07:30:49.6802728Z 
2026-01-08T07:30:49.6803146Z     test result: FAILED. 0 passed; 1 failed; 0 ignored; 0 measured; 231 filtered out; finished in 0.00s
2026-01-08T07:30:49.6803942Z     [0m
2026-01-08T07:30:49.6804362Z [31;1m [0m [31;1mstderr[0m [31;1m───[0m
2026-01-08T07:30:49.6805201Z     ⚠️ H-20 Warning: HugePages mmap RW failed with ENOMEM, falling back to standard pages.
2026-01-08T07:30:49.6805751Z 
2026-01-08T07:30:49.6806667Z     [0m[31;1mthread 'shm::tests_titanium::tests::test_qa_alignment_scheme_b_integration' (6554) panicked at src/shm/tests_titanium.rs:112:17:[0m
2026-01-08T07:30:49.6808022Z     [31;1mQA FAILURE: SHM size 64 is not aligned to HugePage (2MB) nor standard page (4KB)[0m
2026-01-08T07:30:49.6808596Z     note: run with `RUST_BACKTRACE=1` environment variable to display a backtrace[0m
2026-01-08T07:30:49.6808886Z 
2026-01-08T07:30:49.6809120Z [31;1m  Cancelling[0m due to [31;1mtest failure[0m: [1m3[0m tests still running
2026-01-08T07:30:49.6826007Z [32;1m        PASS[0m [   0.006s] (216/276) [35;1mvelo[0m [36mshm::tests_titanium::tests[0m[36m::[0m[34;1mtest_qa_boundary_limits[0m
2026-01-08T07:30:49.7170883Z [32;1m        PASS[0m [   0.107s] (217/276) [35;1mvelo[0m [36mserve::runner::tests[0m[36m::[0m[34;1mtest_managed_child_wait_timeout_returns_none_for_running[0m
2026-01-08T07:30:50.6411316Z [32;1m        PASS[0m [   1.015s] (218/276) [35;1mvelo[0m [36mserve::runner::tests[0m[36m::[0m[34;1mtest_spawn_signal_forwarder_exits_when_sender_dropped[0m
2026-01-08T07:30:50.6412289Z ────────────
2026-01-08T07:30:50.6413073Z [31;1m     Summary[0m [   1.809s] [1m218[0m/[1m276[0m tests run: [1m217[0m [32;1mpassed[0m, [1m1[0m [31;1mfailed[0m, [1m1[0m [33;1mskipped[0m
2026-01-08T07:30:50.6414394Z [31;1m        FAIL[0m [   0.006s] (215/276) [35;1mvelo[0m [36mshm::tests_titanium::tests[0m[36m::[0m[34;1mtest_qa_alignment_scheme_b_integration[0m
2026-01-08T07:30:50.6415793Z [33;1mwarning[0m: [1m58[0m/[1m276[0m tests were not run due to [33;1mtest failure[0m (run with [1m--no-fail-fast[0m to run all tests, or run with [1m--max-fail[0m)
2026-01-08T07:30:50.6425085Z [31;1merror[0m: test run failed
2026-01-08T07:30:50.6436187Z error: process didn't exit successfully: `/home/runner/.rustup/toolchains/1.92.0-x86_64-unknown-linux-gnu/bin/cargo nextest run --manifest-path /home/runner/work/velo/velo/Cargo.toml --target-dir /home/runner/work/velo/velo/target/llvm-cov-target` (exit status: 100)
2026-01-08T07:30:50.6450721Z ##[error]Process completed with exit code 1.
2026-01-08T07:30:50.6532706Z Post job cleanup.
2026-01-08T07:30:50.7464520Z [command]/usr/bin/git version
2026-01-08T07:30:50.7501252Z git version 2.52.0
2026-01-08T07:30:50.7545946Z Temporarily overriding HOME='/home/runner/work/_temp/12d8fdc3-bc46-4da0-b49c-dc9fc51ddd7c' before making global git config changes
2026-01-08T07:30:50.7547251Z Adding repository directory to the temporary git global config as a safe directory
2026-01-08T07:30:50.7552504Z [command]/usr/bin/git config --global --add safe.directory /home/runner/work/velo/velo
2026-01-08T07:30:50.7587273Z [command]/usr/bin/git config --local --name-only --get-regexp core\.sshCommand
2026-01-08T07:30:50.7619690Z [command]/usr/bin/git submodule foreach --recursive sh -c "git config --local --name-only --get-regexp 'core\.sshCommand' && git config --local --unset-all 'core.sshCommand' || :"
2026-01-08T07:30:50.7842110Z [command]/usr/bin/git config --local --name-only --get-regexp http\.https\:\/\/github\.com\/\.extraheader
2026-01-08T07:30:50.7862054Z http.https://github.com/.extraheader
2026-01-08T07:30:50.7874262Z [command]/usr/bin/git config --local --unset-all http.https://github.com/.extraheader
2026-01-08T07:30:50.7903700Z [command]/usr/bin/git submodule foreach --recursive sh -c "git config --local --name-only --get-regexp 'http\.https\:\/\/github\.com\/\.extraheader' && git config --local --unset-all 'http.https://github.com/.extraheader' || :"
2026-01-08T07:30:50.8122386Z [command]/usr/bin/git config --local --name-only --get-regexp ^includeIf\.gitdir:
2026-01-08T07:30:50.8152286Z [command]/usr/bin/git submodule foreach --recursive git config --local --show-origin --name-only --get-regexp remote.origin.url
2026-01-08T07:30:50.8490918Z Cleaning up orphan processes
