2026-01-08T07:54:48.7451446Z Current runner version: '2.330.0'
2026-01-08T07:54:48.7479090Z ##[group]Runner Image Provisioner
2026-01-08T07:54:48.7479951Z Hosted Compute Agent
2026-01-08T07:54:48.7480506Z Version: 20251211.462
2026-01-08T07:54:48.7481065Z Commit: 6cbad8c2bb55d58165063d031ccabf57e2d2db61
2026-01-08T07:54:48.7482070Z Build Date: 2025-12-11T16:28:49Z
2026-01-08T07:54:48.7482755Z Worker ID: {78e56805-cb3f-4366-94a4-2ba642bf2c42}
2026-01-08T07:54:48.7483414Z ##[endgroup]
2026-01-08T07:54:48.7484016Z ##[group]Operating System
2026-01-08T07:54:48.7484541Z Ubuntu
2026-01-08T07:54:48.7485007Z 24.04.3
2026-01-08T07:54:48.7485453Z LTS
2026-01-08T07:54:48.7485925Z ##[endgroup]
2026-01-08T07:54:48.7486408Z ##[group]Runner Image
2026-01-08T07:54:48.7486966Z Image: ubuntu-24.04
2026-01-08T07:54:48.7487485Z Version: 20251215.174.1
2026-01-08T07:54:48.7488446Z Included Software: https://github.com/actions/runner-images/blob/ubuntu24/20251215.174/images/ubuntu/Ubuntu2404-Readme.md
2026-01-08T07:54:48.7490033Z Image Release: https://github.com/actions/runner-images/releases/tag/ubuntu24%2F20251215.174
2026-01-08T07:54:48.7490996Z ##[endgroup]
2026-01-08T07:54:48.7492369Z ##[group]GITHUB_TOKEN Permissions
2026-01-08T07:54:48.7494213Z Contents: read
2026-01-08T07:54:48.7494705Z Metadata: read
2026-01-08T07:54:48.7495327Z Packages: read
2026-01-08T07:54:48.7495832Z ##[endgroup]
2026-01-08T07:54:48.7497826Z Secret source: Actions
2026-01-08T07:54:48.7498595Z Prepare workflow directory
2026-01-08T07:54:48.8028802Z Prepare all required actions
2026-01-08T07:54:48.8083435Z Getting action download info
2026-01-08T07:54:49.1008743Z Download action repository 'actions/checkout@v4' (SHA:34e114876b0b11c390a56381ad16ebd13914f8d5)
2026-01-08T07:54:49.2720693Z Complete job name: QA: Zygote Core E2E
2026-01-08T07:54:49.3500070Z ##[group]Run actions/checkout@v4
2026-01-08T07:54:49.3500890Z with:
2026-01-08T07:54:49.3501271Z   repository: velo-sh/velo
2026-01-08T07:54:49.3502261Z   token: ***
2026-01-08T07:54:49.3502643Z   ssh-strict: true
2026-01-08T07:54:49.3503037Z   ssh-user: git
2026-01-08T07:54:49.3503427Z   persist-credentials: true
2026-01-08T07:54:49.3503854Z   clean: true
2026-01-08T07:54:49.3504241Z   sparse-checkout-cone-mode: true
2026-01-08T07:54:49.3504705Z   fetch-depth: 1
2026-01-08T07:54:49.3505080Z   fetch-tags: false
2026-01-08T07:54:49.3505471Z   show-progress: true
2026-01-08T07:54:49.3505867Z   lfs: false
2026-01-08T07:54:49.3506230Z   submodules: false
2026-01-08T07:54:49.3506618Z   set-safe-directory: true
2026-01-08T07:54:49.3507342Z env:
2026-01-08T07:54:49.3507706Z   CARGO_TERM_COLOR: always
2026-01-08T07:54:49.3508128Z   UV_VERSION: 0.9
2026-01-08T07:54:49.3508526Z   VELO_ZYGOTE_SOCKET_TIMEOUT: 60
2026-01-08T07:54:49.3509003Z   VELO_ZYGOTE_WORKER_TIMEOUT: 60
2026-01-08T07:54:49.3509494Z   VELO_MAX_BUNDLE_SIZE: 50
2026-01-08T07:54:49.3509919Z   VELO_TIMEOUT_MULTIPLIER: 6
2026-01-08T07:54:49.3510354Z ##[endgroup]
2026-01-08T07:54:49.4582178Z Syncing repository: velo-sh/velo
2026-01-08T07:54:49.4583889Z ##[group]Getting Git version info
2026-01-08T07:54:49.4584529Z Working directory is '/home/runner/work/velo/velo'
2026-01-08T07:54:49.4585392Z [command]/usr/bin/git version
2026-01-08T07:54:49.4674453Z git version 2.52.0
2026-01-08T07:54:49.4700967Z ##[endgroup]
2026-01-08T07:54:49.4715549Z Temporarily overriding HOME='/home/runner/work/_temp/a3e0875d-8c5e-47a2-9244-e73da4da964a' before making global git config changes
2026-01-08T07:54:49.4716867Z Adding repository directory to the temporary git global config as a safe directory
2026-01-08T07:54:49.4729083Z [command]/usr/bin/git config --global --add safe.directory /home/runner/work/velo/velo
2026-01-08T07:54:49.4769479Z Deleting the contents of '/home/runner/work/velo/velo'
2026-01-08T07:54:49.4773561Z ##[group]Initializing the repository
2026-01-08T07:54:49.4777482Z [command]/usr/bin/git init /home/runner/work/velo/velo
2026-01-08T07:54:49.4910407Z hint: Using 'master' as the name for the initial branch. This default branch name
2026-01-08T07:54:49.4911456Z hint: will change to "main" in Git 3.0. To configure the initial branch name
2026-01-08T07:54:49.4912809Z hint: to use in all of your new repositories, which will suppress this warning,
2026-01-08T07:54:49.4913475Z hint: call:
2026-01-08T07:54:49.4913824Z hint:
2026-01-08T07:54:49.4914288Z hint: 	git config --global init.defaultBranch <name>
2026-01-08T07:54:49.4915220Z hint:
2026-01-08T07:54:49.4916075Z hint: Names commonly chosen instead of 'master' are 'main', 'trunk' and
2026-01-08T07:54:49.4917471Z hint: 'development'. The just-created branch can be renamed via this command:
2026-01-08T07:54:49.4918497Z hint:
2026-01-08T07:54:49.4918869Z hint: 	git branch -m <name>
2026-01-08T07:54:49.4919293Z hint:
2026-01-08T07:54:49.4919872Z hint: Disable this message with "git config set advice.defaultBranchName false"
2026-01-08T07:54:49.4921189Z Initialized empty Git repository in /home/runner/work/velo/velo/.git/
2026-01-08T07:54:49.4927079Z [command]/usr/bin/git remote add origin https://github.com/velo-sh/velo
2026-01-08T07:54:49.4963256Z ##[endgroup]
2026-01-08T07:54:49.4964454Z ##[group]Disabling automatic garbage collection
2026-01-08T07:54:49.4968408Z [command]/usr/bin/git config --local gc.auto 0
2026-01-08T07:54:49.4997960Z ##[endgroup]
2026-01-08T07:54:49.4999137Z ##[group]Setting up auth
2026-01-08T07:54:49.5005808Z [command]/usr/bin/git config --local --name-only --get-regexp core\.sshCommand
2026-01-08T07:54:49.5037670Z [command]/usr/bin/git submodule foreach --recursive sh -c "git config --local --name-only --get-regexp 'core\.sshCommand' && git config --local --unset-all 'core.sshCommand' || :"
2026-01-08T07:54:49.5393055Z [command]/usr/bin/git config --local --name-only --get-regexp http\.https\:\/\/github\.com\/\.extraheader
2026-01-08T07:54:49.5423666Z [command]/usr/bin/git submodule foreach --recursive sh -c "git config --local --name-only --get-regexp 'http\.https\:\/\/github\.com\/\.extraheader' && git config --local --unset-all 'http.https://github.com/.extraheader' || :"
2026-01-08T07:54:49.5648056Z [command]/usr/bin/git config --local --name-only --get-regexp ^includeIf\.gitdir:
2026-01-08T07:54:49.5687884Z [command]/usr/bin/git submodule foreach --recursive git config --local --show-origin --name-only --get-regexp remote.origin.url
2026-01-08T07:54:49.5916591Z [command]/usr/bin/git config --local http.https://github.com/.extraheader AUTHORIZATION: basic ***
2026-01-08T07:54:49.5951464Z ##[endgroup]
2026-01-08T07:54:49.5952814Z ##[group]Fetching the repository
2026-01-08T07:54:49.5960938Z [command]/usr/bin/git -c protocol.version=2 fetch --no-tags --prune --no-recurse-submodules --depth=1 origin +c910c02289a499e502877964aca7d167f1d98e30:refs/remotes/origin/phase-7.0/memory-gravity
2026-01-08T07:54:50.0488163Z From https://github.com/velo-sh/velo
2026-01-08T07:54:50.0489283Z  * [new ref]         c910c02289a499e502877964aca7d167f1d98e30 -> origin/phase-7.0/memory-gravity
2026-01-08T07:54:50.0523526Z ##[endgroup]
2026-01-08T07:54:50.0524605Z ##[group]Determining the checkout info
2026-01-08T07:54:50.0526597Z ##[endgroup]
2026-01-08T07:54:50.0532750Z [command]/usr/bin/git sparse-checkout disable
2026-01-08T07:54:50.0575459Z [command]/usr/bin/git config --local --unset-all extensions.worktreeConfig
2026-01-08T07:54:50.0603069Z ##[group]Checking out the ref
2026-01-08T07:54:50.0607062Z [command]/usr/bin/git checkout --progress --force -B phase-7.0/memory-gravity refs/remotes/origin/phase-7.0/memory-gravity
2026-01-08T07:54:50.1177394Z Switched to a new branch 'phase-7.0/memory-gravity'
2026-01-08T07:54:50.1179463Z branch 'phase-7.0/memory-gravity' set up to track 'origin/phase-7.0/memory-gravity'.
2026-01-08T07:54:50.1187481Z ##[endgroup]
2026-01-08T07:54:50.1224609Z [command]/usr/bin/git log -1 --format=%H
2026-01-08T07:54:50.1246977Z c910c02289a499e502877964aca7d167f1d98e30
2026-01-08T07:54:50.1496050Z Prepare all required actions
2026-01-08T07:54:50.1496766Z Getting action download info
2026-01-08T07:54:50.1567269Z ##[group]Run ./.github/actions/run-tests
2026-01-08T07:54:50.1567780Z with:
2026-01-08T07:54:50.1568131Z   uv-version: 0.9
2026-01-08T07:54:50.1568949Z   command: uv run python -m pytest tests/qa/test_phase3_e2e_real_env.py -v --tb=short
2026-01-08T07:54:50.1569661Z   python-version: 3.11
2026-01-08T07:54:50.1570065Z   download-binary: true
2026-01-08T07:54:50.1570457Z env:
2026-01-08T07:54:50.1570797Z   CARGO_TERM_COLOR: always
2026-01-08T07:54:50.1571210Z   UV_VERSION: 0.9
2026-01-08T07:54:50.1571836Z   VELO_ZYGOTE_SOCKET_TIMEOUT: 60
2026-01-08T07:54:50.1572308Z   VELO_ZYGOTE_WORKER_TIMEOUT: 60
2026-01-08T07:54:50.1572759Z   VELO_MAX_BUNDLE_SIZE: 50
2026-01-08T07:54:50.1573188Z   VELO_TIMEOUT_MULTIPLIER: 6
2026-01-08T07:54:50.1573616Z ##[endgroup]
2026-01-08T07:54:50.1703533Z Prepare all required actions
2026-01-08T07:54:50.1704037Z Getting action download info
2026-01-08T07:54:50.3344930Z Download action repository 'astral-sh/setup-uv@v4' (SHA:38f3f104447c67c051c4a08e39b64a148898af3a)
2026-01-08T07:54:50.7933279Z Download action repository 'actions/download-artifact@v4' (SHA:d3f86a106a0bac45b974a628896c90dbdf5c8093)
2026-01-08T07:54:51.2567660Z ##[group]Run ./.github/actions/setup-velo
2026-01-08T07:54:51.2568800Z with:
2026-01-08T07:54:51.2569593Z   python-version: 3.11
2026-01-08T07:54:51.2570495Z   download-binary: true
2026-01-08T07:54:51.2571364Z   uv-version: 0.9
2026-01-08T07:54:51.2572271Z env:
2026-01-08T07:54:51.2573032Z   CARGO_TERM_COLOR: always
2026-01-08T07:54:51.2573932Z   UV_VERSION: 0.9
2026-01-08T07:54:51.2574771Z   VELO_ZYGOTE_SOCKET_TIMEOUT: 60
2026-01-08T07:54:51.2575798Z   VELO_ZYGOTE_WORKER_TIMEOUT: 60
2026-01-08T07:54:51.2576786Z   VELO_MAX_BUNDLE_SIZE: 50
2026-01-08T07:54:51.2577726Z   VELO_TIMEOUT_MULTIPLIER: 6
2026-01-08T07:54:51.2578652Z ##[endgroup]
2026-01-08T07:54:51.2764587Z ##[group]Run astral-sh/setup-uv@v4
2026-01-08T07:54:51.2765566Z with:
2026-01-08T07:54:51.2766242Z   version: 0.9
2026-01-08T07:54:51.2766986Z   enable-cache: true
2026-01-08T07:54:51.2768179Z   github-token: ***
2026-01-08T07:54:51.2769011Z   cache-dependency-glob: **/uv.lock
2026-01-08T07:54:51.2769995Z   prune-cache: true
2026-01-08T07:54:51.2770862Z   ignore-nothing-to-cache: false
2026-01-08T07:54:51.2771918Z env:
2026-01-08T07:54:51.2772610Z   CARGO_TERM_COLOR: always
2026-01-08T07:54:51.2773492Z   UV_VERSION: 0.9
2026-01-08T07:54:51.2774289Z   VELO_ZYGOTE_SOCKET_TIMEOUT: 60
2026-01-08T07:54:51.2775289Z   VELO_ZYGOTE_WORKER_TIMEOUT: 60
2026-01-08T07:54:51.2776238Z   VELO_MAX_BUNDLE_SIZE: 50
2026-01-08T07:54:51.2777142Z   VELO_TIMEOUT_MULTIPLIER: 6
2026-01-08T07:54:51.2778072Z ##[endgroup]
2026-01-08T07:54:59.1060380Z Downloading uv from "https://github.com/astral-sh/uv/releases/download/0.9.22/uv-x86_64-unknown-linux-gnu.tar.gz" ...
2026-01-08T07:54:59.4091243Z [command]/usr/bin/tar xz --warning=no-unknown-keyword --overwrite -C /home/runner/work/_temp/571a1245-d5bb-4504-8fbb-991950cc1696 -f /home/runner/work/_temp/1af7f4f8-1e2d-4029-82e9-70a0c859d575
2026-01-08T07:54:59.8479147Z Added /opt/hostedtoolcache/uv/0.9.22/x86_64 to the path
2026-01-08T07:54:59.8480317Z Added /home/runner/.local/bin to the path
2026-01-08T07:54:59.8504088Z Set UV_CACHE_DIR to /home/runner/work/_temp/setup-uv-cache
2026-01-08T07:54:59.8504469Z Successfully installed uv version 0.9.22
2026-01-08T07:54:59.8504797Z Searching files using cache dependency glob: **/uv.lock
2026-01-08T07:54:59.9393954Z /home/runner/work/velo/velo/test_deploy_tmp/project/uv.lock
2026-01-08T07:54:59.9556054Z /home/runner/work/velo/velo/uv.lock
2026-01-08T07:54:59.9571170Z Found 2 files to hash.
2026-01-08T07:54:59.9573172Z Trying to restore uv cache from GitHub Actions cache with key: setup-uv-1-x86_64-unknown-linux-gnu-0.9.22-e894bc848e7730c1f28bacd15c6aa7d854458db0d88f3a79269697d9c325e8aa
2026-01-08T07:55:00.0182709Z ##[warning]Failed to restore: Cache service responded with 400
2026-01-08T07:55:00.0184989Z No GitHub Actions cache found for key: setup-uv-1-x86_64-unknown-linux-gnu-0.9.22-e894bc848e7730c1f28bacd15c6aa7d854458db0d88f3a79269697d9c325e8aa
2026-01-08T07:55:00.0321845Z ##[group]Run uv python install 3.11
2026-01-08T07:55:00.0322192Z [36;1muv python install 3.11[0m
2026-01-08T07:55:00.0362318Z shell: /usr/bin/bash --noprofile --norc -e -o pipefail {0}
2026-01-08T07:55:00.0362683Z env:
2026-01-08T07:55:00.0362867Z   CARGO_TERM_COLOR: always
2026-01-08T07:55:00.0363074Z   UV_VERSION: 0.9
2026-01-08T07:55:00.0363268Z   VELO_ZYGOTE_SOCKET_TIMEOUT: 60
2026-01-08T07:55:00.0363490Z   VELO_ZYGOTE_WORKER_TIMEOUT: 60
2026-01-08T07:55:00.0363708Z   VELO_MAX_BUNDLE_SIZE: 50
2026-01-08T07:55:00.0363913Z   VELO_TIMEOUT_MULTIPLIER: 6
2026-01-08T07:55:00.0364181Z   UV_CACHE_DIR: /home/runner/work/_temp/setup-uv-cache
2026-01-08T07:55:00.0364448Z ##[endgroup]
2026-01-08T07:55:00.2242224Z Downloading cpython-3.11.14-linux-x86_64-gnu (download) (29.1MiB)
2026-01-08T07:55:01.0619342Z  Downloaded cpython-3.11.14-linux-x86_64-gnu (download)
2026-01-08T07:55:01.0671145Z Installed Python 3.11.14 in 1.01s
2026-01-08T07:55:01.0672049Z  + cpython-3.11.14-linux-x86_64-gnu (python3.11)
2026-01-08T07:55:01.0733569Z ##[group]Run uv venv --python 3.11
2026-01-08T07:55:01.0733917Z [36;1muv venv --python 3.11[0m
2026-01-08T07:55:01.0734181Z [36;1muv sync --extra dev[0m
2026-01-08T07:55:01.0766990Z shell: /usr/bin/bash --noprofile --norc -e -o pipefail {0}
2026-01-08T07:55:01.0767335Z env:
2026-01-08T07:55:01.0767506Z   CARGO_TERM_COLOR: always
2026-01-08T07:55:01.0767714Z   UV_VERSION: 0.9
2026-01-08T07:55:01.0767898Z   VELO_ZYGOTE_SOCKET_TIMEOUT: 60
2026-01-08T07:55:01.0768135Z   VELO_ZYGOTE_WORKER_TIMEOUT: 60
2026-01-08T07:55:01.0768347Z   VELO_MAX_BUNDLE_SIZE: 50
2026-01-08T07:55:01.0768557Z   VELO_TIMEOUT_MULTIPLIER: 6
2026-01-08T07:55:01.0768825Z   UV_CACHE_DIR: /home/runner/work/_temp/setup-uv-cache
2026-01-08T07:55:01.0769096Z ##[endgroup]
2026-01-08T07:55:01.2439315Z Using CPython 3.11.14
2026-01-08T07:55:01.2439670Z Creating virtual environment at: .venv
2026-01-08T07:55:01.2445951Z Activate with: source .venv/bin/activate
2026-01-08T07:55:01.3796665Z Resolved 27 packages in 0.82ms
2026-01-08T07:55:01.4030510Z Downloading pydantic-core (2.0MiB)
2026-01-08T07:55:01.4056696Z Downloading pygments (1.2MiB)
2026-01-08T07:55:01.4514329Z  Downloaded pydantic-core
2026-01-08T07:55:01.5312547Z  Downloaded pygments
2026-01-08T07:55:01.5394916Z Prepared 25 packages in 158ms
2026-01-08T07:55:01.7572600Z Installed 25 packages in 217ms
2026-01-08T07:55:01.7573135Z  + annotated-doc==0.0.4
2026-01-08T07:55:01.7573518Z  + annotated-types==0.7.0
2026-01-08T07:55:01.7574004Z  + anyio==4.12.0
2026-01-08T07:55:01.7574333Z  + blake3==1.0.8
2026-01-08T07:55:01.7574669Z  + certifi==2026.1.4
2026-01-08T07:55:01.7576184Z  + charset-normalizer==3.4.4
2026-01-08T07:55:01.7576577Z  + click==8.3.1
2026-01-08T07:55:01.7576921Z  + fastapi==0.128.0
2026-01-08T07:55:01.7577219Z  + h11==0.16.0
2026-01-08T07:55:01.7577495Z  + idna==3.11
2026-01-08T07:55:01.7577807Z  + iniconfig==2.3.0
2026-01-08T07:55:01.7578104Z  + msgpack==1.1.2
2026-01-08T07:55:01.7578689Z  + packaging==25.0
2026-01-08T07:55:01.7579077Z  + pluggy==1.6.0
2026-01-08T07:55:01.7579468Z  + psutil==7.2.1
2026-01-08T07:55:01.7579788Z  + pydantic==2.12.5
2026-01-08T07:55:01.7580207Z  + pydantic-core==2.41.5
2026-01-08T07:55:01.7580526Z  + pygments==2.19.2
2026-01-08T07:55:01.7580922Z  + pytest==9.0.2
2026-01-08T07:55:01.7581211Z  + requests==2.32.5
2026-01-08T07:55:01.7581505Z  + starlette==0.50.0
2026-01-08T07:55:01.7582048Z  + typing-extensions==4.15.0
2026-01-08T07:55:01.7582405Z  + typing-inspection==0.4.2
2026-01-08T07:55:01.7582719Z  + urllib3==2.6.2
2026-01-08T07:55:01.7582990Z  + uvicorn==0.40.0
2026-01-08T07:55:01.7666704Z ##[group]Run if [ -n "" ]; then
2026-01-08T07:55:01.7666963Z [36;1mif [ -n "" ]; then[0m
2026-01-08T07:55:01.7667195Z [36;1m  echo "name=" >> $GITHUB_OUTPUT[0m
2026-01-08T07:55:01.7667470Z [36;1melif [ "$RUNNER_OS" = "macOS" ]; then[0m
2026-01-08T07:55:01.7667978Z [36;1m  echo "name=velo-binary-macos" >> $GITHUB_OUTPUT[0m
2026-01-08T07:55:01.7668252Z [36;1melse[0m
2026-01-08T07:55:01.7668479Z [36;1m  echo "name=velo-binary-ubuntu" >> $GITHUB_OUTPUT[0m
2026-01-08T07:55:01.7668743Z [36;1mfi[0m
2026-01-08T07:55:01.7702135Z shell: /usr/bin/bash --noprofile --norc -e -o pipefail {0}
2026-01-08T07:55:01.7702610Z env:
2026-01-08T07:55:01.7702778Z   CARGO_TERM_COLOR: always
2026-01-08T07:55:01.7702983Z   UV_VERSION: 0.9
2026-01-08T07:55:01.7703171Z   VELO_ZYGOTE_SOCKET_TIMEOUT: 60
2026-01-08T07:55:01.7703388Z   VELO_ZYGOTE_WORKER_TIMEOUT: 60
2026-01-08T07:55:01.7703600Z   VELO_MAX_BUNDLE_SIZE: 50
2026-01-08T07:55:01.7703800Z   VELO_TIMEOUT_MULTIPLIER: 6
2026-01-08T07:55:01.7704058Z   UV_CACHE_DIR: /home/runner/work/_temp/setup-uv-cache
2026-01-08T07:55:01.7704333Z ##[endgroup]
2026-01-08T07:55:01.7829178Z ##[group]Run actions/download-artifact@v4
2026-01-08T07:55:01.7829433Z with:
2026-01-08T07:55:01.7829603Z   name: velo-binary-ubuntu
2026-01-08T07:55:01.7829827Z   path: target/release/
2026-01-08T07:55:01.7830028Z   merge-multiple: false
2026-01-08T07:55:01.7830225Z   repository: velo-sh/velo
2026-01-08T07:55:01.7830418Z   run-id: 20809602278
2026-01-08T07:55:01.7830593Z env:
2026-01-08T07:55:01.7830749Z   CARGO_TERM_COLOR: always
2026-01-08T07:55:01.7830956Z   UV_VERSION: 0.9
2026-01-08T07:55:01.7831140Z   VELO_ZYGOTE_SOCKET_TIMEOUT: 60
2026-01-08T07:55:01.7831363Z   VELO_ZYGOTE_WORKER_TIMEOUT: 60
2026-01-08T07:55:01.7831868Z   VELO_MAX_BUNDLE_SIZE: 50
2026-01-08T07:55:01.7832078Z   VELO_TIMEOUT_MULTIPLIER: 6
2026-01-08T07:55:01.7832332Z   UV_CACHE_DIR: /home/runner/work/_temp/setup-uv-cache
2026-01-08T07:55:01.7832597Z ##[endgroup]
2026-01-08T07:55:01.9761395Z Downloading single artifact
2026-01-08T07:55:02.1365485Z Preparing to download the following artifacts:
2026-01-08T07:55:02.1367564Z - velo-binary-ubuntu (ID: 5059634024, Size: 2634092, Expected Digest: sha256:e16c463e8ba9a88a3197eeff7b58a2654bef34d6f21cdb13d8f3de79855e2371)
2026-01-08T07:55:02.2263296Z Redirecting to blob download url: https://productionresultssa17.blob.core.windows.net/actions-results/bd56f365-d673-42f3-ab0d-6bb2d835a20c/workflow-job-run-a601e67f-a25b-51f4-b610-40522d3e2982/artifacts/dcc2b8719c64dc90a41e822723e622c256f0c923ea295135723fdcf0bf33c671.zip
2026-01-08T07:55:02.2265681Z Starting download of artifact to: /home/runner/work/velo/velo/target/release
2026-01-08T07:55:02.3894494Z (node:2171) [DEP0005] DeprecationWarning: Buffer() is deprecated due to security and usability issues. Please use the Buffer.alloc(), Buffer.allocUnsafe(), or Buffer.from() methods instead.
2026-01-08T07:55:02.3896084Z (Use `node --trace-deprecation ...` to show where the warning was created)
2026-01-08T07:55:02.5915256Z SHA256 digest of downloaded artifact is e16c463e8ba9a88a3197eeff7b58a2654bef34d6f21cdb13d8f3de79855e2371
2026-01-08T07:55:02.5916001Z Artifact download completed successfully.
2026-01-08T07:55:02.5916296Z Total of 1 artifact(s) downloaded
2026-01-08T07:55:02.5922188Z Download artifact has finished successfully
2026-01-08T07:55:02.6016011Z ##[group]Run chmod +x target/release/velo
2026-01-08T07:55:02.6016307Z [36;1mchmod +x target/release/velo[0m
2026-01-08T07:55:02.6049402Z shell: /usr/bin/bash --noprofile --norc -e -o pipefail {0}
2026-01-08T07:55:02.6049713Z env:
2026-01-08T07:55:02.6049910Z   CARGO_TERM_COLOR: always
2026-01-08T07:55:02.6050122Z   UV_VERSION: 0.9
2026-01-08T07:55:02.6050315Z   VELO_ZYGOTE_SOCKET_TIMEOUT: 60
2026-01-08T07:55:02.6050559Z   VELO_ZYGOTE_WORKER_TIMEOUT: 60
2026-01-08T07:55:02.6050786Z   VELO_MAX_BUNDLE_SIZE: 50
2026-01-08T07:55:02.6050994Z   VELO_TIMEOUT_MULTIPLIER: 6
2026-01-08T07:55:02.6051261Z   UV_CACHE_DIR: /home/runner/work/_temp/setup-uv-cache
2026-01-08T07:55:02.6051715Z ##[endgroup]
2026-01-08T07:55:02.6145992Z ##[group]Run uv run python -m pytest tests/qa/test_phase3_e2e_real_env.py -v --tb=short
2026-01-08T07:55:02.6146523Z [36;1muv run python -m pytest tests/qa/test_phase3_e2e_real_env.py -v --tb=short[0m
2026-01-08T07:55:02.6177441Z shell: /usr/bin/bash --noprofile --norc -e -o pipefail {0}
2026-01-08T07:55:02.6177775Z env:
2026-01-08T07:55:02.6177950Z   CARGO_TERM_COLOR: always
2026-01-08T07:55:02.6178166Z   UV_VERSION: 0.9
2026-01-08T07:55:02.6178363Z   VELO_ZYGOTE_SOCKET_TIMEOUT: 60
2026-01-08T07:55:02.6178590Z   VELO_ZYGOTE_WORKER_TIMEOUT: 60
2026-01-08T07:55:02.6178955Z   VELO_MAX_BUNDLE_SIZE: 50
2026-01-08T07:55:02.6179172Z   VELO_TIMEOUT_MULTIPLIER: 6
2026-01-08T07:55:02.6179429Z   UV_CACHE_DIR: /home/runner/work/_temp/setup-uv-cache
2026-01-08T07:55:02.6179710Z ##[endgroup]
2026-01-08T07:55:03.4875070Z ============================= test session starts ==============================
2026-01-08T07:55:03.4875914Z platform linux -- Python 3.11.14, pytest-9.0.2, pluggy-1.6.0 -- /home/runner/work/velo/velo/.venv/bin/python3
2026-01-08T07:55:03.4876614Z cachedir: .pytest_cache
2026-01-08T07:55:03.4876954Z rootdir: /home/runner/work/velo/velo
2026-01-08T07:55:03.4877355Z configfile: pyproject.toml
2026-01-08T07:55:03.4877695Z plugins: anyio-4.12.0
2026-01-08T07:55:03.5150036Z collecting ... collected 10 items
2026-01-08T07:55:03.5150248Z 
2026-01-08T07:55:03.6921115Z tests/qa/test_phase3_e2e_real_env.py::TestZygoteInRealUserEnv::test_e2e_001_zygote_starts_in_user_project FAILED [ 10%]
2026-01-08T07:55:03.7569196Z tests/qa/test_phase3_e2e_real_env.py::TestZygoteInRealUserEnv::test_e2e_002_zygote_daemon_persists PASSED [ 20%]
2026-01-08T07:55:03.8365662Z tests/qa/test_phase3_e2e_real_env.py::TestZygoteInRealUserEnv::test_e2e_003_zygote_preload_works PASSED [ 30%]
2026-01-08T07:55:03.9037953Z tests/qa/test_phase3_e2e_real_env.py::TestZygoteInRealUserEnv::test_e2e_004_consecutive_runs_speedup PASSED [ 40%]
2026-01-08T07:55:03.9447154Z tests/qa/test_phase3_e2e_real_env.py::TestZygoteInRealUserEnv::test_e2e_005_zygote_status_works PASSED [ 50%]
2026-01-08T07:55:04.2211414Z tests/qa/test_phase3_e2e_real_env.py::TestZygoteInRealUserEnv::test_e2e_006_fallback_when_zygote_fails FAILED [ 60%]
2026-01-08T07:55:04.2776888Z tests/qa/test_phase3_e2e_real_env.py::TestZygoteInRealUserEnv::test_e2e_007_stdout_captured_correctly FAILED [ 70%]
2026-01-08T07:55:04.3329233Z tests/qa/test_phase3_e2e_real_env.py::TestZygoteInRealUserEnv::test_e2e_008_stderr_captured_correctly FAILED [ 80%]
2026-01-08T07:55:04.4644342Z tests/qa/test_phase3_e2e_real_env.py::TestZygotePerformanceRequirements::test_perf_001_warm_start_under_50ms PASSED [ 90%]
2026-01-08T07:55:04.7235950Z tests/qa/test_phase3_e2e_real_env.py::TestZygotePerformanceRequirements::test_perf_002_fork_latency_under_5ms PASSED [100%]
2026-01-08T07:55:04.7236767Z 
2026-01-08T07:55:04.7236942Z =================================== FAILURES ===================================
2026-01-08T07:55:04.7237576Z ______ TestZygoteInRealUserEnv.test_e2e_001_zygote_starts_in_user_project ______
2026-01-08T07:55:04.7238347Z tests/qa/test_phase3_e2e_real_env.py:105: in test_e2e_001_zygote_starts_in_user_project
2026-01-08T07:55:04.7238952Z     assert "hello" in stdout or code == 0
2026-01-08T07:55:04.7239511Z E   AssertionError: assert ('hello' in '' or 1 == 0)
2026-01-08T07:55:04.7240257Z _______ TestZygoteInRealUserEnv.test_e2e_006_fallback_when_zygote_fails ________
2026-01-08T07:55:04.7241149Z tests/qa/test_phase3_e2e_real_env.py:238: in test_e2e_006_fallback_when_zygote_fails
2026-01-08T07:55:04.7242158Z     assert "Falling back" in stderr or "fallback_works" in stdout or code == 0, (
2026-01-08T07:55:04.7242991Z E   AssertionError: Neither fallback nor success! code=1, stdout=, stderr=
2026-01-08T07:55:04.7243728Z E   assert ('Falling back' in '' or 'fallback_works' in '' or 1 == 0)
2026-01-08T07:55:04.7244493Z ________ TestZygoteInRealUserEnv.test_e2e_007_stdout_captured_correctly ________
2026-01-08T07:55:04.7245362Z tests/qa/test_phase3_e2e_real_env.py:259: in test_e2e_007_stdout_captured_correctly
2026-01-08T07:55:04.7246227Z     assert "line1" in stdout, f"stdout missing! stdout={repr(stdout)}, stderr={stderr}"
2026-01-08T07:55:04.7246944Z E   AssertionError: stdout missing! stdout='', stderr=
2026-01-08T07:55:04.7247429Z E   assert 'line1' in ''
2026-01-08T07:55:04.7248314Z ________ TestZygoteInRealUserEnv.test_e2e_008_stderr_captured_correctly ________
2026-01-08T07:55:04.7249192Z tests/qa/test_phase3_e2e_real_env.py:277: in test_e2e_008_stderr_captured_correctly
2026-01-08T07:55:04.7249865Z     assert code == 0 or "error" in stderr.lower()
2026-01-08T07:55:04.7250586Z E   AssertionError: assert (1 == 0 or 'error' in '')
2026-01-08T07:55:04.7251199Z E    +  where '' = <built-in method lower of str object at 0x5574c259e0d8>()
2026-01-08T07:55:04.7252099Z E    +    where <built-in method lower of str object at 0x5574c259e0d8> = ''.lower
2026-01-08T07:55:04.7252751Z =========================== short test summary info ============================
2026-01-08T07:55:04.7253936Z FAILED tests/qa/test_phase3_e2e_real_env.py::TestZygoteInRealUserEnv::test_e2e_001_zygote_starts_in_user_project - AssertionError: assert ('hello' in '' or 1 == 0)
2026-01-08T07:55:04.7255798Z FAILED tests/qa/test_phase3_e2e_real_env.py::TestZygoteInRealUserEnv::test_e2e_006_fallback_when_zygote_fails - AssertionError: Neither fallback nor success! code=1, stdout=, stderr=
2026-01-08T07:55:04.7257126Z assert ('Falling back' in '' or 'fallback_works' in '' or 1 == 0)
2026-01-08T07:55:04.7258369Z FAILED tests/qa/test_phase3_e2e_real_env.py::TestZygoteInRealUserEnv::test_e2e_007_stdout_captured_correctly - AssertionError: stdout missing! stdout='', stderr=
2026-01-08T07:55:04.7259480Z assert 'line1' in ''
2026-01-08T07:55:04.7260489Z FAILED tests/qa/test_phase3_e2e_real_env.py::TestZygoteInRealUserEnv::test_e2e_008_stderr_captured_correctly - AssertionError: assert (1 == 0 or 'error' in '')
2026-01-08T07:55:04.7261878Z  +  where '' = <built-in method lower of str object at 0x5574c259e0d8>()
2026-01-08T07:55:04.7262592Z  +    where <built-in method lower of str object at 0x5574c259e0d8> = ''.lower
2026-01-08T07:55:04.7263260Z ========================= 4 failed, 6 passed in 1.21s ==========================
2026-01-08T07:55:04.7549820Z ##[error]Process completed with exit code 1.
2026-01-08T07:55:04.7620731Z Post job cleanup.
2026-01-08T07:55:04.7697132Z Post job cleanup.
2026-01-08T07:55:04.8621465Z [command]/usr/bin/git version
2026-01-08T07:55:04.8657234Z git version 2.52.0
2026-01-08T07:55:04.8706250Z Temporarily overriding HOME='/home/runner/work/_temp/f94a8fa7-9e00-4d3d-96b2-b1a4912a3330' before making global git config changes
2026-01-08T07:55:04.8707620Z Adding repository directory to the temporary git global config as a safe directory
2026-01-08T07:55:04.8719656Z [command]/usr/bin/git config --global --add safe.directory /home/runner/work/velo/velo
2026-01-08T07:55:04.8755572Z [command]/usr/bin/git config --local --name-only --get-regexp core\.sshCommand
2026-01-08T07:55:04.8788081Z [command]/usr/bin/git submodule foreach --recursive sh -c "git config --local --name-only --get-regexp 'core\.sshCommand' && git config --local --unset-all 'core.sshCommand' || :"
2026-01-08T07:55:04.9019166Z [command]/usr/bin/git config --local --name-only --get-regexp http\.https\:\/\/github\.com\/\.extraheader
2026-01-08T07:55:04.9039831Z http.https://github.com/.extraheader
2026-01-08T07:55:04.9053315Z [command]/usr/bin/git config --local --unset-all http.https://github.com/.extraheader
2026-01-08T07:55:04.9084668Z [command]/usr/bin/git submodule foreach --recursive sh -c "git config --local --name-only --get-regexp 'http\.https\:\/\/github\.com\/\.extraheader' && git config --local --unset-all 'http.https://github.com/.extraheader' || :"
2026-01-08T07:55:04.9302517Z [command]/usr/bin/git config --local --name-only --get-regexp ^includeIf\.gitdir:
2026-01-08T07:55:04.9332068Z [command]/usr/bin/git submodule foreach --recursive git config --local --show-origin --name-only --get-regexp remote.origin.url
2026-01-08T07:55:04.9656593Z Cleaning up orphan processes
