2026-01-08T07:31:21.3315885Z Current runner version: '2.330.0'
2026-01-08T07:31:21.3340019Z ##[group]Runner Image Provisioner
2026-01-08T07:31:21.3340935Z Hosted Compute Agent
2026-01-08T07:31:21.3341449Z Version: 20251211.462
2026-01-08T07:31:21.3342055Z Commit: 6cbad8c2bb55d58165063d031ccabf57e2d2db61
2026-01-08T07:31:21.3342793Z Build Date: 2025-12-11T16:28:49Z
2026-01-08T07:31:21.3343393Z Worker ID: {a97d9205-2329-4a8c-9f91-1a28ad2d9a9d}
2026-01-08T07:31:21.3344083Z ##[endgroup]
2026-01-08T07:31:21.3344604Z ##[group]Operating System
2026-01-08T07:31:21.3345173Z Ubuntu
2026-01-08T07:31:21.3345603Z 24.04.3
2026-01-08T07:31:21.3346084Z LTS
2026-01-08T07:31:21.3346512Z ##[endgroup]
2026-01-08T07:31:21.3347025Z ##[group]Runner Image
2026-01-08T07:31:21.3347584Z Image: ubuntu-24.04
2026-01-08T07:31:21.3348065Z Version: 20251215.174.1
2026-01-08T07:31:21.3349063Z Included Software: https://github.com/actions/runner-images/blob/ubuntu24/20251215.174/images/ubuntu/Ubuntu2404-Readme.md
2026-01-08T07:31:21.3350977Z Image Release: https://github.com/actions/runner-images/releases/tag/ubuntu24%2F20251215.174
2026-01-08T07:31:21.3351979Z ##[endgroup]
2026-01-08T07:31:21.3353065Z ##[group]GITHUB_TOKEN Permissions
2026-01-08T07:31:21.3354867Z Contents: read
2026-01-08T07:31:21.3355395Z Metadata: read
2026-01-08T07:31:21.3355975Z Packages: read
2026-01-08T07:31:21.3356504Z ##[endgroup]
2026-01-08T07:31:21.3358443Z Secret source: Actions
2026-01-08T07:31:21.3359398Z Prepare workflow directory
2026-01-08T07:31:21.3757706Z Prepare all required actions
2026-01-08T07:31:21.3794645Z Getting action download info
2026-01-08T07:31:21.7642483Z Download action repository 'actions/checkout@v4' (SHA:34e114876b0b11c390a56381ad16ebd13914f8d5)
2026-01-08T07:31:21.9281559Z Complete job name: QA 6.2: Prosecutor Suite (RFC-0012)
2026-01-08T07:31:22.0064464Z ##[group]Run actions/checkout@v4
2026-01-08T07:31:22.0065311Z with:
2026-01-08T07:31:22.0065706Z   repository: velo-sh/velo
2026-01-08T07:31:22.0066327Z   token: ***
2026-01-08T07:31:22.0066711Z   ssh-strict: true
2026-01-08T07:31:22.0067117Z   ssh-user: git
2026-01-08T07:31:22.0067511Z   persist-credentials: true
2026-01-08T07:31:22.0067945Z   clean: true
2026-01-08T07:31:22.0068347Z   sparse-checkout-cone-mode: true
2026-01-08T07:31:22.0068814Z   fetch-depth: 1
2026-01-08T07:31:22.0069408Z   fetch-tags: false
2026-01-08T07:31:22.0069817Z   show-progress: true
2026-01-08T07:31:22.0070214Z   lfs: false
2026-01-08T07:31:22.0070580Z   submodules: false
2026-01-08T07:31:22.0070974Z   set-safe-directory: true
2026-01-08T07:31:22.0071662Z env:
2026-01-08T07:31:22.0072034Z   CARGO_TERM_COLOR: always
2026-01-08T07:31:22.0072466Z   UV_VERSION: 0.9
2026-01-08T07:31:22.0072859Z   VELO_ZYGOTE_SOCKET_TIMEOUT: 60
2026-01-08T07:31:22.0073333Z   VELO_ZYGOTE_WORKER_TIMEOUT: 60
2026-01-08T07:31:22.0073827Z   VELO_MAX_BUNDLE_SIZE: 50
2026-01-08T07:31:22.0074267Z   VELO_TIMEOUT_MULTIPLIER: 6
2026-01-08T07:31:22.0074700Z ##[endgroup]
2026-01-08T07:31:22.1153828Z Syncing repository: velo-sh/velo
2026-01-08T07:31:22.1155503Z ##[group]Getting Git version info
2026-01-08T07:31:22.1156175Z Working directory is '/home/runner/work/velo/velo'
2026-01-08T07:31:22.1157031Z [command]/usr/bin/git version
2026-01-08T07:31:22.1226231Z git version 2.52.0
2026-01-08T07:31:22.1252697Z ##[endgroup]
2026-01-08T07:31:22.1266887Z Temporarily overriding HOME='/home/runner/work/_temp/c6be3642-bd24-4cee-8ff8-1c423a1ab9c4' before making global git config changes
2026-01-08T07:31:22.1269045Z Adding repository directory to the temporary git global config as a safe directory
2026-01-08T07:31:22.1279436Z [command]/usr/bin/git config --global --add safe.directory /home/runner/work/velo/velo
2026-01-08T07:31:22.1318091Z Deleting the contents of '/home/runner/work/velo/velo'
2026-01-08T07:31:22.1322123Z ##[group]Initializing the repository
2026-01-08T07:31:22.1325916Z [command]/usr/bin/git init /home/runner/work/velo/velo
2026-01-08T07:31:22.1430588Z hint: Using 'master' as the name for the initial branch. This default branch name
2026-01-08T07:31:22.1432074Z hint: will change to "main" in Git 3.0. To configure the initial branch name
2026-01-08T07:31:22.1433836Z hint: to use in all of your new repositories, which will suppress this warning,
2026-01-08T07:31:22.1434964Z hint: call:
2026-01-08T07:31:22.1435559Z hint:
2026-01-08T07:31:22.1436286Z hint: 	git config --global init.defaultBranch <name>
2026-01-08T07:31:22.1437006Z hint:
2026-01-08T07:31:22.1437555Z hint: Names commonly chosen instead of 'master' are 'main', 'trunk' and
2026-01-08T07:31:22.1438402Z hint: 'development'. The just-created branch can be renamed via this command:
2026-01-08T07:31:22.1439085Z hint:
2026-01-08T07:31:22.1439729Z hint: 	git branch -m <name>
2026-01-08T07:31:22.1440172Z hint:
2026-01-08T07:31:22.1440877Z hint: Disable this message with "git config set advice.defaultBranchName false"
2026-01-08T07:31:22.1442147Z Initialized empty Git repository in /home/runner/work/velo/velo/.git/
2026-01-08T07:31:22.1446790Z [command]/usr/bin/git remote add origin https://github.com/velo-sh/velo
2026-01-08T07:31:22.1479090Z ##[endgroup]
2026-01-08T07:31:22.1480362Z ##[group]Disabling automatic garbage collection
2026-01-08T07:31:22.1483276Z [command]/usr/bin/git config --local gc.auto 0
2026-01-08T07:31:22.1511254Z ##[endgroup]
2026-01-08T07:31:22.1511936Z ##[group]Setting up auth
2026-01-08T07:31:22.1518018Z [command]/usr/bin/git config --local --name-only --get-regexp core\.sshCommand
2026-01-08T07:31:22.1548006Z [command]/usr/bin/git submodule foreach --recursive sh -c "git config --local --name-only --get-regexp 'core\.sshCommand' && git config --local --unset-all 'core.sshCommand' || :"
2026-01-08T07:31:22.1870252Z [command]/usr/bin/git config --local --name-only --get-regexp http\.https\:\/\/github\.com\/\.extraheader
2026-01-08T07:31:22.1903272Z [command]/usr/bin/git submodule foreach --recursive sh -c "git config --local --name-only --get-regexp 'http\.https\:\/\/github\.com\/\.extraheader' && git config --local --unset-all 'http.https://github.com/.extraheader' || :"
2026-01-08T07:31:22.2124259Z [command]/usr/bin/git config --local --name-only --get-regexp ^includeIf\.gitdir:
2026-01-08T07:31:22.2155192Z [command]/usr/bin/git submodule foreach --recursive git config --local --show-origin --name-only --get-regexp remote.origin.url
2026-01-08T07:31:22.2386477Z [command]/usr/bin/git config --local http.https://github.com/.extraheader AUTHORIZATION: basic ***
2026-01-08T07:31:22.2420318Z ##[endgroup]
2026-01-08T07:31:22.2421036Z ##[group]Fetching the repository
2026-01-08T07:31:22.2428828Z [command]/usr/bin/git -c protocol.version=2 fetch --no-tags --prune --no-recurse-submodules --depth=1 origin +a007030881c1acfa401549f0fda3b185f51981a0:refs/remotes/origin/phase-7.0/memory-gravity
2026-01-08T07:31:22.8981638Z From https://github.com/velo-sh/velo
2026-01-08T07:31:22.8983557Z  * [new ref]         a007030881c1acfa401549f0fda3b185f51981a0 -> origin/phase-7.0/memory-gravity
2026-01-08T07:31:22.9018647Z ##[endgroup]
2026-01-08T07:31:22.9020148Z ##[group]Determining the checkout info
2026-01-08T07:31:22.9023090Z ##[endgroup]
2026-01-08T07:31:22.9028231Z [command]/usr/bin/git sparse-checkout disable
2026-01-08T07:31:22.9071718Z [command]/usr/bin/git config --local --unset-all extensions.worktreeConfig
2026-01-08T07:31:22.9099945Z ##[group]Checking out the ref
2026-01-08T07:31:22.9105089Z [command]/usr/bin/git checkout --progress --force -B phase-7.0/memory-gravity refs/remotes/origin/phase-7.0/memory-gravity
2026-01-08T07:31:22.9664729Z Switched to a new branch 'phase-7.0/memory-gravity'
2026-01-08T07:31:22.9666660Z branch 'phase-7.0/memory-gravity' set up to track 'origin/phase-7.0/memory-gravity'.
2026-01-08T07:31:22.9675753Z ##[endgroup]
2026-01-08T07:31:22.9713427Z [command]/usr/bin/git log -1 --format=%H
2026-01-08T07:31:22.9735835Z a007030881c1acfa401549f0fda3b185f51981a0
2026-01-08T07:31:23.0028120Z Prepare all required actions
2026-01-08T07:31:23.0029757Z Getting action download info
2026-01-08T07:31:23.0141674Z ##[group]Run ./.github/actions/run-tests
2026-01-08T07:31:23.0142728Z with:
2026-01-08T07:31:23.0143504Z   uv-version: 0.9
2026-01-08T07:31:23.0145403Z   command: uv run pytest tests/qa/phase_6_1_1/test_sin_of_collision.py tests/qa/phase_6_1_1/test_sec_shield.py -v --tb=short
2026-01-08T07:31:23.0147254Z   python-version: 3.11
2026-01-08T07:31:23.0148148Z   download-binary: true
2026-01-08T07:31:23.0149016Z env:
2026-01-08T07:31:23.0149931Z   CARGO_TERM_COLOR: always
2026-01-08T07:31:23.0150844Z   UV_VERSION: 0.9
2026-01-08T07:31:23.0151715Z   VELO_ZYGOTE_SOCKET_TIMEOUT: 60
2026-01-08T07:31:23.0152720Z   VELO_ZYGOTE_WORKER_TIMEOUT: 60
2026-01-08T07:31:23.0153702Z   VELO_MAX_BUNDLE_SIZE: 50
2026-01-08T07:31:23.0154632Z   VELO_TIMEOUT_MULTIPLIER: 6
2026-01-08T07:31:23.0155571Z ##[endgroup]
2026-01-08T07:31:23.0326339Z Prepare all required actions
2026-01-08T07:31:23.0327435Z Getting action download info
2026-01-08T07:31:23.2485377Z Download action repository 'astral-sh/setup-uv@v4' (SHA:38f3f104447c67c051c4a08e39b64a148898af3a)
2026-01-08T07:31:23.8872994Z Download action repository 'actions/download-artifact@v4' (SHA:d3f86a106a0bac45b974a628896c90dbdf5c8093)
2026-01-08T07:31:24.5345409Z ##[group]Run ./.github/actions/setup-velo
2026-01-08T07:31:24.5345740Z with:
2026-01-08T07:31:24.5345974Z   python-version: 3.11
2026-01-08T07:31:24.5346215Z   download-binary: true
2026-01-08T07:31:24.5346448Z   uv-version: 0.9
2026-01-08T07:31:24.5346657Z env:
2026-01-08T07:31:24.5346863Z   CARGO_TERM_COLOR: always
2026-01-08T07:31:24.5347098Z   UV_VERSION: 0.9
2026-01-08T07:31:24.5347336Z   VELO_ZYGOTE_SOCKET_TIMEOUT: 60
2026-01-08T07:31:24.5347598Z   VELO_ZYGOTE_WORKER_TIMEOUT: 60
2026-01-08T07:31:24.5347860Z   VELO_MAX_BUNDLE_SIZE: 50
2026-01-08T07:31:24.5348108Z   VELO_TIMEOUT_MULTIPLIER: 6
2026-01-08T07:31:24.5348361Z ##[endgroup]
2026-01-08T07:31:24.5477567Z ##[group]Run astral-sh/setup-uv@v4
2026-01-08T07:31:24.5477870Z with:
2026-01-08T07:31:24.5478097Z   version: 0.9
2026-01-08T07:31:24.5478306Z   enable-cache: true
2026-01-08T07:31:24.5478728Z   github-token: ***
2026-01-08T07:31:24.5478977Z   cache-dependency-glob: **/uv.lock
2026-01-08T07:31:24.5479500Z   prune-cache: true
2026-01-08T07:31:24.5479747Z   ignore-nothing-to-cache: false
2026-01-08T07:31:24.5480022Z env:
2026-01-08T07:31:24.5480227Z   CARGO_TERM_COLOR: always
2026-01-08T07:31:24.5480460Z   UV_VERSION: 0.9
2026-01-08T07:31:24.5480685Z   VELO_ZYGOTE_SOCKET_TIMEOUT: 60
2026-01-08T07:31:24.5480939Z   VELO_ZYGOTE_WORKER_TIMEOUT: 60
2026-01-08T07:31:24.5481201Z   VELO_MAX_BUNDLE_SIZE: 50
2026-01-08T07:31:24.5481442Z   VELO_TIMEOUT_MULTIPLIER: 6
2026-01-08T07:31:24.5481704Z ##[endgroup]
2026-01-08T07:31:33.0104621Z Downloading uv from "https://github.com/astral-sh/uv/releases/download/0.9.22/uv-x86_64-unknown-linux-gnu.tar.gz" ...
2026-01-08T07:31:33.5423455Z [command]/usr/bin/tar xz --warning=no-unknown-keyword --overwrite -C /home/runner/work/_temp/c886ba59-a4db-4bc7-aa53-45e13c77de33 -f /home/runner/work/_temp/a40172eb-b2ff-44ff-bf75-4b096b3d266f
2026-01-08T07:31:33.9782910Z Added /opt/hostedtoolcache/uv/0.9.22/x86_64 to the path
2026-01-08T07:31:33.9790479Z Added /home/runner/.local/bin to the path
2026-01-08T07:31:33.9809050Z Set UV_CACHE_DIR to /home/runner/work/_temp/setup-uv-cache
2026-01-08T07:31:33.9809602Z Successfully installed uv version 0.9.22
2026-01-08T07:31:33.9809916Z Searching files using cache dependency glob: **/uv.lock
2026-01-08T07:31:34.0792624Z /home/runner/work/velo/velo/test_deploy_tmp/project/uv.lock
2026-01-08T07:31:34.0984261Z /home/runner/work/velo/velo/uv.lock
2026-01-08T07:31:34.1003103Z Found 2 files to hash.
2026-01-08T07:31:34.1005604Z Trying to restore uv cache from GitHub Actions cache with key: setup-uv-1-x86_64-unknown-linux-gnu-0.9.22-e894bc848e7730c1f28bacd15c6aa7d854458db0d88f3a79269697d9c325e8aa
2026-01-08T07:31:34.1743657Z ##[warning]Failed to restore: Cache service responded with 400
2026-01-08T07:31:34.1744744Z No GitHub Actions cache found for key: setup-uv-1-x86_64-unknown-linux-gnu-0.9.22-e894bc848e7730c1f28bacd15c6aa7d854458db0d88f3a79269697d9c325e8aa
2026-01-08T07:31:34.1875071Z ##[group]Run uv python install 3.11
2026-01-08T07:31:34.1875609Z [36;1muv python install 3.11[0m
2026-01-08T07:31:34.1914943Z shell: /usr/bin/bash --noprofile --norc -e -o pipefail {0}
2026-01-08T07:31:34.1915287Z env:
2026-01-08T07:31:34.1915476Z   CARGO_TERM_COLOR: always
2026-01-08T07:31:34.1915684Z   UV_VERSION: 0.9
2026-01-08T07:31:34.1915872Z   VELO_ZYGOTE_SOCKET_TIMEOUT: 60
2026-01-08T07:31:34.1916086Z   VELO_ZYGOTE_WORKER_TIMEOUT: 60
2026-01-08T07:31:34.1916295Z   VELO_MAX_BUNDLE_SIZE: 50
2026-01-08T07:31:34.1916490Z   VELO_TIMEOUT_MULTIPLIER: 6
2026-01-08T07:31:34.1916744Z   UV_CACHE_DIR: /home/runner/work/_temp/setup-uv-cache
2026-01-08T07:31:34.1917001Z ##[endgroup]
2026-01-08T07:31:34.3710785Z Downloading cpython-3.11.14-linux-x86_64-gnu (download) (29.1MiB)
2026-01-08T07:31:35.3640061Z  Downloaded cpython-3.11.14-linux-x86_64-gnu (download)
2026-01-08T07:31:35.3691496Z Installed Python 3.11.14 in 1.16s
2026-01-08T07:31:35.3692162Z  + cpython-3.11.14-linux-x86_64-gnu (python3.11)
2026-01-08T07:31:35.3748553Z ##[group]Run uv venv --python 3.11
2026-01-08T07:31:35.3748849Z [36;1muv venv --python 3.11[0m
2026-01-08T07:31:35.3749076Z [36;1muv sync --extra dev[0m
2026-01-08T07:31:35.3782281Z shell: /usr/bin/bash --noprofile --norc -e -o pipefail {0}
2026-01-08T07:31:35.3782600Z env:
2026-01-08T07:31:35.3782773Z   CARGO_TERM_COLOR: always
2026-01-08T07:31:35.3782986Z   UV_VERSION: 0.9
2026-01-08T07:31:35.3783177Z   VELO_ZYGOTE_SOCKET_TIMEOUT: 60
2026-01-08T07:31:35.3783412Z   VELO_ZYGOTE_WORKER_TIMEOUT: 60
2026-01-08T07:31:35.3783623Z   VELO_MAX_BUNDLE_SIZE: 50
2026-01-08T07:31:35.3783833Z   VELO_TIMEOUT_MULTIPLIER: 6
2026-01-08T07:31:35.3784096Z   UV_CACHE_DIR: /home/runner/work/_temp/setup-uv-cache
2026-01-08T07:31:35.3784367Z ##[endgroup]
2026-01-08T07:31:35.5381075Z Using CPython 3.11.14
2026-01-08T07:31:35.5381422Z Creating virtual environment at: .venv
2026-01-08T07:31:35.5387299Z Activate with: source .venv/bin/activate
2026-01-08T07:31:35.6709426Z Resolved 27 packages in 0.79ms
2026-01-08T07:31:35.7910283Z Downloading pydantic-core (2.0MiB)
2026-01-08T07:31:35.7919131Z Downloading pygments (1.2MiB)
2026-01-08T07:31:35.8814956Z  Downloaded pydantic-core
2026-01-08T07:31:35.9327473Z  Downloaded pygments
2026-01-08T07:31:35.9330149Z Prepared 25 packages in 261ms
2026-01-08T07:31:35.9544643Z Installed 25 packages in 21ms
2026-01-08T07:31:35.9545062Z  + annotated-doc==0.0.4
2026-01-08T07:31:35.9545411Z  + annotated-types==0.7.0
2026-01-08T07:31:35.9545754Z  + anyio==4.12.0
2026-01-08T07:31:35.9546136Z  + blake3==1.0.8
2026-01-08T07:31:35.9546536Z  + certifi==2026.1.4
2026-01-08T07:31:35.9546940Z  + charset-normalizer==3.4.4
2026-01-08T07:31:35.9547337Z  + click==8.3.1
2026-01-08T07:31:35.9547880Z  + fastapi==0.128.0
2026-01-08T07:31:35.9548783Z  + h11==0.16.0
2026-01-08T07:31:35.9549091Z  + idna==3.11
2026-01-08T07:31:35.9549519Z  + iniconfig==2.3.0
2026-01-08T07:31:35.9549811Z  + msgpack==1.1.2
2026-01-08T07:31:35.9550108Z  + packaging==25.0
2026-01-08T07:31:35.9550400Z  + pluggy==1.6.0
2026-01-08T07:31:35.9550691Z  + psutil==7.2.1
2026-01-08T07:31:35.9551040Z  + pydantic==2.12.5
2026-01-08T07:31:35.9551532Z  + pydantic-core==2.41.5
2026-01-08T07:31:35.9551970Z  + pygments==2.19.2
2026-01-08T07:31:35.9552311Z  + pytest==9.0.2
2026-01-08T07:31:35.9558416Z  + requests==2.32.5
2026-01-08T07:31:35.9559017Z  + starlette==0.50.0
2026-01-08T07:31:35.9559566Z  + typing-extensions==4.15.0
2026-01-08T07:31:35.9559936Z  + typing-inspection==0.4.2
2026-01-08T07:31:35.9560349Z  + urllib3==2.6.2
2026-01-08T07:31:35.9560660Z  + uvicorn==0.40.0
2026-01-08T07:31:35.9630471Z ##[group]Run if [ -n "" ]; then
2026-01-08T07:31:35.9630735Z [36;1mif [ -n "" ]; then[0m
2026-01-08T07:31:35.9630972Z [36;1m  echo "name=" >> $GITHUB_OUTPUT[0m
2026-01-08T07:31:35.9631254Z [36;1melif [ "$RUNNER_OS" = "macOS" ]; then[0m
2026-01-08T07:31:35.9631779Z [36;1m  echo "name=velo-binary-macos" >> $GITHUB_OUTPUT[0m
2026-01-08T07:31:35.9632077Z [36;1melse[0m
2026-01-08T07:31:35.9632319Z [36;1m  echo "name=velo-binary-ubuntu" >> $GITHUB_OUTPUT[0m
2026-01-08T07:31:35.9632592Z [36;1mfi[0m
2026-01-08T07:31:35.9664907Z shell: /usr/bin/bash --noprofile --norc -e -o pipefail {0}
2026-01-08T07:31:35.9665217Z env:
2026-01-08T07:31:35.9665389Z   CARGO_TERM_COLOR: always
2026-01-08T07:31:35.9665594Z   UV_VERSION: 0.9
2026-01-08T07:31:35.9665783Z   VELO_ZYGOTE_SOCKET_TIMEOUT: 60
2026-01-08T07:31:35.9666000Z   VELO_ZYGOTE_WORKER_TIMEOUT: 60
2026-01-08T07:31:35.9666212Z   VELO_MAX_BUNDLE_SIZE: 50
2026-01-08T07:31:35.9666422Z   VELO_TIMEOUT_MULTIPLIER: 6
2026-01-08T07:31:35.9666683Z   UV_CACHE_DIR: /home/runner/work/_temp/setup-uv-cache
2026-01-08T07:31:35.9666943Z ##[endgroup]
2026-01-08T07:31:35.9768360Z ##[group]Run actions/download-artifact@v4
2026-01-08T07:31:35.9768603Z with:
2026-01-08T07:31:35.9768767Z   name: velo-binary-ubuntu
2026-01-08T07:31:35.9768983Z   path: target/release/
2026-01-08T07:31:35.9769443Z   merge-multiple: false
2026-01-08T07:31:35.9769656Z   repository: velo-sh/velo
2026-01-08T07:31:35.9769854Z   run-id: 20809116950
2026-01-08T07:31:35.9770022Z env:
2026-01-08T07:31:35.9770196Z   CARGO_TERM_COLOR: always
2026-01-08T07:31:35.9770383Z   UV_VERSION: 0.9
2026-01-08T07:31:35.9770573Z   VELO_ZYGOTE_SOCKET_TIMEOUT: 60
2026-01-08T07:31:35.9770791Z   VELO_ZYGOTE_WORKER_TIMEOUT: 60
2026-01-08T07:31:35.9770999Z   VELO_MAX_BUNDLE_SIZE: 50
2026-01-08T07:31:35.9771195Z   VELO_TIMEOUT_MULTIPLIER: 6
2026-01-08T07:31:35.9771449Z   UV_CACHE_DIR: /home/runner/work/_temp/setup-uv-cache
2026-01-08T07:31:35.9771714Z ##[endgroup]
2026-01-08T07:31:36.1751761Z Downloading single artifact
2026-01-08T07:31:36.4286159Z Preparing to download the following artifacts:
2026-01-08T07:31:36.4287222Z - velo-binary-ubuntu (ID: 5059477737, Size: 2634113, Expected Digest: sha256:baf695309159fba53b2cf4e5fbe74ffb0b076fa8f2128d53fd0d0f5d8ab73d0f)
2026-01-08T07:31:36.5845008Z Redirecting to blob download url: https://productionresultssa17.blob.core.windows.net/actions-results/012069c6-043a-4981-a5ac-024bb9a76a93/workflow-job-run-826db7a3-47ba-5663-8c52-0e7e335672f3/artifacts/dcc2b8719c64dc90a41e822723e622c256f0c923ea295135723fdcf0bf33c671.zip
2026-01-08T07:31:36.5847207Z Starting download of artifact to: /home/runner/work/velo/velo/target/release
2026-01-08T07:31:36.8205439Z (node:2172) [DEP0005] DeprecationWarning: Buffer() is deprecated due to security and usability issues. Please use the Buffer.alloc(), Buffer.allocUnsafe(), or Buffer.from() methods instead.
2026-01-08T07:31:36.8207173Z (Use `node --trace-deprecation ...` to show where the warning was created)
2026-01-08T07:31:37.3224495Z SHA256 digest of downloaded artifact is baf695309159fba53b2cf4e5fbe74ffb0b076fa8f2128d53fd0d0f5d8ab73d0f
2026-01-08T07:31:37.3225454Z Artifact download completed successfully.
2026-01-08T07:31:37.3225936Z Total of 1 artifact(s) downloaded
2026-01-08T07:31:37.3232437Z Download artifact has finished successfully
2026-01-08T07:31:37.3333381Z ##[group]Run chmod +x target/release/velo
2026-01-08T07:31:37.3333865Z [36;1mchmod +x target/release/velo[0m
2026-01-08T07:31:37.3380869Z shell: /usr/bin/bash --noprofile --norc -e -o pipefail {0}
2026-01-08T07:31:37.3381420Z env:
2026-01-08T07:31:37.3381713Z   CARGO_TERM_COLOR: always
2026-01-08T07:31:37.3382075Z   UV_VERSION: 0.9
2026-01-08T07:31:37.3382408Z   VELO_ZYGOTE_SOCKET_TIMEOUT: 60
2026-01-08T07:31:37.3382804Z   VELO_ZYGOTE_WORKER_TIMEOUT: 60
2026-01-08T07:31:37.3383190Z   VELO_MAX_BUNDLE_SIZE: 50
2026-01-08T07:31:37.3383569Z   VELO_TIMEOUT_MULTIPLIER: 6
2026-01-08T07:31:37.3384072Z   UV_CACHE_DIR: /home/runner/work/_temp/setup-uv-cache
2026-01-08T07:31:37.3384537Z ##[endgroup]
2026-01-08T07:31:37.3490870Z ##[group]Run uv run pytest tests/qa/phase_6_1_1/test_sin_of_collision.py tests/qa/phase_6_1_1/test_sec_shield.py -v --tb=short
2026-01-08T07:31:37.3491767Z [36;1muv run pytest tests/qa/phase_6_1_1/test_sin_of_collision.py tests/qa/phase_6_1_1/test_sec_shield.py -v --tb=short[0m
2026-01-08T07:31:37.3520652Z shell: /usr/bin/bash --noprofile --norc -e -o pipefail {0}
2026-01-08T07:31:37.3520978Z env:
2026-01-08T07:31:37.3521151Z   CARGO_TERM_COLOR: always
2026-01-08T07:31:37.3521356Z   UV_VERSION: 0.9
2026-01-08T07:31:37.3521713Z   VELO_ZYGOTE_SOCKET_TIMEOUT: 60
2026-01-08T07:31:37.3521936Z   VELO_ZYGOTE_WORKER_TIMEOUT: 60
2026-01-08T07:31:37.3522152Z   VELO_MAX_BUNDLE_SIZE: 50
2026-01-08T07:31:37.3522362Z   VELO_TIMEOUT_MULTIPLIER: 6
2026-01-08T07:31:37.3522616Z   UV_CACHE_DIR: /home/runner/work/_temp/setup-uv-cache
2026-01-08T07:31:37.3522893Z ##[endgroup]
2026-01-08T07:31:38.2521361Z ============================= test session starts ==============================
2026-01-08T07:31:38.2522360Z platform linux -- Python 3.11.14, pytest-9.0.2, pluggy-1.6.0 -- /home/runner/work/velo/velo/.venv/bin/python3
2026-01-08T07:31:38.2522937Z cachedir: .pytest_cache
2026-01-08T07:31:38.2523216Z rootdir: /home/runner/work/velo/velo
2026-01-08T07:31:38.2523571Z configfile: pyproject.toml
2026-01-08T07:31:38.2523850Z plugins: anyio-4.12.0
2026-01-08T07:31:38.4247811Z collecting ... collected 5 items
2026-01-08T07:31:38.4248090Z 
2026-01-08T07:31:44.8684186Z tests/qa/phase_6_1_1/test_sin_of_collision.py::test_workspace_collision_hijacking PASSED [ 20%]
2026-01-08T07:31:44.8693067Z tests/qa/phase_6_1_1/test_sin_of_collision.py::test_socket_path_determinism PASSED [ 40%]
2026-01-08T07:32:49.8715246Z tests/qa/phase_6_1_1/test_sec_shield.py::TestSandboxShield::test_SEC_SHIELD_001_env_inheritance FAILED [ 60%]
2026-01-08T07:32:58.1213788Z tests/qa/phase_6_1_1/test_sec_shield.py::TestSandboxShield::test_SEC_SHIELD_002_filesystem_jail FAILED [ 80%]
2026-01-08T07:33:08.1266683Z tests/qa/phase_6_1_1/test_sec_shield.py::TestSandboxShield::test_SEC_SHIELD_003_workspace_isolation PASSED [100%]
2026-01-08T07:33:08.1267482Z 
2026-01-08T07:33:08.1267686Z =================================== FAILURES ===================================
2026-01-08T07:33:08.1268442Z ____________ TestSandboxShield.test_SEC_SHIELD_001_env_inheritance _____________
2026-01-08T07:33:08.1269704Z tests/qa/phase_6_1_1/test_sec_shield.py:22: in test_SEC_SHIELD_001_env_inheritance
2026-01-08T07:33:08.1270524Z     proc.wait_ready()
2026-01-08T07:33:08.1271043Z tests/qa/phase_6_1_1/conftest.py:54: in wait_ready
2026-01-08T07:33:08.1271682Z     raise RuntimeError("Server process died")
2026-01-08T07:33:08.1272269Z E   RuntimeError: Server process died
2026-01-08T07:33:08.1272942Z ---------------------------- Captured stderr setup -----------------------------
2026-01-08T07:33:08.1273790Z info: syncing channel updates for '1.92.0-x86_64-unknown-linux-gnu'
2026-01-08T07:33:08.1274683Z info: latest update on 2025-12-11, rust version 1.92.0 (ded5c06cf 2025-12-08)
2026-01-08T07:33:08.1275401Z info: downloading component 'cargo'
2026-01-08T07:33:08.1275913Z info: downloading component 'clippy'
2026-01-08T07:33:08.1276471Z info: downloading component 'llvm-tools'
2026-01-08T07:33:08.1277036Z info: downloading component 'rust-std'
2026-01-08T07:33:08.1277563Z info: downloading component 'rustc'
2026-01-08T07:33:08.1278062Z info: downloading component 'rustfmt'
2026-01-08T07:33:08.1278726Z info: installing component 'cargo'
2026-01-08T07:33:08.1279412Z info: installing component 'clippy'
2026-01-08T07:33:08.1279715Z info: installing component 'llvm-tools'
2026-01-08T07:33:08.1280005Z info: installing component 'rust-std'
2026-01-08T07:33:08.1280278Z info: installing component 'rustc'
2026-01-08T07:33:08.1280539Z info: installing component 'rustfmt'
2026-01-08T07:33:08.1281020Z [1m[92m    Updating[0m crates.io index
2026-01-08T07:33:08.1281343Z [1m[92m Downloading[0m crates ...
2026-01-08T07:33:08.1281659Z [1m[92m  Downloaded[0m arrayref v0.3.9
2026-01-08T07:33:08.1282006Z [1m[92m  Downloaded[0m bytecheck_derive v0.8.2
2026-01-08T07:33:08.1282371Z [1m[92m  Downloaded[0m anstyle-query v1.1.5
2026-01-08T07:33:08.1282723Z [1m[92m  Downloaded[0m num-integer v0.1.46
2026-01-08T07:33:08.1283304Z [1m[92m  Downloaded[0m constant_time_eq v0.3.1
2026-01-08T07:33:08.1283651Z [1m[92m  Downloaded[0m cfg-if v1.0.4
2026-01-08T07:33:08.1283972Z [1m[92m  Downloaded[0m crunchy v0.2.4
2026-01-08T07:33:08.1284280Z [1m[92m  Downloaded[0m itoa v1.0.17
2026-01-08T07:33:08.1284757Z [1m[92m  Downloaded[0m atomic-waker v1.1.2
2026-01-08T07:33:08.1285080Z [1m[92m  Downloaded[0m errno v0.3.14
2026-01-08T07:33:08.1285391Z [1m[92m  Downloaded[0m fastrand v2.3.0
2026-01-08T07:33:08.1285709Z [1m[92m  Downloaded[0m equivalent v1.0.2
2026-01-08T07:33:08.1286035Z [1m[92m  Downloaded[0m bytecheck v0.8.2
2026-01-08T07:33:08.1286367Z [1m[92m  Downloaded[0m parking_lot v0.12.5
2026-01-08T07:33:08.1286689Z [1m[92m  Downloaded[0m anstyle v1.0.13
2026-01-08T07:33:08.1287003Z [1m[92m  Downloaded[0m autocfg v1.5.0
2026-01-08T07:33:08.1287317Z [1m[92m  Downloaded[0m bitflags v1.3.2
2026-01-08T07:33:08.1287653Z [1m[92m  Downloaded[0m percent-encoding v2.3.2
2026-01-08T07:33:08.1287995Z [1m[92m  Downloaded[0m phf v0.11.3
2026-01-08T07:33:08.1288323Z [1m[92m  Downloaded[0m anstyle-parse v0.2.7
2026-01-08T07:33:08.1288656Z [1m[92m  Downloaded[0m httpdate v1.0.3
2026-01-08T07:33:08.1288978Z [1m[92m  Downloaded[0m phf_codegen v0.11.3
2026-01-08T07:33:08.1289530Z [1m[92m  Downloaded[0m ascii v1.1.0
2026-01-08T07:33:08.1289823Z [1m[92m  Downloaded[0m munge_macro v0.4.7
2026-01-08T07:33:08.1290108Z [1m[92m  Downloaded[0m is-macro v0.3.7
2026-01-08T07:33:08.1290407Z [1m[92m  Downloaded[0m malachite-bigint v0.2.3
2026-01-08T07:33:08.1290715Z [1m[92m  Downloaded[0m munge v0.4.7
2026-01-08T07:33:08.1291017Z [1m[92m  Downloaded[0m parking_lot_core v0.9.12
2026-01-08T07:33:08.1291327Z [1m[92m  Downloaded[0m inotify v0.9.6
2026-01-08T07:33:08.1291607Z [1m[92m  Downloaded[0m try-lock v0.2.5
2026-01-08T07:33:08.1291911Z [1m[92m  Downloaded[0m static_assertions v1.1.0
2026-01-08T07:33:08.1292202Z [1m[92m  Downloaded[0m notify v6.1.1
2026-01-08T07:33:08.1292478Z [1m[92m  Downloaded[0m log v0.4.29
2026-01-08T07:33:08.1292746Z [1m[92m  Downloaded[0m want v0.3.1
2026-01-08T07:33:08.1293042Z [1m[92m  Downloaded[0m unic-char-property v0.9.0
2026-01-08T07:33:08.1293361Z [1m[92m  Downloaded[0m unicode-xid v0.2.6
2026-01-08T07:33:08.1293669Z [1m[92m  Downloaded[0m unic-ucd-version v0.9.0
2026-01-08T07:33:08.1293973Z [1m[92m  Downloaded[0m itertools v0.11.0
2026-01-08T07:33:08.1294265Z [1m[92m  Downloaded[0m utf8parse v0.2.2
2026-01-08T07:33:08.1294543Z [1m[92m  Downloaded[0m shlex v1.3.0
2026-01-08T07:33:08.1294970Z [1m[92m  Downloaded[0m unicode_names2_generator v1.3.0
2026-01-08T07:33:08.1295385Z [1m[92m  Downloaded[0m version_check v0.9.5
2026-01-08T07:33:08.1295672Z [1m[92m  Downloaded[0m rend v0.5.3
2026-01-08T07:33:08.1295938Z [1m[92m  Downloaded[0m zmij v1.0.6
2026-01-08T07:33:08.1296209Z [1m[92m  Downloaded[0m walkdir v2.5.0
2026-01-08T07:33:08.1296489Z [1m[92m  Downloaded[0m smallvec v1.15.1
2026-01-08T07:33:08.1296781Z [1m[92m  Downloaded[0m rmp-serde v1.3.1
2026-01-08T07:33:08.1297082Z [1m[92m  Downloaded[0m unicode-ident v1.0.22
2026-01-08T07:33:08.1297369Z [1m[92m  Downloaded[0m uuid v1.19.0
2026-01-08T07:33:08.1297646Z [1m[92m  Downloaded[0m tinyvec v1.10.0
2026-01-08T07:33:08.1297946Z [1m[92m  Downloaded[0m serde_derive v1.0.228
2026-01-08T07:33:08.1298237Z [1m[92m  Downloaded[0m serde v1.0.228
2026-01-08T07:33:08.1298512Z [1m[92m  Downloaded[0m tower v0.5.2
2026-01-08T07:33:08.1298795Z [1m[92m  Downloaded[0m tokio-util v0.7.18
2026-01-08T07:33:08.1299100Z [1m[92m  Downloaded[0m serde_json v1.0.148
2026-01-08T07:33:08.1299785Z [1m[92m  Downloaded[0m rustpython-parser v0.4.0
2026-01-08T07:33:08.1300093Z [1m[92m  Downloaded[0m rkyv v0.8.12
2026-01-08T07:33:08.1300370Z [1m[92m  Downloaded[0m regex v1.12.2
2026-01-08T07:33:08.1300640Z [1m[92m  Downloaded[0m rand v0.8.5
2026-01-08T07:33:08.1300920Z [1m[92m  Downloaded[0m serde_core v1.0.228
2026-01-08T07:33:08.1301211Z [1m[92m  Downloaded[0m zerocopy v0.8.31
2026-01-08T07:33:08.1301662Z [1m[92m  Downloaded[0m unicode-width v0.2.2
2026-01-08T07:33:08.1301964Z [1m[92m  Downloaded[0m ryu v1.0.22
2026-01-08T07:33:08.1302249Z [1m[92m  Downloaded[0m unicode_names2 v1.3.0
2026-01-08T07:33:08.1302535Z [1m[92m  Downloaded[0m syn v2.0.112
2026-01-08T07:33:08.1302917Z [1m[92m  Downloaded[0m rustix v1.1.3
2026-01-08T07:33:08.1303209Z [1m[92m  Downloaded[0m rustpython-ast v0.4.0
2026-01-08T07:33:08.1303548Z [1m[92m  Downloaded[0m regex-syntax v0.8.8
2026-01-08T07:33:08.1303864Z [1m[92m  Downloaded[0m proc-macro2 v1.0.104
2026-01-08T07:33:08.1304178Z [1m[92m  Downloaded[0m tracing-core v0.1.36
2026-01-08T07:33:08.1304480Z [1m[92m  Downloaded[0m tiny_http v0.12.0
2026-01-08T07:33:08.1304769Z [1m[92m  Downloaded[0m tempfile v3.24.0
2026-01-08T07:33:08.1305057Z [1m[92m  Downloaded[0m tracing v0.1.44
2026-01-08T07:33:08.1305340Z [1m[92m  Downloaded[0m libc v0.2.178
2026-01-08T07:33:08.1305620Z [1m[92m  Downloaded[0m socket2 v0.6.1
2026-01-08T07:33:08.1305925Z [1m[92m  Downloaded[0m malachite-base v0.4.22
2026-01-08T07:33:08.1306237Z [1m[92m  Downloaded[0m signal-hook v0.3.18
2026-01-08T07:33:08.1306526Z [1m[92m  Downloaded[0m bstr v1.12.1
2026-01-08T07:33:08.1306794Z [1m[92m  Downloaded[0m rmp v0.8.15
2026-01-08T07:33:08.1307086Z [1m[92m  Downloaded[0m tiny-keccak v2.0.2
2026-01-08T07:33:08.1307389Z [1m[92m  Downloaded[0m regex-automata v0.4.13
2026-01-08T07:33:08.1307678Z [1m[92m  Downloaded[0m quote v1.0.42
2026-01-08T07:33:08.1307974Z [1m[92m  Downloaded[0m ppv-lite86 v0.2.21
2026-01-08T07:33:08.1308289Z [1m[92m  Downloaded[0m pin-project-lite v0.2.16
2026-01-08T07:33:08.1308592Z [1m[92m  Downloaded[0m nix v0.27.1
2026-01-08T07:33:08.1308858Z [1m[92m  Downloaded[0m chrono v0.4.42
2026-01-08T07:33:08.1328254Z [1m[92m  Downloaded[0m unic-ucd-ident v0.9.0
2026-01-08T07:33:08.1328768Z [1m[92m  Downloaded[0m thiserror-impl v1.0.69
2026-01-08T07:33:08.1329565Z [1m[92m  Downloaded[0m thiserror v1.0.69
2026-01-08T07:33:08.1330132Z [1m[92m  Downloaded[0m slab v0.4.11
2026-01-08T07:33:08.1330671Z [1m[92m  Downloaded[0m siphasher v1.0.1
2026-01-08T07:33:08.1331196Z [1m[92m  Downloaded[0m simdutf8 v0.1.5
2026-01-08T07:33:08.1331814Z [1m[92m  Downloaded[0m signal-hook-registry v1.4.8
2026-01-08T07:33:08.1332422Z [1m[92m  Downloaded[0m tokio v1.49.0
2026-01-08T07:33:08.1332966Z [1m[92m  Downloaded[0m phf_shared v0.11.3
2026-01-08T07:33:08.1333530Z [1m[92m  Downloaded[0m malachite-q v0.4.22
2026-01-08T07:33:08.1334132Z [1m[92m  Downloaded[0m unic-char-range v0.9.0
2026-01-08T07:33:08.1334705Z [1m[92m  Downloaded[0m tokio-macros v2.6.0
2026-01-08T07:33:08.1335233Z [1m[92m  Downloaded[0m clap_builder v4.5.54
2026-01-08T07:33:08.1335758Z [1m[92m  Downloaded[0m rand_core v0.6.4
2026-01-08T07:33:08.1336323Z [1m[92m  Downloaded[0m ptr_meta_derive v0.3.1
2026-01-08T07:33:08.1336895Z [1m[92m  Downloaded[0m phf_generator v0.11.3
2026-01-08T07:33:08.1337446Z [1m[92m  Downloaded[0m libm v0.2.15
2026-01-08T07:33:08.1337973Z [1m[92m  Downloaded[0m h2 v0.4.12
2026-01-08T07:33:08.1338514Z [1m[92m  Downloaded[0m tinyvec_macros v0.1.1
2026-01-08T07:33:08.1339074Z [1m[92m  Downloaded[0m rancor v0.1.1
2026-01-08T07:33:08.1339843Z [1m[92m  Downloaded[0m ptr_meta v0.3.1
2026-01-08T07:33:08.1340385Z [1m[92m  Downloaded[0m pin-utils v0.1.0
2026-01-08T07:33:08.1340893Z [1m[92m  Downloaded[0m hyper v1.8.1
2026-01-08T07:33:08.1341433Z [1m[92m  Downloaded[0m futures-util v0.3.31
2026-01-08T07:33:08.1341979Z [1m[92m  Downloaded[0m hashbrown v0.16.1
2026-01-08T07:33:08.1342498Z [1m[92m  Downloaded[0m hashbrown v0.15.5
2026-01-08T07:33:08.1343025Z [1m[92m  Downloaded[0m hashbrown v0.14.5
2026-01-08T07:33:08.1343572Z [1m[92m  Downloaded[0m unic-common v0.9.0
2026-01-08T07:33:08.1344118Z [1m[92m  Downloaded[0m tower-service v0.3.3
2026-01-08T07:33:08.1344647Z [1m[92m  Downloaded[0m tower-layer v0.3.3
2026-01-08T07:33:08.1345168Z [1m[92m  Downloaded[0m strsim v0.11.1
2026-01-08T07:33:08.1345925Z [1m[92m  Downloaded[0m scopeguard v1.2.0
2026-01-08T07:33:08.1346591Z [1m[92m  Downloaded[0m rustpython-parser-vendored v0.4.0
2026-01-08T07:33:08.1347223Z [1m[92m  Downloaded[0m hyper-util v0.1.19
2026-01-08T07:33:08.1347781Z [1m[92m  Downloaded[0m aho-corasick v1.1.4
2026-01-08T07:33:08.1348490Z [1m[92m  Downloaded[0m mio v1.1.1
2026-01-08T07:33:08.1348973Z [1m[92m  Downloaded[0m mio v0.8.11
2026-01-08T07:33:08.1349804Z [1m[92m  Downloaded[0m indexmap v2.12.1
2026-01-08T07:33:08.1350323Z [1m[92m  Downloaded[0m http v1.4.0
2026-01-08T07:33:08.1350815Z [1m[92m  Downloaded[0m blake3 v1.8.2
2026-01-08T07:33:08.1351384Z [1m[92m  Downloaded[0m rustpython-parser-core v0.4.0
2026-01-08T07:33:08.1351853Z [1m[92m  Downloaded[0m rand_chacha v0.3.1
2026-01-08T07:33:08.1352148Z [1m[92m  Downloaded[0m memchr v2.7.6
2026-01-08T07:33:08.1352456Z [1m[92m  Downloaded[0m unic-emoji-char v0.9.0
2026-01-08T07:33:08.1352759Z [1m[92m  Downloaded[0m getrandom v0.3.4
2026-01-08T07:33:08.1353074Z [1m[92m  Downloaded[0m crossbeam-channel v0.5.15
2026-01-08T07:33:08.1353382Z [1m[92m  Downloaded[0m clap v4.5.54
2026-01-08T07:33:08.1353666Z [1m[92m  Downloaded[0m ignore v0.4.25
2026-01-08T07:33:08.1353962Z [1m[92m  Downloaded[0m iana-time-zone v0.1.64
2026-01-08T07:33:08.1354263Z [1m[92m  Downloaded[0m colored v2.2.0
2026-01-08T07:33:08.1354555Z [1m[92m  Downloaded[0m clap_derive v4.5.49
2026-01-08T07:33:08.1354836Z [1m[92m  Downloaded[0m cc v1.2.51
2026-01-08T07:33:08.1355112Z [1m[92m  Downloaded[0m lock_api v0.4.14
2026-01-08T07:33:08.1355392Z [1m[92m  Downloaded[0m ipnet v2.11.0
2026-01-08T07:33:08.1355667Z [1m[92m  Downloaded[0m httparse v1.10.1
2026-01-08T07:33:08.1355947Z [1m[92m  Downloaded[0m getrandom v0.2.16
2026-01-08T07:33:08.1356251Z [1m[92m  Downloaded[0m derive_more-impl v1.0.0
2026-01-08T07:33:08.1356563Z [1m[92m  Downloaded[0m derive_more v1.0.0
2026-01-08T07:33:08.1356840Z [1m[92m  Downloaded[0m bytes v1.11.0
2026-01-08T07:33:08.1357120Z [1m[92m  Downloaded[0m same-file v1.0.6
2026-01-08T07:33:08.1357406Z [1m[92m  Downloaded[0m rustc-hash v1.1.0
2026-01-08T07:33:08.1357693Z [1m[92m  Downloaded[0m rkyv_derive v0.8.12
2026-01-08T07:33:08.1357984Z [1m[92m  Downloaded[0m num-traits v0.2.19
2026-01-08T07:33:08.1358275Z [1m[92m  Downloaded[0m clap_lex v0.7.6
2026-01-08T07:33:08.1358553Z [1m[92m  Downloaded[0m base64 v0.22.1
2026-01-08T07:33:08.1358838Z [1m[92m  Downloaded[0m malachite-nz v0.4.22
2026-01-08T07:33:08.1359146Z [1m[92m  Downloaded[0m http-body-util v0.1.3
2026-01-08T07:33:08.1359749Z [1m[92m  Downloaded[0m globset v0.4.18
2026-01-08T07:33:08.1360036Z [1m[92m  Downloaded[0m once_cell v1.21.3
2026-01-08T07:33:08.1360319Z [1m[92m  Downloaded[0m getopts v0.2.24
2026-01-08T07:33:08.1360616Z [1m[92m  Downloaded[0m futures-channel v0.3.31
2026-01-08T07:33:08.1360923Z [1m[92m  Downloaded[0m find-msvc-tools v0.1.6
2026-01-08T07:33:08.1361217Z [1m[92m  Downloaded[0m filetime v0.2.26
2026-01-08T07:33:08.1361541Z [1m[92m  Downloaded[0m is_terminal_polyfill v1.70.2
2026-01-08T07:33:08.1361855Z [1m[92m  Downloaded[0m http-body v1.0.1
2026-01-08T07:33:08.1362150Z [1m[92m  Downloaded[0m chunked_transfer v1.5.0
2026-01-08T07:33:08.1362457Z [1m[92m  Downloaded[0m lazy_static v1.5.0
2026-01-08T07:33:08.1362758Z [1m[92m  Downloaded[0m lalrpop-util v0.20.2
2026-01-08T07:33:08.1363043Z [1m[92m  Downloaded[0m heck v0.5.0
2026-01-08T07:33:08.1363324Z [1m[92m  Downloaded[0m inotify-sys v0.1.5
2026-01-08T07:33:08.1363609Z [1m[92m  Downloaded[0m memoffset v0.9.1
2026-01-08T07:33:08.1363887Z [1m[92m  Downloaded[0m malachite v0.4.22
2026-01-08T07:33:08.1364242Z [1m[92m  Downloaded[0m hostname v0.4.2
2026-01-08T07:33:08.1364535Z [1m[92m  Downloaded[0m futures-task v0.3.31
2026-01-08T07:33:08.1364830Z [1m[92m  Downloaded[0m colorchoice v1.0.4
2026-01-08T07:33:08.1365115Z [1m[92m  Downloaded[0m anyhow v1.0.100
2026-01-08T07:33:08.1365565Z [1m[92m  Downloaded[0m paste v1.0.15
2026-01-08T07:33:08.1365873Z [1m[92m  Downloaded[0m crossbeam-epoch v0.9.18
2026-01-08T07:33:08.1366164Z [1m[92m  Downloaded[0m hex v0.4.3
2026-01-08T07:33:08.1366445Z [1m[92m  Downloaded[0m futures-sink v0.3.31
2026-01-08T07:33:08.1366737Z [1m[92m  Downloaded[0m futures-core v0.3.31
2026-01-08T07:33:08.1367127Z [1m[92m  Downloaded[0m fs2 v0.4.3
2026-01-08T07:33:08.1367388Z [1m[92m  Downloaded[0m fnv v1.0.7
2026-01-08T07:33:08.1367650Z [1m[92m  Downloaded[0m either v1.15.0
2026-01-08T07:33:08.1367947Z [1m[92m  Downloaded[0m crossbeam-utils v0.8.21
2026-01-08T07:33:08.1368257Z [1m[92m  Downloaded[0m crossbeam-deque v0.8.6
2026-01-08T07:33:08.1368553Z [1m[92m  Downloaded[0m crc32fast v1.5.0
2026-01-08T07:33:08.1368834Z [1m[92m  Downloaded[0m bitflags v2.10.0
2026-01-08T07:33:08.1369141Z [1m[92m  Downloaded[0m linux-raw-sys v0.11.0
2026-01-08T07:33:08.1369657Z [1m[92m  Downloaded[0m arrayvec v0.7.6
2026-01-08T07:33:08.1369935Z [1m[92m  Downloaded[0m anstream v0.6.21
2026-01-08T07:33:08.1370217Z [1m[92m  Downloaded[0m ahash v0.8.12
2026-01-08T07:33:08.1370489Z [1m[92m   Compiling[0m cfg-if v1.0.4
2026-01-08T07:33:08.1370771Z [1m[92m   Compiling[0m proc-macro2 v1.0.104
2026-01-08T07:33:08.1371070Z [1m[92m   Compiling[0m quote v1.0.42
2026-01-08T07:33:08.1371367Z [1m[92m   Compiling[0m unicode-ident v1.0.22
2026-01-08T07:33:08.1371646Z [1m[92m   Compiling[0m libc v0.2.178
2026-01-08T07:33:08.1371922Z [1m[92m   Compiling[0m zerocopy v0.8.31
2026-01-08T07:33:08.1372209Z [1m[92m   Compiling[0m once_cell v1.21.3
2026-01-08T07:33:08.1372489Z [1m[92m   Compiling[0m autocfg v1.5.0
2026-01-08T07:33:08.1372759Z [1m[92m   Compiling[0m syn v2.0.112
2026-01-08T07:33:08.1373036Z [1m[92m   Compiling[0m siphasher v1.0.1
2026-01-08T07:33:08.1373328Z [1m[92m   Compiling[0m ppv-lite86 v0.2.21
2026-01-08T07:33:08.1373619Z [1m[92m   Compiling[0m version_check v0.9.5
2026-01-08T07:33:08.1373910Z [1m[92m   Compiling[0m getrandom v0.2.16
2026-01-08T07:33:08.1374196Z [1m[92m   Compiling[0m rand_core v0.6.4
2026-01-08T07:33:08.1374472Z [1m[92m   Compiling[0m memchr v2.7.6
2026-01-08T07:33:08.1374758Z [1m[92m   Compiling[0m rand_chacha v0.3.1
2026-01-08T07:33:08.1375037Z [1m[92m   Compiling[0m ahash v0.8.12
2026-01-08T07:33:08.1375311Z [1m[92m   Compiling[0m log v0.4.29
2026-01-08T07:33:08.1375573Z [1m[92m   Compiling[0m rand v0.8.5
2026-01-08T07:33:08.1375848Z [1m[92m   Compiling[0m phf_shared v0.11.3
2026-01-08T07:33:08.1376139Z [1m[92m   Compiling[0m num-traits v0.2.19
2026-01-08T07:33:08.1376408Z [1m[92m   Compiling[0m libm v0.2.15
2026-01-08T07:33:08.1376710Z [1m[92m   Compiling[0m pin-project-lite v0.2.16
2026-01-08T07:33:08.1377012Z [1m[92m   Compiling[0m either v1.15.0
2026-01-08T07:33:08.1377300Z [1m[92m   Compiling[0m phf_generator v0.11.3
2026-01-08T07:33:08.1377609Z [1m[92m   Compiling[0m parking_lot_core v0.9.12
2026-01-08T07:33:08.1377903Z [1m[92m   Compiling[0m bytes v1.11.0
2026-01-08T07:33:08.1378188Z [1m[92m   Compiling[0m phf_codegen v0.11.3
2026-01-08T07:33:08.1378479Z [1m[92m   Compiling[0m itertools v0.11.0
2026-01-08T07:33:08.1378762Z [1m[92m   Compiling[0m hashbrown v0.14.5
2026-01-08T07:33:08.1379043Z [1m[92m   Compiling[0m errno v0.3.14
2026-01-08T07:33:08.1379438Z [1m[92m   Compiling[0m malachite-nz v0.4.22
2026-01-08T07:33:08.1379746Z [1m[92m   Compiling[0m crossbeam-utils v0.8.21
2026-01-08T07:33:08.1380051Z [1m[92m   Compiling[0m futures-core v0.3.31
2026-01-08T07:33:08.1380337Z [1m[92m   Compiling[0m smallvec v1.15.1
2026-01-08T07:33:08.1380612Z [1m[92m   Compiling[0m itoa v1.0.17
2026-01-08T07:33:08.1380890Z [1m[92m   Compiling[0m scopeguard v1.2.0
2026-01-08T07:33:08.1381160Z [1m[92m   Compiling[0m ryu v1.0.22
2026-01-08T07:33:08.1381432Z [1m[92m   Compiling[0m lock_api v0.4.14
2026-01-08T07:33:08.1381728Z [1m[92m   Compiling[0m malachite-base v0.4.22
2026-01-08T07:33:08.1382054Z [1m[92m   Compiling[0m signal-hook-registry v1.4.8
2026-01-08T07:33:08.1382654Z [1m[92m   Compiling[0m unicode-width v0.2.2
2026-01-08T07:33:08.1383269Z [1m[92m   Compiling[0m heck v0.5.0
2026-01-08T07:33:08.1383802Z [1m[92m   Compiling[0m crunchy v0.2.4
2026-01-08T07:33:08.1384349Z [1m[92m   Compiling[0m getopts v0.2.24
2026-01-08T07:33:08.1385172Z [1m[92m   Compiling[0m parking_lot v0.12.5
2026-01-08T07:33:08.1385491Z [1m[92m   Compiling[0m tokio-macros v2.6.0
2026-01-08T07:33:08.1385798Z [1m[92m   Compiling[0m ptr_meta_derive v0.3.1
2026-01-08T07:33:08.1386096Z [1m[92m   Compiling[0m http v1.4.0
2026-01-08T07:33:08.1386377Z [1m[92m   Compiling[0m socket2 v0.6.1
2026-01-08T07:33:08.1386657Z [1m[92m   Compiling[0m mio v1.1.1
2026-01-08T07:33:08.1386938Z [1m[92m   Compiling[0m serde_core v1.0.228
2026-01-08T07:33:08.1387229Z [1m[92m   Compiling[0m anyhow v1.0.100
2026-01-08T07:33:08.1387512Z [1m[92m   Compiling[0m paste v1.0.15
2026-01-08T07:33:08.1387797Z [1m[92m   Compiling[0m unicode-xid v0.2.6
2026-01-08T07:33:08.1388103Z [1m[92m   Compiling[0m tiny-keccak v2.0.2
2026-01-08T07:33:08.1388409Z [1m[92m   Compiling[0m derive_more-impl v1.0.0
2026-01-08T07:33:08.1388698Z [1m[92m   Compiling[0m tokio v1.49.0
2026-01-08T07:33:08.1388975Z [1m[92m   Compiling[0m ptr_meta v0.3.1
2026-01-08T07:33:08.1389549Z [1m[92m   Compiling[0m unicode_names2_generator v1.3.0
2026-01-08T07:33:08.1389887Z [1m[92m   Compiling[0m aho-corasick v1.1.4
2026-01-08T07:33:08.1390187Z [1m[92m   Compiling[0m tracing-core v0.1.36
2026-01-08T07:33:08.1390497Z [1m[92m   Compiling[0m unic-char-range v0.9.0
2026-01-08T07:33:08.1390799Z [1m[92m   Compiling[0m equivalent v1.0.2
2026-01-08T07:33:08.1391084Z [1m[92m   Compiling[0m utf8parse v0.2.2
2026-01-08T07:33:08.1391370Z [1m[92m   Compiling[0m hashbrown v0.16.1
2026-01-08T07:33:08.1391662Z [1m[92m   Compiling[0m find-msvc-tools v0.1.6
2026-01-08T07:33:08.1391958Z [1m[92m   Compiling[0m regex-syntax v0.8.8
2026-01-08T07:33:08.1392257Z [1m[92m   Compiling[0m futures-sink v0.3.31
2026-01-08T07:33:08.1392548Z [1m[92m   Compiling[0m shlex v1.3.0
2026-01-08T07:33:08.1392827Z [1m[92m   Compiling[0m httparse v1.10.1
2026-01-08T07:33:08.1393109Z [1m[92m   Compiling[0m unic-common v0.9.0
2026-01-08T07:33:08.1393410Z [1m[92m   Compiling[0m unic-ucd-version v0.9.0
2026-01-08T07:33:08.1393714Z [1m[92m   Compiling[0m tokio-util v0.7.18
2026-01-08T07:33:08.1393987Z [1m[92m   Compiling[0m cc v1.2.51
2026-01-08T07:33:08.1394274Z [1m[92m   Compiling[0m regex-automata v0.4.13
2026-01-08T07:33:08.1394570Z [1m[92m   Compiling[0m indexmap v2.12.1
2026-01-08T07:33:08.1394859Z [1m[92m   Compiling[0m anstyle-parse v0.2.7
2026-01-08T07:33:08.1395187Z [1m[92m   Compiling[0m unic-char-property v0.9.0
2026-01-08T07:33:08.1395505Z [1m[92m   Compiling[0m malachite-q v0.4.22
2026-01-08T07:33:08.1395800Z [1m[92m   Compiling[0m tracing v0.1.44
2026-01-08T07:33:08.1396087Z [1m[92m   Compiling[0m derive_more v1.0.0
2026-01-08T07:33:08.1396396Z [1m[92m   Compiling[0m unicode_names2 v1.3.0
2026-01-08T07:33:08.1396688Z [1m[92m   Compiling[0m rancor v0.1.1
2026-01-08T07:33:08.1396967Z [1m[92m   Compiling[0m malachite v0.4.22
2026-01-08T07:33:08.1397256Z [1m[92m   Compiling[0m http-body v1.0.1
2026-01-08T07:33:08.1397557Z [1m[92m   Compiling[0m bytecheck_derive v0.8.2
2026-01-08T07:33:08.1397860Z [1m[92m   Compiling[0m is-macro v0.3.7
2026-01-08T07:33:08.1398149Z [1m[92m   Compiling[0m num-integer v0.1.46
2026-01-08T07:33:08.1398491Z [1m[92m   Compiling[0m rustpython-parser-vendored v0.4.0
2026-01-08T07:33:08.1398827Z [1m[92m   Compiling[0m memoffset v0.9.1
2026-01-08T07:33:08.1399100Z [1m[92m   Compiling[0m rustix v1.1.3
2026-01-08T07:33:08.1399582Z [1m[92m   Compiling[0m slab v0.4.11
2026-01-08T07:33:08.1399878Z [1m[92m   Compiling[0m anstyle-query v1.1.5
2026-01-08T07:33:08.1400175Z [1m[92m   Compiling[0m try-lock v0.2.5
2026-01-08T07:33:08.1400464Z [1m[92m   Compiling[0m atomic-waker v1.1.2
2026-01-08T07:33:08.1400893Z [1m[92m   Compiling[0m bitflags v2.10.0
2026-01-08T07:33:08.1401170Z [1m[92m   Compiling[0m fnv v1.0.7
2026-01-08T07:33:08.1401444Z [1m[92m   Compiling[0m httpdate v1.0.3
2026-01-08T07:33:08.1401729Z [1m[92m   Compiling[0m pin-utils v0.1.0
2026-01-08T07:33:08.1402007Z [1m[92m   Compiling[0m anstyle v1.0.13
2026-01-08T07:33:08.1402391Z [1m[92m   Compiling[0m serde v1.0.228
2026-01-08T07:33:08.1402665Z [1m[92m   Compiling[0m simdutf8 v0.1.5
2026-01-08T07:33:08.1402937Z [1m[92m   Compiling[0m zmij v1.0.6
2026-01-08T07:33:08.1403220Z [1m[92m   Compiling[0m colorchoice v1.0.4
2026-01-08T07:33:08.1403508Z [1m[92m   Compiling[0m same-file v1.0.6
2026-01-08T07:33:08.1403855Z [1m[92m   Compiling[0m is_terminal_polyfill v1.70.2
2026-01-08T07:33:08.1404168Z [1m[92m   Compiling[0m getrandom v0.3.4
2026-01-08T07:33:08.1404446Z [1m[92m   Compiling[0m anstream v0.6.21
2026-01-08T07:33:08.1404718Z [1m[92m   Compiling[0m walkdir v2.5.0
2026-01-08T07:33:08.1404996Z [1m[92m   Compiling[0m bytecheck v0.8.2
2026-01-08T07:33:08.1405272Z [1m[92m   Compiling[0m h2 v0.4.12
2026-01-08T07:33:08.1405529Z [1m[92m   Compiling[0m want v0.3.1
2026-01-08T07:33:08.1405841Z [1m[92m   Compiling[0m rustpython-parser-core v0.4.0
2026-01-08T07:33:08.1406148Z [1m[92m   Compiling[0m phf v0.11.3
2026-01-08T07:33:08.1406447Z [1m[92m   Compiling[0m malachite-bigint v0.2.3
2026-01-08T07:33:08.1406767Z [1m[92m   Compiling[0m rustpython-parser v0.4.0
2026-01-08T07:33:08.1407068Z [1m[92m   Compiling[0m blake3 v1.8.2
2026-01-08T07:33:08.1407362Z [1m[92m   Compiling[0m crossbeam-epoch v0.9.18
2026-01-08T07:33:08.1407659Z [1m[92m   Compiling[0m munge_macro v0.4.7
2026-01-08T07:33:08.1407963Z [1m[92m   Compiling[0m serde_derive v1.0.228
2026-01-08T07:33:08.1408272Z [1m[92m   Compiling[0m futures-channel v0.3.31
2026-01-08T07:33:08.1408553Z [1m[92m   Compiling[0m bstr v1.12.1
2026-01-08T07:33:08.1408836Z [1m[92m   Compiling[0m inotify-sys v0.1.5
2026-01-08T07:33:08.1409126Z [1m[92m   Compiling[0m crc32fast v1.5.0
2026-01-08T07:33:08.1409525Z [1m[92m   Compiling[0m clap_lex v0.7.6
2026-01-08T07:33:08.1409806Z [1m[92m   Compiling[0m tower-layer v0.3.3
2026-01-08T07:33:08.1410098Z [1m[92m   Compiling[0m signal-hook v0.3.18
2026-01-08T07:33:08.1410397Z [1m[92m   Compiling[0m futures-task v0.3.31
2026-01-08T07:33:08.1410691Z [1m[92m   Compiling[0m thiserror v1.0.69
2026-01-08T07:33:08.1410988Z [1m[92m   Compiling[0m tower-service v0.3.3
2026-01-08T07:33:08.1411277Z [1m[92m   Compiling[0m bitflags v1.3.2
2026-01-08T07:33:08.1411555Z [1m[92m   Compiling[0m serde_json v1.0.148
2026-01-08T07:33:08.1411854Z [1m[92m   Compiling[0m linux-raw-sys v0.11.0
2026-01-08T07:33:08.1412167Z [1m[92m   Compiling[0m static_assertions v1.1.0
2026-01-08T07:33:08.1412467Z [1m[92m   Compiling[0m strsim v0.11.1
2026-01-08T07:33:08.1412752Z [1m[92m   Compiling[0m clap_builder v4.5.54
2026-01-08T07:33:08.1413053Z [1m[92m   Compiling[0m rustpython-ast v0.4.0
2026-01-08T07:33:08.1413344Z [1m[92m   Compiling[0m inotify v0.9.6
2026-01-08T07:33:08.1413623Z [1m[92m   Compiling[0m futures-util v0.3.31
2026-01-08T07:33:08.1413906Z [1m[92m   Compiling[0m hyper v1.8.1
2026-01-08T07:33:08.1414181Z [1m[92m   Compiling[0m globset v0.4.18
2026-01-08T07:33:08.1414453Z [1m[92m   Compiling[0m munge v0.4.7
2026-01-08T07:33:08.1414742Z [1m[92m   Compiling[0m crossbeam-deque v0.8.6
2026-01-08T07:33:08.1415034Z [1m[92m   Compiling[0m rend v0.5.3
2026-01-08T07:33:08.1415317Z [1m[92m   Compiling[0m unic-emoji-char v0.9.0
2026-01-08T07:33:08.1415616Z [1m[92m   Compiling[0m unic-ucd-ident v0.9.0
2026-01-08T07:33:08.1415937Z [1m[92m   Compiling[0m crossbeam-channel v0.5.15
2026-01-08T07:33:08.1416252Z [1m[92m   Compiling[0m clap_derive v4.5.49
2026-01-08T07:33:08.1416537Z [1m[92m   Compiling[0m rkyv_derive v0.8.12
2026-01-08T07:33:08.1416833Z [1m[92m   Compiling[0m thiserror-impl v1.0.69
2026-01-08T07:33:08.1417115Z [1m[92m   Compiling[0m rmp v0.8.15
2026-01-08T07:33:08.1417491Z [1m[92m   Compiling[0m mio v0.8.11
2026-01-08T07:33:08.1417763Z [1m[92m   Compiling[0m filetime v0.2.26
2026-01-08T07:33:08.1418046Z [1m[92m   Compiling[0m rustc-hash v1.1.0
2026-01-08T07:33:08.1418327Z [1m[92m   Compiling[0m ipnet v2.11.0
2026-01-08T07:33:08.1418756Z [1m[92m   Compiling[0m hashbrown v0.15.5
2026-01-08T07:33:08.1419030Z [1m[92m   Compiling[0m ascii v1.1.0
2026-01-08T07:33:08.1419409Z [1m[92m   Compiling[0m arrayvec v0.7.6
2026-01-08T07:33:08.1419692Z [1m[92m   Compiling[0m lazy_static v1.5.0
2026-01-08T07:33:08.1419991Z [1m[92m   Compiling[0m lalrpop-util v0.20.2
2026-01-08T07:33:08.1420295Z [1m[92m   Compiling[0m chunked_transfer v1.5.0
2026-01-08T07:33:08.1420657Z [1m[92m   Compiling[0m velo v0.1.0 (/home/runner/work/velo/velo)
2026-01-08T07:33:08.1421002Z [1m[92m   Compiling[0m fastrand v2.3.0
2026-01-08T07:33:08.1421286Z [1m[92m   Compiling[0m arrayref v0.3.9
2026-01-08T07:33:08.1421563Z [1m[92m   Compiling[0m base64 v0.22.1
2026-01-08T07:33:08.1421861Z [1m[92m   Compiling[0m percent-encoding v2.3.2
2026-01-08T07:33:08.1422174Z [1m[92m   Compiling[0m iana-time-zone v0.1.64
2026-01-08T07:33:08.1422482Z [1m[92m   Compiling[0m constant_time_eq v0.3.1
2026-01-08T07:33:08.1422776Z [1m[92m   Compiling[0m hyper-util v0.1.19
2026-01-08T07:33:08.1423062Z [1m[92m   Compiling[0m chrono v0.4.42
2026-01-08T07:33:08.1423340Z [1m[92m   Compiling[0m tempfile v3.24.0
2026-01-08T07:33:08.1423617Z [1m[92m   Compiling[0m tiny_http v0.12.0
2026-01-08T07:33:08.1423894Z [1m[92m   Compiling[0m colored v2.2.0
2026-01-08T07:33:08.1424167Z [1m[92m   Compiling[0m rkyv v0.8.12
2026-01-08T07:33:08.1424431Z [1m[92m   Compiling[0m notify v6.1.1
2026-01-08T07:33:08.1424707Z [1m[92m   Compiling[0m rmp-serde v1.3.1
2026-01-08T07:33:08.1424982Z [1m[92m   Compiling[0m clap v4.5.54
2026-01-08T07:33:08.1425247Z [1m[92m   Compiling[0m nix v0.27.1
2026-01-08T07:33:08.1425512Z [1m[92m   Compiling[0m ignore v0.4.25
2026-01-08T07:33:08.1425784Z [1m[92m   Compiling[0m tower v0.5.2
2026-01-08T07:33:08.1426071Z [1m[92m   Compiling[0m http-body-util v0.1.3
2026-01-08T07:33:08.1426355Z [1m[92m   Compiling[0m regex v1.12.2
2026-01-08T07:33:08.1426619Z [1m[92m   Compiling[0m fs2 v0.4.3
2026-01-08T07:33:08.1426888Z [1m[92m   Compiling[0m hostname v0.4.2
2026-01-08T07:33:08.1427156Z [1m[92m   Compiling[0m hex v0.4.3
2026-01-08T07:33:08.1427562Z [1m[92m    Finished[0m `dev` profile [unoptimized + debuginfo] target(s) in 43.07s
2026-01-08T07:33:08.1428000Z ----------------------------- Captured stderr call -----------------------------
2026-01-08T07:33:08.1428364Z info: Detected: FastAPI → uvicorn
2026-01-08T07:33:08.1428597Z info: Starting TITANIUM server...
2026-01-08T07:33:08.1428821Z    App:       main:app
2026-01-08T07:33:08.1429011Z    Server:    uvicorn
2026-01-08T07:33:08.1429386Z    Bind:      127.0.0.1:53669
2026-01-08T07:33:08.1429622Z    Workers:   1
2026-01-08T07:33:08.1429793Z    Timeout:   20s
2026-01-08T07:33:08.1430016Z info: Pre-warming Zygote with FastAPI modules...
2026-01-08T07:33:08.1430456Z 🚨 Security: Scrubbing untrusted path entry: "/home/runner/.local/bin"
2026-01-08T07:33:08.1430987Z 🚨 Security: Scrubbing untrusted path entry: "/opt/hostedtoolcache/uv/0.9.22/x86_64"
2026-01-08T07:33:08.1431452Z ⚠️ Warning: Skipping invalid path entry: "/snap/bin"
2026-01-08T07:33:08.1431856Z 🚨 Security: Scrubbing untrusted path entry: "/home/runner/.local/bin"
2026-01-08T07:33:08.1432291Z 🚨 Security: Scrubbing untrusted path entry: "/opt/pipx_bin"
2026-01-08T07:33:08.1432721Z 🚨 Security: Scrubbing untrusted path entry: "/home/runner/.cargo/bin"
2026-01-08T07:33:08.1433217Z ⚠️ Warning: Skipping invalid path entry: "/home/runner/.config/composer/vendor/bin"
2026-01-08T07:33:08.1433725Z 🚨 Security: Scrubbing untrusted path entry: "/home/runner/.dotnet/tools"
2026-01-08T07:33:08.1434142Z ⚠️ Warning: Skipping invalid path entry: "/snap/bin"
2026-01-08T07:33:08.1434414Z [IPC RECV] Ready (fd: None)
2026-01-08T07:33:08.1434897Z [IPC SEND] Handshake { version: 1, capabilities: ["map-protocol", "async-reaper"] }
2026-01-08T07:33:08.1435605Z [IPC RECV] Handshake { version: 1, capabilities: ["map-protocol", "async-reaper", "resource-guard", "hook-reinit", "app:main:app", "preload:loading"] } (fd: None)
2026-01-08T07:33:08.1436276Z [IPC SEND] Status
2026-01-08T07:33:08.1436499Z [IPC RECV] Status { pid: 5327, preload: [] } (fd: None)
2026-01-08T07:33:08.1436773Z info: Zygote ready
2026-01-08T07:33:08.1437013Z 🔄 Launching 1 workers via Zygote...
2026-01-08T07:33:08.1437253Z [IPC RECV] Ready (fd: None)
2026-01-08T07:33:08.1438288Z [IPC SEND] Fork { script_path: "/home/runner/work/velo/velo/velo_zygote/worker_launcher.py", args: ["--app", "main:app", "--uds", "/tmp/velo-1001/w-0.s", "--proxy-headers"], async_mode: true, stdout_path: None, stderr_path: None, exit_code_path: None, fast_mode: false, bundle_path: None, project_root: None, max_bundle_size: None, shm_size: None }
2026-01-08T07:33:08.1439646Z [IPC RECV] Forked { worker_pid: 5330, exit_code: None } (fd: None)
2026-01-08T07:33:08.1440012Z   ✅ Worker 1 (PID: 5330)
2026-01-08T07:33:08.1440239Z ✅ All workers ready
2026-01-08T07:33:08.1440432Z info: Starting L7 Proxy...
2026-01-08T07:33:08.1440746Z 🚀 L7 Proxy listening on http://127.0.0.1:53669
2026-01-08T07:33:08.1441130Z warn: A worker died during startup. Retrying in 0s (Attempt 1/5)...
2026-01-08T07:33:08.1441495Z warn: Worker 1 (PID: 5330) died, respawning (backoff: 0s)...
2026-01-08T07:33:08.1441787Z [IPC RECV] Ready (fd: None)
2026-01-08T07:33:08.1442804Z [IPC SEND] Fork { script_path: "/home/runner/work/velo/velo/velo_zygote/worker_launcher.py", args: ["--app", "main:app", "--uds", "/tmp/velo-1001/w-0.s", "--proxy-headers"], async_mode: true, stdout_path: None, stderr_path: None, exit_code_path: None, fast_mode: false, bundle_path: None, project_root: None, max_bundle_size: None, shm_size: None }
2026-01-08T07:33:08.1443910Z [IPC RECV] Forked { worker_pid: 5336, exit_code: None } (fd: None)
2026-01-08T07:33:08.1444274Z info:   ✅ Respawned worker 1 (new PID: 5336)
2026-01-08T07:33:08.1444538Z [IPC RECV] Ready (fd: None)
2026-01-08T07:33:08.1444739Z [IPC SEND] Status
2026-01-08T07:33:08.1445169Z [IPC RECV] Status { pid: 5327, preload: ["fastapi", "pydantic", "starlette", "starlette.routing", "starlette.middleware"] } (fd: None)
2026-01-08T07:33:08.1445735Z warn: A worker died during startup. Retrying in 0s (Attempt 2/5)...
2026-01-08T07:33:08.1446100Z warn: Worker 1 (PID: 5336) died, respawning (backoff: 0s)...
2026-01-08T07:33:08.1446387Z [IPC RECV] Ready (fd: None)
2026-01-08T07:33:08.1447395Z [IPC SEND] Fork { script_path: "/home/runner/work/velo/velo/velo_zygote/worker_launcher.py", args: ["--app", "main:app", "--uds", "/tmp/velo-1001/w-0.s", "--proxy-headers"], async_mode: true, stdout_path: None, stderr_path: None, exit_code_path: None, fast_mode: false, bundle_path: None, project_root: None, max_bundle_size: None, shm_size: None }
2026-01-08T07:33:08.1448491Z [IPC RECV] Forked { worker_pid: 5338, exit_code: None } (fd: None)
2026-01-08T07:33:08.1448866Z info:   ✅ Respawned worker 1 (new PID: 5338)
2026-01-08T07:33:08.1449118Z [IPC RECV] Ready (fd: None)
2026-01-08T07:33:08.1449448Z [IPC SEND] Status
2026-01-08T07:33:08.1449921Z [IPC RECV] Status { pid: 5327, preload: ["fastapi", "pydantic", "starlette", "starlette.routing", "starlette.middleware"] } (fd: None)
2026-01-08T07:33:08.1450482Z warn: A worker died during startup. Retrying in 0s (Attempt 3/5)...
2026-01-08T07:33:08.1450845Z warn: Worker 1 (PID: 5338) died, respawning (backoff: 0s)...
2026-01-08T07:33:08.1451126Z [IPC RECV] Ready (fd: None)
2026-01-08T07:33:08.1452133Z [IPC SEND] Fork { script_path: "/home/runner/work/velo/velo/velo_zygote/worker_launcher.py", args: ["--app", "main:app", "--uds", "/tmp/velo-1001/w-0.s", "--proxy-headers"], async_mode: true, stdout_path: None, stderr_path: None, exit_code_path: None, fast_mode: false, bundle_path: None, project_root: None, max_bundle_size: None, shm_size: None }
2026-01-08T07:33:08.1453222Z [IPC RECV] Forked { worker_pid: 5341, exit_code: None } (fd: None)
2026-01-08T07:33:08.1453727Z info:   ✅ Respawned worker 1 (new PID: 5341)
2026-01-08T07:33:08.1453979Z [IPC RECV] Ready (fd: None)
2026-01-08T07:33:08.1454175Z [IPC SEND] Status
2026-01-08T07:33:08.1454598Z [IPC RECV] Status { pid: 5327, preload: ["fastapi", "pydantic", "starlette", "starlette.routing", "starlette.middleware"] } (fd: None)
2026-01-08T07:33:08.1455252Z warn: A worker died during startup. Retrying in 0s (Attempt 4/5)...
2026-01-08T07:33:08.1455609Z warn: Worker 1 (PID: 5341) died, respawning (backoff: 0s)...
2026-01-08T07:33:08.1455892Z [IPC RECV] Ready (fd: None)
2026-01-08T07:33:08.1456912Z [IPC SEND] Fork { script_path: "/home/runner/work/velo/velo/velo_zygote/worker_launcher.py", args: ["--app", "main:app", "--uds", "/tmp/velo-1001/w-0.s", "--proxy-headers"], async_mode: true, stdout_path: None, stderr_path: None, exit_code_path: None, fast_mode: false, bundle_path: None, project_root: None, max_bundle_size: None, shm_size: None }
2026-01-08T07:33:08.1458018Z [IPC RECV] Forked { worker_pid: 5343, exit_code: None } (fd: None)
2026-01-08T07:33:08.1458381Z info:   ✅ Respawned worker 1 (new PID: 5343)
2026-01-08T07:33:08.1458632Z [IPC RECV] Ready (fd: None)
2026-01-08T07:33:08.1458832Z [IPC SEND] Status
2026-01-08T07:33:08.1459365Z [IPC RECV] Status { pid: 5327, preload: ["fastapi", "pydantic", "starlette", "starlette.routing", "starlette.middleware"] } (fd: None)
2026-01-08T07:33:08.1459854Z [IPC RECV] Ready (fd: None)
2026-01-08T07:33:08.1460053Z [IPC SEND] Shutdown
2026-01-08T07:33:08.1460234Z [IPC RECV] Ack (fd: None)
2026-01-08T07:33:08.1460626Z error: FATAL: Workers are failing to start consistently. Check logs for permission/dependency issues.
2026-01-08T07:33:08.1461156Z ____________ TestSandboxShield.test_SEC_SHIELD_002_filesystem_jail _____________
2026-01-08T07:33:08.1461623Z tests/qa/phase_6_1_1/test_sec_shield.py:36: in test_SEC_SHIELD_002_filesystem_jail
2026-01-08T07:33:08.1461981Z     proc.wait_ready()
2026-01-08T07:33:08.1462211Z tests/qa/phase_6_1_1/conftest.py:54: in wait_ready
2026-01-08T07:33:08.1462519Z     raise RuntimeError("Server process died")
2026-01-08T07:33:08.1462785Z E   RuntimeError: Server process died
2026-01-08T07:33:08.1463097Z ----------------------------- Captured stderr call -----------------------------
2026-01-08T07:33:08.1463457Z info: Detected: FastAPI → uvicorn
2026-01-08T07:33:08.1463685Z info: Starting TITANIUM server...
2026-01-08T07:33:08.1463903Z    App:       main:app
2026-01-08T07:33:08.1464095Z    Server:    uvicorn
2026-01-08T07:33:08.1464281Z    Bind:      127.0.0.1:40125
2026-01-08T07:33:08.1464475Z    Workers:   1
2026-01-08T07:33:08.1464646Z    Timeout:   20s
2026-01-08T07:33:08.1464861Z info: Pre-warming Zygote with FastAPI modules...
2026-01-08T07:33:08.1465274Z 🚨 Security: Scrubbing untrusted path entry: "/home/runner/.local/bin"
2026-01-08T07:33:08.1465797Z 🚨 Security: Scrubbing untrusted path entry: "/opt/hostedtoolcache/uv/0.9.22/x86_64"
2026-01-08T07:33:08.1466254Z ⚠️ Warning: Skipping invalid path entry: "/snap/bin"
2026-01-08T07:33:08.1466676Z 🚨 Security: Scrubbing untrusted path entry: "/home/runner/.local/bin"
2026-01-08T07:33:08.1467112Z 🚨 Security: Scrubbing untrusted path entry: "/opt/pipx_bin"
2026-01-08T07:33:08.1467543Z 🚨 Security: Scrubbing untrusted path entry: "/home/runner/.cargo/bin"
2026-01-08T07:33:08.1468055Z ⚠️ Warning: Skipping invalid path entry: "/home/runner/.config/composer/vendor/bin"
2026-01-08T07:33:08.1468566Z 🚨 Security: Scrubbing untrusted path entry: "/home/runner/.dotnet/tools"
2026-01-08T07:33:08.1468985Z ⚠️ Warning: Skipping invalid path entry: "/snap/bin"
2026-01-08T07:33:08.1469486Z [IPC RECV] Ready (fd: None)
2026-01-08T07:33:08.1469821Z [IPC SEND] Handshake { version: 1, capabilities: ["map-protocol", "async-reaper"] }
2026-01-08T07:33:08.1470520Z [IPC RECV] Handshake { version: 1, capabilities: ["map-protocol", "async-reaper", "resource-guard", "hook-reinit", "app:main:app", "preload:loading"] } (fd: None)
2026-01-08T07:33:08.1471087Z [IPC SEND] Status
2026-01-08T07:33:08.1471447Z [IPC RECV] Status { pid: 5350, preload: [] } (fd: None)
2026-01-08T07:33:08.1471716Z info: Zygote ready
2026-01-08T07:33:08.1471964Z 🔄 Launching 1 workers via Zygote...
2026-01-08T07:33:08.1472199Z [IPC RECV] Ready (fd: None)
2026-01-08T07:33:08.1473221Z [IPC SEND] Fork { script_path: "/home/runner/work/velo/velo/velo_zygote/worker_launcher.py", args: ["--app", "main:app", "--uds", "/tmp/velo-1001/w-0.s", "--proxy-headers"], async_mode: true, stdout_path: None, stderr_path: None, exit_code_path: None, fast_mode: false, bundle_path: None, project_root: None, max_bundle_size: None, shm_size: None }
2026-01-08T07:33:08.1474442Z [IPC RECV] Forked { worker_pid: 5353, exit_code: None } (fd: None)
2026-01-08T07:33:08.1474779Z   ✅ Worker 1 (PID: 5353)
2026-01-08T07:33:08.1475001Z ✅ All workers ready
2026-01-08T07:33:08.1475188Z info: Starting L7 Proxy...
2026-01-08T07:33:08.1475484Z 🚀 L7 Proxy listening on http://127.0.0.1:40125
2026-01-08T07:33:08.1475826Z warn: A worker died during startup. Retrying in 0s (Attempt 1/5)...
2026-01-08T07:33:08.1476203Z warn: Worker 1 (PID: 5353) died, respawning (backoff: 0s)...
2026-01-08T07:33:08.1476494Z [IPC RECV] Ready (fd: None)
2026-01-08T07:33:08.1477512Z [IPC SEND] Fork { script_path: "/home/runner/work/velo/velo/velo_zygote/worker_launcher.py", args: ["--app", "main:app", "--uds", "/tmp/velo-1001/w-0.s", "--proxy-headers"], async_mode: true, stdout_path: None, stderr_path: None, exit_code_path: None, fast_mode: false, bundle_path: None, project_root: None, max_bundle_size: None, shm_size: None }
2026-01-08T07:33:08.1478628Z [IPC RECV] Forked { worker_pid: 5359, exit_code: None } (fd: None)
2026-01-08T07:33:08.1478992Z info:   ✅ Respawned worker 1 (new PID: 5359)
2026-01-08T07:33:08.1479456Z [IPC RECV] Ready (fd: None)
2026-01-08T07:33:08.1479663Z [IPC SEND] Status
2026-01-08T07:33:08.1480097Z [IPC RECV] Status { pid: 5350, preload: ["fastapi", "pydantic", "starlette", "starlette.routing", "starlette.middleware"] } (fd: None)
2026-01-08T07:33:08.1480660Z warn: A worker died during startup. Retrying in 0s (Attempt 2/5)...
2026-01-08T07:33:08.1481028Z warn: Worker 1 (PID: 5359) died, respawning (backoff: 0s)...
2026-01-08T07:33:08.1481313Z [IPC RECV] Ready (fd: None)
2026-01-08T07:33:08.1482329Z [IPC SEND] Fork { script_path: "/home/runner/work/velo/velo/velo_zygote/worker_launcher.py", args: ["--app", "main:app", "--uds", "/tmp/velo-1001/w-0.s", "--proxy-headers"], async_mode: true, stdout_path: None, stderr_path: None, exit_code_path: None, fast_mode: false, bundle_path: None, project_root: None, max_bundle_size: None, shm_size: None }
2026-01-08T07:33:08.1483434Z [IPC RECV] Forked { worker_pid: 5361, exit_code: None } (fd: None)
2026-01-08T07:33:08.1483807Z info:   ✅ Respawned worker 1 (new PID: 5361)
2026-01-08T07:33:08.1484063Z [IPC RECV] Ready (fd: None)
2026-01-08T07:33:08.1484253Z [IPC SEND] Status
2026-01-08T07:33:08.1484679Z [IPC RECV] Status { pid: 5350, preload: ["fastapi", "pydantic", "starlette", "starlette.routing", "starlette.middleware"] } (fd: None)
2026-01-08T07:33:08.1485236Z warn: A worker died during startup. Retrying in 0s (Attempt 3/5)...
2026-01-08T07:33:08.1485600Z warn: Worker 1 (PID: 5361) died, respawning (backoff: 0s)...
2026-01-08T07:33:08.1485881Z [IPC RECV] Ready (fd: None)
2026-01-08T07:33:08.1486888Z [IPC SEND] Fork { script_path: "/home/runner/work/velo/velo/velo_zygote/worker_launcher.py", args: ["--app", "main:app", "--uds", "/tmp/velo-1001/w-0.s", "--proxy-headers"], async_mode: true, stdout_path: None, stderr_path: None, exit_code_path: None, fast_mode: false, bundle_path: None, project_root: None, max_bundle_size: None, shm_size: None }
2026-01-08T07:33:08.1487994Z [IPC RECV] Forked { worker_pid: 5363, exit_code: None } (fd: None)
2026-01-08T07:33:08.1488353Z info:   ✅ Respawned worker 1 (new PID: 5363)
2026-01-08T07:33:08.1488596Z [IPC RECV] Ready (fd: None)
2026-01-08T07:33:08.1488791Z [IPC SEND] Status
2026-01-08T07:33:08.1489438Z [IPC RECV] Status { pid: 5350, preload: ["fastapi", "pydantic", "starlette", "starlette.routing", "starlette.middleware"] } (fd: None)
2026-01-08T07:33:08.1490016Z warn: A worker died during startup. Retrying in 0s (Attempt 4/5)...
2026-01-08T07:33:08.1490390Z warn: Worker 1 (PID: 5363) died, respawning (backoff: 0s)...
2026-01-08T07:33:08.1490677Z [IPC RECV] Ready (fd: None)
2026-01-08T07:33:08.1491806Z [IPC SEND] Fork { script_path: "/home/runner/work/velo/velo/velo_zygote/worker_launcher.py", args: ["--app", "main:app", "--uds", "/tmp/velo-1001/w-0.s", "--proxy-headers"], async_mode: true, stdout_path: None, stderr_path: None, exit_code_path: None, fast_mode: false, bundle_path: None, project_root: None, max_bundle_size: None, shm_size: None }
2026-01-08T07:33:08.1492910Z [IPC RECV] Forked { worker_pid: 5365, exit_code: None } (fd: None)
2026-01-08T07:33:08.1493274Z info:   ✅ Respawned worker 1 (new PID: 5365)
2026-01-08T07:33:08.1493525Z [IPC RECV] Ready (fd: None)
2026-01-08T07:33:08.1493719Z [IPC SEND] Status
2026-01-08T07:33:08.1494147Z [IPC RECV] Status { pid: 5350, preload: ["fastapi", "pydantic", "starlette", "starlette.routing", "starlette.middleware"] } (fd: None)
2026-01-08T07:33:08.1494624Z [IPC RECV] Ready (fd: None)
2026-01-08T07:33:08.1494821Z [IPC SEND] Shutdown
2026-01-08T07:33:08.1495000Z [IPC RECV] Ack (fd: None)
2026-01-08T07:33:08.1575411Z error: FATAL: Workers are failing to start consistently. Check logs for permission/dependency issues.
2026-01-08T07:33:08.1576454Z =========================== short test summary info ============================
2026-01-08T07:33:08.1577745Z FAILED tests/qa/phase_6_1_1/test_sec_shield.py::TestSandboxShield::test_SEC_SHIELD_001_env_inheritance - RuntimeError: Server process died
2026-01-08T07:33:08.1579578Z FAILED tests/qa/phase_6_1_1/test_sec_shield.py::TestSandboxShield::test_SEC_SHIELD_002_filesystem_jail - RuntimeError: Server process died
2026-01-08T07:33:08.1580173Z ==================== 2 failed, 3 passed in 89.88s (0:01:29) ====================
2026-01-08T07:33:08.1923259Z ##[error]Process completed with exit code 1.
2026-01-08T07:33:08.1990237Z Post job cleanup.
2026-01-08T07:33:08.2042268Z Post job cleanup.
2026-01-08T07:33:08.3002935Z [command]/usr/bin/git version
2026-01-08T07:33:08.3040807Z git version 2.52.0
2026-01-08T07:33:08.3087169Z Temporarily overriding HOME='/home/runner/work/_temp/34d7177d-3ca2-46d1-8c9d-b06aabfefeae' before making global git config changes
2026-01-08T07:33:08.3088506Z Adding repository directory to the temporary git global config as a safe directory
2026-01-08T07:33:08.3093761Z [command]/usr/bin/git config --global --add safe.directory /home/runner/work/velo/velo
2026-01-08T07:33:08.3133825Z [command]/usr/bin/git config --local --name-only --get-regexp core\.sshCommand
2026-01-08T07:33:08.3166291Z [command]/usr/bin/git submodule foreach --recursive sh -c "git config --local --name-only --get-regexp 'core\.sshCommand' && git config --local --unset-all 'core.sshCommand' || :"
2026-01-08T07:33:08.3392581Z [command]/usr/bin/git config --local --name-only --get-regexp http\.https\:\/\/github\.com\/\.extraheader
2026-01-08T07:33:08.3415302Z http.https://github.com/.extraheader
2026-01-08T07:33:08.3430502Z [command]/usr/bin/git config --local --unset-all http.https://github.com/.extraheader
2026-01-08T07:33:08.3461638Z [command]/usr/bin/git submodule foreach --recursive sh -c "git config --local --name-only --get-regexp 'http\.https\:\/\/github\.com\/\.extraheader' && git config --local --unset-all 'http.https://github.com/.extraheader' || :"
2026-01-08T07:33:08.3680070Z [command]/usr/bin/git config --local --name-only --get-regexp ^includeIf\.gitdir:
2026-01-08T07:33:08.3709498Z [command]/usr/bin/git submodule foreach --recursive git config --local --show-origin --name-only --get-regexp remote.origin.url
2026-01-08T07:33:08.4046461Z Cleaning up orphan processes
