2026-01-08T07:54:32.1014961Z Current runner version: '2.330.0'
2026-01-08T07:54:32.1040989Z ##[group]Runner Image Provisioner
2026-01-08T07:54:32.1041886Z Hosted Compute Agent
2026-01-08T07:54:32.1042483Z Version: 20251211.462
2026-01-08T07:54:32.1043104Z Commit: 6cbad8c2bb55d58165063d031ccabf57e2d2db61
2026-01-08T07:54:32.1043852Z Build Date: 2025-12-11T16:28:49Z
2026-01-08T07:54:32.1044500Z Worker ID: {8f4ebc1d-fa49-4482-80d2-457fc97552a1}
2026-01-08T07:54:32.1045223Z ##[endgroup]
2026-01-08T07:54:32.1045699Z ##[group]Operating System
2026-01-08T07:54:32.1046403Z Ubuntu
2026-01-08T07:54:32.1046858Z 24.04.3
2026-01-08T07:54:32.1047328Z LTS
2026-01-08T07:54:32.1047883Z ##[endgroup]
2026-01-08T07:54:32.1048571Z ##[group]Runner Image
2026-01-08T07:54:32.1049173Z Image: ubuntu-24.04
2026-01-08T07:54:32.1049777Z Version: 20251215.174.1
2026-01-08T07:54:32.1050827Z Included Software: https://github.com/actions/runner-images/blob/ubuntu24/20251215.174/images/ubuntu/Ubuntu2404-Readme.md
2026-01-08T07:54:32.1052458Z Image Release: https://github.com/actions/runner-images/releases/tag/ubuntu24%2F20251215.174
2026-01-08T07:54:32.1053478Z ##[endgroup]
2026-01-08T07:54:32.1054580Z ##[group]GITHUB_TOKEN Permissions
2026-01-08T07:54:32.1056806Z Contents: read
2026-01-08T07:54:32.1057422Z Metadata: read
2026-01-08T07:54:32.1058002Z Packages: read
2026-01-08T07:54:32.1058916Z ##[endgroup]
2026-01-08T07:54:32.1061194Z Secret source: Actions
2026-01-08T07:54:32.1062432Z Prepare workflow directory
2026-01-08T07:54:32.1464021Z Prepare all required actions
2026-01-08T07:54:32.1504036Z Getting action download info
2026-01-08T07:54:32.4789490Z Download action repository 'actions/checkout@v4' (SHA:34e114876b0b11c390a56381ad16ebd13914f8d5)
2026-01-08T07:54:32.6771700Z Complete job name: QA 6.2: Prosecutor Suite (RFC-0012)
2026-01-08T07:54:32.7572299Z ##[group]Run actions/checkout@v4
2026-01-08T07:54:32.7573201Z with:
2026-01-08T07:54:32.7573625Z   repository: velo-sh/velo
2026-01-08T07:54:32.7574280Z   token: ***
2026-01-08T07:54:32.7574680Z   ssh-strict: true
2026-01-08T07:54:32.7575097Z   ssh-user: git
2026-01-08T07:54:32.7575506Z   persist-credentials: true
2026-01-08T07:54:32.7575976Z   clean: true
2026-01-08T07:54:32.7576376Z   sparse-checkout-cone-mode: true
2026-01-08T07:54:32.7576860Z   fetch-depth: 1
2026-01-08T07:54:32.7577255Z   fetch-tags: false
2026-01-08T07:54:32.7577660Z   show-progress: true
2026-01-08T07:54:32.7578064Z   lfs: false
2026-01-08T07:54:32.7578615Z   submodules: false
2026-01-08T07:54:32.7579019Z   set-safe-directory: true
2026-01-08T07:54:32.7579746Z env:
2026-01-08T07:54:32.7580129Z   CARGO_TERM_COLOR: always
2026-01-08T07:54:32.7580560Z   UV_VERSION: 0.9
2026-01-08T07:54:32.7580964Z   VELO_ZYGOTE_SOCKET_TIMEOUT: 60
2026-01-08T07:54:32.7581441Z   VELO_ZYGOTE_WORKER_TIMEOUT: 60
2026-01-08T07:54:32.7581947Z   VELO_MAX_BUNDLE_SIZE: 50
2026-01-08T07:54:32.7582415Z   VELO_TIMEOUT_MULTIPLIER: 6
2026-01-08T07:54:32.7582867Z ##[endgroup]
2026-01-08T07:54:32.8680143Z Syncing repository: velo-sh/velo
2026-01-08T07:54:32.8681881Z ##[group]Getting Git version info
2026-01-08T07:54:32.8682547Z Working directory is '/home/runner/work/velo/velo'
2026-01-08T07:54:32.8683443Z [command]/usr/bin/git version
2026-01-08T07:54:32.8775642Z git version 2.52.0
2026-01-08T07:54:32.8803087Z ##[endgroup]
2026-01-08T07:54:32.8820000Z Temporarily overriding HOME='/home/runner/work/_temp/fc9eb470-c806-4186-a959-f59919a7f266' before making global git config changes
2026-01-08T07:54:32.8822348Z Adding repository directory to the temporary git global config as a safe directory
2026-01-08T07:54:32.8834544Z [command]/usr/bin/git config --global --add safe.directory /home/runner/work/velo/velo
2026-01-08T07:54:32.8877705Z Deleting the contents of '/home/runner/work/velo/velo'
2026-01-08T07:54:32.8882057Z ##[group]Initializing the repository
2026-01-08T07:54:32.8886725Z [command]/usr/bin/git init /home/runner/work/velo/velo
2026-01-08T07:54:32.8998469Z hint: Using 'master' as the name for the initial branch. This default branch name
2026-01-08T07:54:32.9000193Z hint: will change to "main" in Git 3.0. To configure the initial branch name
2026-01-08T07:54:32.9001970Z hint: to use in all of your new repositories, which will suppress this warning,
2026-01-08T07:54:32.9002915Z hint: call:
2026-01-08T07:54:32.9003540Z hint:
2026-01-08T07:54:32.9004352Z hint: 	git config --global init.defaultBranch <name>
2026-01-08T07:54:32.9005373Z hint:
2026-01-08T07:54:32.9006313Z hint: Names commonly chosen instead of 'master' are 'main', 'trunk' and
2026-01-08T07:54:32.9007858Z hint: 'development'. The just-created branch can be renamed via this command:
2026-01-08T07:54:32.9009357Z hint:
2026-01-08T07:54:32.9010012Z hint: 	git branch -m <name>
2026-01-08T07:54:32.9010716Z hint:
2026-01-08T07:54:32.9011688Z hint: Disable this message with "git config set advice.defaultBranchName false"
2026-01-08T07:54:32.9013232Z Initialized empty Git repository in /home/runner/work/velo/velo/.git/
2026-01-08T07:54:32.9016484Z [command]/usr/bin/git remote add origin https://github.com/velo-sh/velo
2026-01-08T07:54:32.9054397Z ##[endgroup]
2026-01-08T07:54:32.9055504Z ##[group]Disabling automatic garbage collection
2026-01-08T07:54:32.9058602Z [command]/usr/bin/git config --local gc.auto 0
2026-01-08T07:54:32.9088637Z ##[endgroup]
2026-01-08T07:54:32.9089671Z ##[group]Setting up auth
2026-01-08T07:54:32.9095509Z [command]/usr/bin/git config --local --name-only --get-regexp core\.sshCommand
2026-01-08T07:54:32.9125782Z [command]/usr/bin/git submodule foreach --recursive sh -c "git config --local --name-only --get-regexp 'core\.sshCommand' && git config --local --unset-all 'core.sshCommand' || :"
2026-01-08T07:54:32.9482883Z [command]/usr/bin/git config --local --name-only --get-regexp http\.https\:\/\/github\.com\/\.extraheader
2026-01-08T07:54:32.9514180Z [command]/usr/bin/git submodule foreach --recursive sh -c "git config --local --name-only --get-regexp 'http\.https\:\/\/github\.com\/\.extraheader' && git config --local --unset-all 'http.https://github.com/.extraheader' || :"
2026-01-08T07:54:32.9740262Z [command]/usr/bin/git config --local --name-only --get-regexp ^includeIf\.gitdir:
2026-01-08T07:54:32.9772838Z [command]/usr/bin/git submodule foreach --recursive git config --local --show-origin --name-only --get-regexp remote.origin.url
2026-01-08T07:54:32.9998476Z [command]/usr/bin/git config --local http.https://github.com/.extraheader AUTHORIZATION: basic ***
2026-01-08T07:54:33.0033604Z ##[endgroup]
2026-01-08T07:54:33.0034684Z ##[group]Fetching the repository
2026-01-08T07:54:33.0043166Z [command]/usr/bin/git -c protocol.version=2 fetch --no-tags --prune --no-recurse-submodules --depth=1 origin +c910c02289a499e502877964aca7d167f1d98e30:refs/remotes/origin/phase-7.0/memory-gravity
2026-01-08T07:54:33.5376501Z From https://github.com/velo-sh/velo
2026-01-08T07:54:33.5377600Z  * [new ref]         c910c02289a499e502877964aca7d167f1d98e30 -> origin/phase-7.0/memory-gravity
2026-01-08T07:54:33.5412653Z ##[endgroup]
2026-01-08T07:54:33.5413357Z ##[group]Determining the checkout info
2026-01-08T07:54:33.5415709Z ##[endgroup]
2026-01-08T07:54:33.5421920Z [command]/usr/bin/git sparse-checkout disable
2026-01-08T07:54:33.5467308Z [command]/usr/bin/git config --local --unset-all extensions.worktreeConfig
2026-01-08T07:54:33.5494080Z ##[group]Checking out the ref
2026-01-08T07:54:33.5499243Z [command]/usr/bin/git checkout --progress --force -B phase-7.0/memory-gravity refs/remotes/origin/phase-7.0/memory-gravity
2026-01-08T07:54:33.6112280Z Switched to a new branch 'phase-7.0/memory-gravity'
2026-01-08T07:54:33.6114421Z branch 'phase-7.0/memory-gravity' set up to track 'origin/phase-7.0/memory-gravity'.
2026-01-08T07:54:33.6124067Z ##[endgroup]
2026-01-08T07:54:33.6167822Z [command]/usr/bin/git log -1 --format=%H
2026-01-08T07:54:33.6193290Z c910c02289a499e502877964aca7d167f1d98e30
2026-01-08T07:54:33.6478778Z Prepare all required actions
2026-01-08T07:54:33.6479625Z Getting action download info
2026-01-08T07:54:33.6570023Z ##[group]Run ./.github/actions/run-tests
2026-01-08T07:54:33.6570654Z with:
2026-01-08T07:54:33.6571064Z   uv-version: 0.9
2026-01-08T07:54:33.6572410Z   command: uv run pytest tests/qa/phase_6_1_1/test_sin_of_collision.py tests/qa/phase_6_1_1/test_sec_shield.py -v --tb=short
2026-01-08T07:54:33.6573655Z   python-version: 3.11
2026-01-08T07:54:33.6574139Z   download-binary: true
2026-01-08T07:54:33.6574584Z env:
2026-01-08T07:54:33.6574978Z   CARGO_TERM_COLOR: always
2026-01-08T07:54:33.6575474Z   UV_VERSION: 0.9
2026-01-08T07:54:33.6575933Z   VELO_ZYGOTE_SOCKET_TIMEOUT: 60
2026-01-08T07:54:33.6576464Z   VELO_ZYGOTE_WORKER_TIMEOUT: 60
2026-01-08T07:54:33.6577005Z   VELO_MAX_BUNDLE_SIZE: 50
2026-01-08T07:54:33.6577508Z   VELO_TIMEOUT_MULTIPLIER: 6
2026-01-08T07:54:33.6577986Z ##[endgroup]
2026-01-08T07:54:33.6732868Z Prepare all required actions
2026-01-08T07:54:33.6733557Z Getting action download info
2026-01-08T07:54:33.8326892Z Download action repository 'astral-sh/setup-uv@v4' (SHA:38f3f104447c67c051c4a08e39b64a148898af3a)
2026-01-08T07:54:34.3756213Z Download action repository 'actions/download-artifact@v4' (SHA:d3f86a106a0bac45b974a628896c90dbdf5c8093)
2026-01-08T07:54:34.8854045Z ##[group]Run ./.github/actions/setup-velo
2026-01-08T07:54:34.8855184Z with:
2026-01-08T07:54:34.8855971Z   python-version: 3.11
2026-01-08T07:54:34.8856862Z   download-binary: true
2026-01-08T07:54:34.8857769Z   uv-version: 0.9
2026-01-08T07:54:34.8858716Z env:
2026-01-08T07:54:34.8859523Z   CARGO_TERM_COLOR: always
2026-01-08T07:54:34.8860502Z   UV_VERSION: 0.9
2026-01-08T07:54:34.8861432Z   VELO_ZYGOTE_SOCKET_TIMEOUT: 60
2026-01-08T07:54:34.8862549Z   VELO_ZYGOTE_WORKER_TIMEOUT: 60
2026-01-08T07:54:34.8863613Z   VELO_MAX_BUNDLE_SIZE: 50
2026-01-08T07:54:34.8864636Z   VELO_TIMEOUT_MULTIPLIER: 6
2026-01-08T07:54:34.8865634Z ##[endgroup]
2026-01-08T07:54:34.9055186Z ##[group]Run astral-sh/setup-uv@v4
2026-01-08T07:54:34.9056150Z with:
2026-01-08T07:54:34.9056825Z   version: 0.9
2026-01-08T07:54:34.9057625Z   enable-cache: true
2026-01-08T07:54:34.9058962Z   github-token: ***
2026-01-08T07:54:34.9059797Z   cache-dependency-glob: **/uv.lock
2026-01-08T07:54:34.9060785Z   prune-cache: true
2026-01-08T07:54:34.9061611Z   ignore-nothing-to-cache: false
2026-01-08T07:54:34.9062552Z env:
2026-01-08T07:54:34.9063251Z   CARGO_TERM_COLOR: always
2026-01-08T07:54:34.9064095Z   UV_VERSION: 0.9
2026-01-08T07:54:34.9064880Z   VELO_ZYGOTE_SOCKET_TIMEOUT: 60
2026-01-08T07:54:34.9065835Z   VELO_ZYGOTE_WORKER_TIMEOUT: 60
2026-01-08T07:54:34.9066754Z   VELO_MAX_BUNDLE_SIZE: 50
2026-01-08T07:54:34.9067634Z   VELO_TIMEOUT_MULTIPLIER: 6
2026-01-08T07:54:34.9068601Z ##[endgroup]
2026-01-08T07:54:43.6701433Z Downloading uv from "https://github.com/astral-sh/uv/releases/download/0.9.22/uv-x86_64-unknown-linux-gnu.tar.gz" ...
2026-01-08T07:54:44.0952721Z [command]/usr/bin/tar xz --warning=no-unknown-keyword --overwrite -C /home/runner/work/_temp/e73df19a-adfa-4fc6-a3a4-4a036c5fa932 -f /home/runner/work/_temp/3eb97290-14de-4a3b-9111-5167318b1d1f
2026-01-08T07:54:44.5340644Z Added /opt/hostedtoolcache/uv/0.9.22/x86_64 to the path
2026-01-08T07:54:44.5342026Z Added /home/runner/.local/bin to the path
2026-01-08T07:54:44.5369512Z Set UV_CACHE_DIR to /home/runner/work/_temp/setup-uv-cache
2026-01-08T07:54:44.5370134Z Successfully installed uv version 0.9.22
2026-01-08T07:54:44.5370695Z Searching files using cache dependency glob: **/uv.lock
2026-01-08T07:54:44.6221220Z /home/runner/work/velo/velo/test_deploy_tmp/project/uv.lock
2026-01-08T07:54:44.6386661Z /home/runner/work/velo/velo/uv.lock
2026-01-08T07:54:44.6405200Z Found 2 files to hash.
2026-01-08T07:54:44.6407262Z Trying to restore uv cache from GitHub Actions cache with key: setup-uv-1-x86_64-unknown-linux-gnu-0.9.22-e894bc848e7730c1f28bacd15c6aa7d854458db0d88f3a79269697d9c325e8aa
2026-01-08T07:54:44.7139945Z ##[warning]Failed to restore: Cache service responded with 400
2026-01-08T07:54:44.7141122Z No GitHub Actions cache found for key: setup-uv-1-x86_64-unknown-linux-gnu-0.9.22-e894bc848e7730c1f28bacd15c6aa7d854458db0d88f3a79269697d9c325e8aa
2026-01-08T07:54:44.7273269Z ##[group]Run uv python install 3.11
2026-01-08T07:54:44.7273823Z [36;1muv python install 3.11[0m
2026-01-08T07:54:44.7313510Z shell: /usr/bin/bash --noprofile --norc -e -o pipefail {0}
2026-01-08T07:54:44.7313865Z env:
2026-01-08T07:54:44.7314041Z   CARGO_TERM_COLOR: always
2026-01-08T07:54:44.7314255Z   UV_VERSION: 0.9
2026-01-08T07:54:44.7314444Z   VELO_ZYGOTE_SOCKET_TIMEOUT: 60
2026-01-08T07:54:44.7314663Z   VELO_ZYGOTE_WORKER_TIMEOUT: 60
2026-01-08T07:54:44.7314878Z   VELO_MAX_BUNDLE_SIZE: 50
2026-01-08T07:54:44.7315082Z   VELO_TIMEOUT_MULTIPLIER: 6
2026-01-08T07:54:44.7315339Z   UV_CACHE_DIR: /home/runner/work/_temp/setup-uv-cache
2026-01-08T07:54:44.7315603Z ##[endgroup]
2026-01-08T07:54:44.8950822Z Downloading cpython-3.11.14-linux-x86_64-gnu (download) (29.1MiB)
2026-01-08T07:54:45.8229199Z  Downloaded cpython-3.11.14-linux-x86_64-gnu (download)
2026-01-08T07:54:45.8289083Z Installed Python 3.11.14 in 1.08s
2026-01-08T07:54:45.8289677Z  + cpython-3.11.14-linux-x86_64-gnu (python3.11)
2026-01-08T07:54:45.8341590Z ##[group]Run uv venv --python 3.11
2026-01-08T07:54:45.8341946Z [36;1muv venv --python 3.11[0m
2026-01-08T07:54:45.8342186Z [36;1muv sync --extra dev[0m
2026-01-08T07:54:45.8374838Z shell: /usr/bin/bash --noprofile --norc -e -o pipefail {0}
2026-01-08T07:54:45.8375170Z env:
2026-01-08T07:54:45.8375351Z   CARGO_TERM_COLOR: always
2026-01-08T07:54:45.8375550Z   UV_VERSION: 0.9
2026-01-08T07:54:45.8375752Z   VELO_ZYGOTE_SOCKET_TIMEOUT: 60
2026-01-08T07:54:45.8375974Z   VELO_ZYGOTE_WORKER_TIMEOUT: 60
2026-01-08T07:54:45.8376191Z   VELO_MAX_BUNDLE_SIZE: 50
2026-01-08T07:54:45.8376398Z   VELO_TIMEOUT_MULTIPLIER: 6
2026-01-08T07:54:45.8376664Z   UV_CACHE_DIR: /home/runner/work/_temp/setup-uv-cache
2026-01-08T07:54:45.8376930Z ##[endgroup]
2026-01-08T07:54:45.9991349Z Using CPython 3.11.14
2026-01-08T07:54:45.9991724Z Creating virtual environment at: .venv
2026-01-08T07:54:45.9997595Z Activate with: source .venv/bin/activate
2026-01-08T07:54:46.1380451Z Resolved 27 packages in 0.80ms
2026-01-08T07:54:46.1938781Z Downloading pydantic-core (2.0MiB)
2026-01-08T07:54:46.1950904Z Downloading pygments (1.2MiB)
2026-01-08T07:54:46.2589425Z  Downloaded pydantic-core
2026-01-08T07:54:46.3120006Z  Downloaded pygments
2026-01-08T07:54:46.3122785Z Prepared 25 packages in 173ms
2026-01-08T07:54:46.3280327Z Installed 25 packages in 15ms
2026-01-08T07:54:46.3280943Z  + annotated-doc==0.0.4
2026-01-08T07:54:46.3281992Z  + annotated-types==0.7.0
2026-01-08T07:54:46.3282349Z  + anyio==4.12.0
2026-01-08T07:54:46.3283013Z  + blake3==1.0.8
2026-01-08T07:54:46.3283313Z  + certifi==2026.1.4
2026-01-08T07:54:46.3283645Z  + charset-normalizer==3.4.4
2026-01-08T07:54:46.3283996Z  + click==8.3.1
2026-01-08T07:54:46.3284276Z  + fastapi==0.128.0
2026-01-08T07:54:46.3284558Z  + h11==0.16.0
2026-01-08T07:54:46.3284863Z  + idna==3.11
2026-01-08T07:54:46.3285143Z  + iniconfig==2.3.0
2026-01-08T07:54:46.3285439Z  + msgpack==1.1.2
2026-01-08T07:54:46.3285738Z  + packaging==25.0
2026-01-08T07:54:46.3286031Z  + pluggy==1.6.0
2026-01-08T07:54:46.3286315Z  + psutil==7.2.1
2026-01-08T07:54:46.3286616Z  + pydantic==2.12.5
2026-01-08T07:54:46.3286912Z  + pydantic-core==2.41.5
2026-01-08T07:54:46.3287248Z  + pygments==2.19.2
2026-01-08T07:54:46.3287531Z  + pytest==9.0.2
2026-01-08T07:54:46.3287820Z  + requests==2.32.5
2026-01-08T07:54:46.3288304Z  + starlette==0.50.0
2026-01-08T07:54:46.3288624Z  + typing-extensions==4.15.0
2026-01-08T07:54:46.3288981Z  + typing-inspection==0.4.2
2026-01-08T07:54:46.3289308Z  + urllib3==2.6.2
2026-01-08T07:54:46.3289493Z  + uvicorn==0.40.0
2026-01-08T07:54:46.3364005Z ##[group]Run if [ -n "" ]; then
2026-01-08T07:54:46.3364263Z [36;1mif [ -n "" ]; then[0m
2026-01-08T07:54:46.3364492Z [36;1m  echo "name=" >> $GITHUB_OUTPUT[0m
2026-01-08T07:54:46.3364771Z [36;1melif [ "$RUNNER_OS" = "macOS" ]; then[0m
2026-01-08T07:54:46.3365273Z [36;1m  echo "name=velo-binary-macos" >> $GITHUB_OUTPUT[0m
2026-01-08T07:54:46.3365554Z [36;1melse[0m
2026-01-08T07:54:46.3365777Z [36;1m  echo "name=velo-binary-ubuntu" >> $GITHUB_OUTPUT[0m
2026-01-08T07:54:46.3366043Z [36;1mfi[0m
2026-01-08T07:54:46.3399529Z shell: /usr/bin/bash --noprofile --norc -e -o pipefail {0}
2026-01-08T07:54:46.3399847Z env:
2026-01-08T07:54:46.3400022Z   CARGO_TERM_COLOR: always
2026-01-08T07:54:46.3400223Z   UV_VERSION: 0.9
2026-01-08T07:54:46.3400418Z   VELO_ZYGOTE_SOCKET_TIMEOUT: 60
2026-01-08T07:54:46.3400634Z   VELO_ZYGOTE_WORKER_TIMEOUT: 60
2026-01-08T07:54:46.3400853Z   VELO_MAX_BUNDLE_SIZE: 50
2026-01-08T07:54:46.3401051Z   VELO_TIMEOUT_MULTIPLIER: 6
2026-01-08T07:54:46.3401319Z   UV_CACHE_DIR: /home/runner/work/_temp/setup-uv-cache
2026-01-08T07:54:46.3401586Z ##[endgroup]
2026-01-08T07:54:46.3509487Z ##[group]Run actions/download-artifact@v4
2026-01-08T07:54:46.3509733Z with:
2026-01-08T07:54:46.3509900Z   name: velo-binary-ubuntu
2026-01-08T07:54:46.3510119Z   path: target/release/
2026-01-08T07:54:46.3510313Z   merge-multiple: false
2026-01-08T07:54:46.3510507Z   repository: velo-sh/velo
2026-01-08T07:54:46.3510698Z   run-id: 20809602278
2026-01-08T07:54:46.3510870Z env:
2026-01-08T07:54:46.3511035Z   CARGO_TERM_COLOR: always
2026-01-08T07:54:46.3511226Z   UV_VERSION: 0.9
2026-01-08T07:54:46.3511405Z   VELO_ZYGOTE_SOCKET_TIMEOUT: 60
2026-01-08T07:54:46.3511624Z   VELO_ZYGOTE_WORKER_TIMEOUT: 60
2026-01-08T07:54:46.3511829Z   VELO_MAX_BUNDLE_SIZE: 50
2026-01-08T07:54:46.3512033Z   VELO_TIMEOUT_MULTIPLIER: 6
2026-01-08T07:54:46.3512281Z   UV_CACHE_DIR: /home/runner/work/_temp/setup-uv-cache
2026-01-08T07:54:46.3512569Z ##[endgroup]
2026-01-08T07:54:46.5548324Z Downloading single artifact
2026-01-08T07:54:46.7169053Z Preparing to download the following artifacts:
2026-01-08T07:54:46.7170138Z - velo-binary-ubuntu (ID: 5059634024, Size: 2634092, Expected Digest: sha256:e16c463e8ba9a88a3197eeff7b58a2654bef34d6f21cdb13d8f3de79855e2371)
2026-01-08T07:54:46.8199441Z Redirecting to blob download url: https://productionresultssa17.blob.core.windows.net/actions-results/bd56f365-d673-42f3-ab0d-6bb2d835a20c/workflow-job-run-a601e67f-a25b-51f4-b610-40522d3e2982/artifacts/dcc2b8719c64dc90a41e822723e622c256f0c923ea295135723fdcf0bf33c671.zip
2026-01-08T07:54:46.8201950Z Starting download of artifact to: /home/runner/work/velo/velo/target/release
2026-01-08T07:54:46.9972442Z (node:2181) [DEP0005] DeprecationWarning: Buffer() is deprecated due to security and usability issues. Please use the Buffer.alloc(), Buffer.allocUnsafe(), or Buffer.from() methods instead.
2026-01-08T07:54:46.9973977Z (Use `node --trace-deprecation ...` to show where the warning was created)
2026-01-08T07:54:47.2994521Z SHA256 digest of downloaded artifact is e16c463e8ba9a88a3197eeff7b58a2654bef34d6f21cdb13d8f3de79855e2371
2026-01-08T07:54:47.2995159Z Artifact download completed successfully.
2026-01-08T07:54:47.2995469Z Total of 1 artifact(s) downloaded
2026-01-08T07:54:47.3003054Z Download artifact has finished successfully
2026-01-08T07:54:47.3093547Z ##[group]Run chmod +x target/release/velo
2026-01-08T07:54:47.3093844Z [36;1mchmod +x target/release/velo[0m
2026-01-08T07:54:47.3126711Z shell: /usr/bin/bash --noprofile --norc -e -o pipefail {0}
2026-01-08T07:54:47.3127042Z env:
2026-01-08T07:54:47.3127223Z   CARGO_TERM_COLOR: always
2026-01-08T07:54:47.3127426Z   UV_VERSION: 0.9
2026-01-08T07:54:47.3127619Z   VELO_ZYGOTE_SOCKET_TIMEOUT: 60
2026-01-08T07:54:47.3127851Z   VELO_ZYGOTE_WORKER_TIMEOUT: 60
2026-01-08T07:54:47.3128062Z   VELO_MAX_BUNDLE_SIZE: 50
2026-01-08T07:54:47.3128490Z   VELO_TIMEOUT_MULTIPLIER: 6
2026-01-08T07:54:47.3128751Z   UV_CACHE_DIR: /home/runner/work/_temp/setup-uv-cache
2026-01-08T07:54:47.3129021Z ##[endgroup]
2026-01-08T07:54:47.3222178Z ##[group]Run uv run pytest tests/qa/phase_6_1_1/test_sin_of_collision.py tests/qa/phase_6_1_1/test_sec_shield.py -v --tb=short
2026-01-08T07:54:47.3223101Z [36;1muv run pytest tests/qa/phase_6_1_1/test_sin_of_collision.py tests/qa/phase_6_1_1/test_sec_shield.py -v --tb=short[0m
2026-01-08T07:54:47.3253106Z shell: /usr/bin/bash --noprofile --norc -e -o pipefail {0}
2026-01-08T07:54:47.3253416Z env:
2026-01-08T07:54:47.3253591Z   CARGO_TERM_COLOR: always
2026-01-08T07:54:47.3253803Z   UV_VERSION: 0.9
2026-01-08T07:54:47.3254147Z   VELO_ZYGOTE_SOCKET_TIMEOUT: 60
2026-01-08T07:54:47.3254376Z   VELO_ZYGOTE_WORKER_TIMEOUT: 60
2026-01-08T07:54:47.3254593Z   VELO_MAX_BUNDLE_SIZE: 50
2026-01-08T07:54:47.3254796Z   VELO_TIMEOUT_MULTIPLIER: 6
2026-01-08T07:54:47.3255058Z   UV_CACHE_DIR: /home/runner/work/_temp/setup-uv-cache
2026-01-08T07:54:47.3255332Z ##[endgroup]
2026-01-08T07:54:48.2191872Z ============================= test session starts ==============================
2026-01-08T07:54:48.2192568Z platform linux -- Python 3.11.14, pytest-9.0.2, pluggy-1.6.0 -- /home/runner/work/velo/velo/.venv/bin/python3
2026-01-08T07:54:48.2193105Z cachedir: .pytest_cache
2026-01-08T07:54:48.2193386Z rootdir: /home/runner/work/velo/velo
2026-01-08T07:54:48.2193737Z configfile: pyproject.toml
2026-01-08T07:54:48.2194003Z plugins: anyio-4.12.0
2026-01-08T07:54:48.3980524Z collecting ... collected 5 items
2026-01-08T07:54:48.3980878Z 
2026-01-08T07:54:54.8440737Z tests/qa/phase_6_1_1/test_sin_of_collision.py::test_workspace_collision_hijacking PASSED [ 20%]
2026-01-08T07:54:54.8449645Z tests/qa/phase_6_1_1/test_sin_of_collision.py::test_socket_path_determinism PASSED [ 40%]
2026-01-08T07:56:00.1989758Z tests/qa/phase_6_1_1/test_sec_shield.py::TestSandboxShield::test_SEC_SHIELD_001_env_inheritance FAILED [ 60%]
2026-01-08T07:56:08.4517613Z tests/qa/phase_6_1_1/test_sec_shield.py::TestSandboxShield::test_SEC_SHIELD_002_filesystem_jail FAILED [ 80%]
2026-01-08T07:56:18.4572162Z tests/qa/phase_6_1_1/test_sec_shield.py::TestSandboxShield::test_SEC_SHIELD_003_workspace_isolation PASSED [100%]
2026-01-08T07:56:18.4572978Z 
2026-01-08T07:56:18.4573392Z =================================== FAILURES ===================================
2026-01-08T07:56:18.4574626Z ____________ TestSandboxShield.test_SEC_SHIELD_001_env_inheritance _____________
2026-01-08T07:56:18.4575685Z tests/qa/phase_6_1_1/test_sec_shield.py:22: in test_SEC_SHIELD_001_env_inheritance
2026-01-08T07:56:18.4576445Z     proc.wait_ready()
2026-01-08T07:56:18.4576995Z tests/qa/phase_6_1_1/conftest.py:54: in wait_ready
2026-01-08T07:56:18.4577508Z     raise RuntimeError("Server process died")
2026-01-08T07:56:18.4577958Z E   RuntimeError: Server process died
2026-01-08T07:56:18.4578717Z ---------------------------- Captured stderr setup -----------------------------
2026-01-08T07:56:18.4579404Z info: syncing channel updates for '1.92.0-x86_64-unknown-linux-gnu'
2026-01-08T07:56:18.4580107Z info: latest update on 2025-12-11, rust version 1.92.0 (ded5c06cf 2025-12-08)
2026-01-08T07:56:18.4580680Z info: downloading component 'cargo'
2026-01-08T07:56:18.4581054Z info: downloading component 'clippy'
2026-01-08T07:56:18.4581366Z info: downloading component 'llvm-tools'
2026-01-08T07:56:18.4581673Z info: downloading component 'rust-std'
2026-01-08T07:56:18.4581950Z info: downloading component 'rustc'
2026-01-08T07:56:18.4582303Z info: downloading component 'rustfmt'
2026-01-08T07:56:18.4582578Z info: installing component 'cargo'
2026-01-08T07:56:18.4582839Z info: installing component 'clippy'
2026-01-08T07:56:18.4583115Z info: installing component 'llvm-tools'
2026-01-08T07:56:18.4583400Z info: installing component 'rust-std'
2026-01-08T07:56:18.4583698Z info: installing component 'rustc'
2026-01-08T07:56:18.4583963Z info: installing component 'rustfmt'
2026-01-08T07:56:18.4584445Z [1m[92m    Updating[0m crates.io index
2026-01-08T07:56:18.4584758Z [1m[92m Downloading[0m crates ...
2026-01-08T07:56:18.4585095Z [1m[92m  Downloaded[0m anstyle-parse v0.2.7
2026-01-08T07:56:18.4585434Z [1m[92m  Downloaded[0m ascii v1.1.0
2026-01-08T07:56:18.4585749Z [1m[92m  Downloaded[0m ahash v0.8.12
2026-01-08T07:56:18.4586057Z [1m[92m  Downloaded[0m autocfg v1.5.0
2026-01-08T07:56:18.4586686Z [1m[92m  Downloaded[0m bytecheck v0.8.2
2026-01-08T07:56:18.4587047Z [1m[92m  Downloaded[0m bytecheck_derive v0.8.2
2026-01-08T07:56:18.4587383Z [1m[92m  Downloaded[0m atomic-waker v1.1.2
2026-01-08T07:56:18.4587682Z [1m[92m  Downloaded[0m arrayref v0.3.9
2026-01-08T07:56:18.4588314Z [1m[92m  Downloaded[0m inotify-sys v0.1.5
2026-01-08T07:56:18.4588848Z [1m[92m  Downloaded[0m munge_macro v0.4.7
2026-01-08T07:56:18.4589346Z [1m[92m  Downloaded[0m malachite v0.4.22
2026-01-08T07:56:18.4589837Z [1m[92m  Downloaded[0m anstyle v1.0.13
2026-01-08T07:56:18.4590304Z [1m[92m  Downloaded[0m anstream v0.6.21
2026-01-08T07:56:18.4590614Z [1m[92m  Downloaded[0m percent-encoding v2.3.2
2026-01-08T07:56:18.4590918Z [1m[92m  Downloaded[0m arrayvec v0.7.6
2026-01-08T07:56:18.4591232Z [1m[92m  Downloaded[0m anstyle-query v1.1.5
2026-01-08T07:56:18.4591533Z [1m[92m  Downloaded[0m equivalent v1.0.2
2026-01-08T07:56:18.4591816Z [1m[92m  Downloaded[0m bytes v1.11.0
2026-01-08T07:56:18.4592101Z [1m[92m  Downloaded[0m fs2 v0.4.3
2026-01-08T07:56:18.4592382Z [1m[92m  Downloaded[0m futures-sink v0.3.31
2026-01-08T07:56:18.4592675Z [1m[92m  Downloaded[0m hashbrown v0.14.5
2026-01-08T07:56:18.4592959Z [1m[92m  Downloaded[0m getopts v0.2.24
2026-01-08T07:56:18.4593234Z [1m[92m  Downloaded[0m blake3 v1.8.2
2026-01-08T07:56:18.4593506Z [1m[92m  Downloaded[0m rancor v0.1.1
2026-01-08T07:56:18.4593784Z [1m[92m  Downloaded[0m memoffset v0.9.1
2026-01-08T07:56:18.4594085Z [1m[92m  Downloaded[0m ptr_meta v0.3.1
2026-01-08T07:56:18.4594389Z [1m[92m  Downloaded[0m ptr_meta_derive v0.3.1
2026-01-08T07:56:18.4594693Z [1m[92m  Downloaded[0m pin-utils v0.1.0
2026-01-08T07:56:18.4594974Z [1m[92m  Downloaded[0m rend v0.5.3
2026-01-08T07:56:18.4595258Z [1m[92m  Downloaded[0m tower-layer v0.3.3
2026-01-08T07:56:18.4595571Z [1m[92m  Downloaded[0m unic-ucd-version v0.9.0
2026-01-08T07:56:18.4595879Z [1m[92m  Downloaded[0m num-integer v0.1.46
2026-01-08T07:56:18.4596163Z [1m[92m  Downloaded[0m mio v1.1.1
2026-01-08T07:56:18.4596438Z [1m[92m  Downloaded[0m utf8parse v0.2.2
2026-01-08T07:56:18.4596715Z [1m[92m  Downloaded[0m nix v0.27.1
2026-01-08T07:56:18.4596987Z [1m[92m  Downloaded[0m want v0.3.1
2026-01-08T07:56:18.4597243Z [1m[92m  Downloaded[0m zmij v1.0.6
2026-01-08T07:56:18.4597521Z [1m[92m  Downloaded[0m tiny-keccak v2.0.2
2026-01-08T07:56:18.4597808Z [1m[92m  Downloaded[0m walkdir v2.5.0
2026-01-08T07:56:18.4598080Z [1m[92m  Downloaded[0m uuid v1.19.0
2026-01-08T07:56:18.4598616Z [1m[92m  Downloaded[0m tracing-core v0.1.36
2026-01-08T07:56:18.4598914Z [1m[92m  Downloaded[0m socket2 v0.6.1
2026-01-08T07:56:18.4599191Z [1m[92m  Downloaded[0m serde v1.0.228
2026-01-08T07:56:18.4599457Z [1m[92m  Downloaded[0m chrono v0.4.42
2026-01-08T07:56:18.4599725Z [1m[92m  Downloaded[0m tower v0.5.2
2026-01-08T07:56:18.4600003Z [1m[92m  Downloaded[0m tokio-util v0.7.18
2026-01-08T07:56:18.4600274Z [1m[92m  Downloaded[0m rkyv v0.8.12
2026-01-08T07:56:18.4600579Z [1m[92m  Downloaded[0m rustpython-parser v0.4.0
2026-01-08T07:56:18.4600882Z [1m[92m  Downloaded[0m regex v1.12.2
2026-01-08T07:56:18.4601166Z [1m[92m  Downloaded[0m serde_json v1.0.148
2026-01-08T07:56:18.4601449Z [1m[92m  Downloaded[0m rand v0.8.5
2026-01-08T07:56:18.4601722Z [1m[92m  Downloaded[0m zerocopy v0.8.31
2026-01-08T07:56:18.4602014Z [1m[92m  Downloaded[0m unicode-width v0.2.2
2026-01-08T07:56:18.4602301Z [1m[92m  Downloaded[0m syn v2.0.112
2026-01-08T07:56:18.4602590Z [1m[92m  Downloaded[0m unicode_names2 v1.3.0
2026-01-08T07:56:18.4602889Z [1m[92m  Downloaded[0m regex-syntax v0.8.8
2026-01-08T07:56:18.4603161Z [1m[92m  Downloaded[0m cc v1.2.51
2026-01-08T07:56:18.4603440Z [1m[92m  Downloaded[0m signal-hook v0.3.18
2026-01-08T07:56:18.4603735Z [1m[92m  Downloaded[0m serde_derive v1.0.228
2026-01-08T07:56:18.4604015Z [1m[92m  Downloaded[0m rustix v1.1.3
2026-01-08T07:56:18.4604309Z [1m[92m  Downloaded[0m malachite-base v0.4.22
2026-01-08T07:56:18.4604756Z [1m[92m  Downloaded[0m serde_core v1.0.228
2026-01-08T07:56:18.4605039Z [1m[92m  Downloaded[0m ryu v1.0.22
2026-01-08T07:56:18.4605304Z [1m[92m  Downloaded[0m rmp v0.8.15
2026-01-08T07:56:18.4605589Z [1m[92m  Downloaded[0m proc-macro2 v1.0.104
2026-01-08T07:56:18.4606022Z [1m[92m  Downloaded[0m tinyvec v1.10.0
2026-01-08T07:56:18.4606302Z [1m[92m  Downloaded[0m tiny_http v0.12.0
2026-01-08T07:56:18.4606601Z [1m[92m  Downloaded[0m regex-automata v0.4.13
2026-01-08T07:56:18.4606924Z [1m[92m  Downloaded[0m static_assertions v1.1.0
2026-01-08T07:56:18.4607229Z [1m[92m  Downloaded[0m rustpython-ast v0.4.0
2026-01-08T07:56:18.4607528Z [1m[92m  Downloaded[0m malachite-q v0.4.22
2026-01-08T07:56:18.4607815Z [1m[92m  Downloaded[0m tracing v0.1.44
2026-01-08T07:56:18.4608263Z [1m[92m  Downloaded[0m unicode-ident v1.0.22
2026-01-08T07:56:18.4608643Z [1m[92m  Downloaded[0m tempfile v3.24.0
2026-01-08T07:56:18.4608928Z [1m[92m  Downloaded[0m smallvec v1.15.1
2026-01-08T07:56:18.4609227Z [1m[92m  Downloaded[0m parking_lot v0.12.5
2026-01-08T07:56:18.4628943Z [1m[92m  Downloaded[0m clap_builder v4.5.54
2026-01-08T07:56:18.4629578Z [1m[92m  Downloaded[0m rmp-serde v1.3.1
2026-01-08T07:56:18.4630005Z [1m[92m  Downloaded[0m once_cell v1.21.3
2026-01-08T07:56:18.4630522Z [1m[92m  Downloaded[0m tokio v1.49.0
2026-01-08T07:56:18.4631000Z [1m[92m  Downloaded[0m libm v0.2.15
2026-01-08T07:56:18.4631474Z [1m[92m  Downloaded[0m unicode-xid v0.2.6
2026-01-08T07:56:18.4632068Z [1m[92m  Downloaded[0m thiserror-impl v1.0.69
2026-01-08T07:56:18.4632525Z [1m[92m  Downloaded[0m thiserror v1.0.69
2026-01-08T07:56:18.4632815Z [1m[92m  Downloaded[0m slab v0.4.11
2026-01-08T07:56:18.4633103Z [1m[92m  Downloaded[0m simdutf8 v0.1.5
2026-01-08T07:56:18.4633454Z [1m[92m  Downloaded[0m signal-hook-registry v1.4.8
2026-01-08T07:56:18.4633768Z [1m[92m  Downloaded[0m shlex v1.3.0
2026-01-08T07:56:18.4634052Z [1m[92m  Downloaded[0m rustc-hash v1.1.0
2026-01-08T07:56:18.4634361Z [1m[92m  Downloaded[0m rkyv_derive v0.8.12
2026-01-08T07:56:18.4634654Z [1m[92m  Downloaded[0m rand_core v0.6.4
2026-01-08T07:56:18.4634949Z [1m[92m  Downloaded[0m phf_shared v0.11.3
2026-01-08T07:56:18.4635247Z [1m[92m  Downloaded[0m phf v0.11.3
2026-01-08T07:56:18.4635528Z [1m[92m  Downloaded[0m libc v0.2.178
2026-01-08T07:56:18.4635812Z [1m[92m  Downloaded[0m paste v1.0.15
2026-01-08T07:56:18.4636110Z [1m[92m  Downloaded[0m parking_lot_core v0.9.12
2026-01-08T07:56:18.4636418Z [1m[92m  Downloaded[0m itertools v0.11.0
2026-01-08T07:56:18.4636721Z [1m[92m  Downloaded[0m version_check v0.9.5
2026-01-08T07:56:18.4637066Z [1m[92m  Downloaded[0m unicode_names2_generator v1.3.0
2026-01-08T07:56:18.4637414Z [1m[92m  Downloaded[0m unic-ucd-ident v0.9.0
2026-01-08T07:56:18.4637729Z [1m[92m  Downloaded[0m unic-emoji-char v0.9.0
2026-01-08T07:56:18.4638036Z [1m[92m  Downloaded[0m unic-common v0.9.0
2026-01-08T07:56:18.4638583Z [1m[92m  Downloaded[0m unic-char-range v0.9.0
2026-01-08T07:56:18.4638917Z [1m[92m  Downloaded[0m unic-char-property v0.9.0
2026-01-08T07:56:18.4639298Z [1m[92m  Downloaded[0m try-lock v0.2.5
2026-01-08T07:56:18.4639604Z [1m[92m  Downloaded[0m tokio-macros v2.6.0
2026-01-08T07:56:18.4639895Z [1m[92m  Downloaded[0m strsim v0.11.1
2026-01-08T07:56:18.4640236Z [1m[92m  Downloaded[0m rustpython-parser-vendored v0.4.0
2026-01-08T07:56:18.4640563Z [1m[92m  Downloaded[0m mio v0.8.11
2026-01-08T07:56:18.4640840Z [1m[92m  Downloaded[0m memchr v2.7.6
2026-01-08T07:56:18.4641143Z [1m[92m  Downloaded[0m crossbeam-channel v0.5.15
2026-01-08T07:56:18.4641439Z [1m[92m  Downloaded[0m h2 v0.4.12
2026-01-08T07:56:18.4641730Z [1m[92m  Downloaded[0m tower-service v0.3.3
2026-01-08T07:56:18.4642041Z [1m[92m  Downloaded[0m tinyvec_macros v0.1.1
2026-01-08T07:56:18.4642344Z [1m[92m  Downloaded[0m siphasher v1.0.1
2026-01-08T07:56:18.4642635Z [1m[92m  Downloaded[0m scopeguard v1.2.0
2026-01-08T07:56:18.4642923Z [1m[92m  Downloaded[0m same-file v1.0.6
2026-01-08T07:56:18.4643430Z [1m[92m  Downloaded[0m rustpython-parser-core v0.4.0
2026-01-08T07:56:18.4643776Z [1m[92m  Downloaded[0m rand_chacha v0.3.1
2026-01-08T07:56:18.4644075Z [1m[92m  Downloaded[0m phf_codegen v0.11.3
2026-01-08T07:56:18.4644480Z [1m[92m  Downloaded[0m indexmap v2.12.1
2026-01-08T07:56:18.4644755Z [1m[92m  Downloaded[0m http v1.4.0
2026-01-08T07:56:18.4645035Z [1m[92m  Downloaded[0m hashbrown v0.16.1
2026-01-08T07:56:18.4645325Z [1m[92m  Downloaded[0m hyper-util v0.1.19
2026-01-08T07:56:18.4645607Z [1m[92m  Downloaded[0m hyper v1.8.1
2026-01-08T07:56:18.4645885Z [1m[92m  Downloaded[0m hashbrown v0.15.5
2026-01-08T07:56:18.4646182Z [1m[92m  Downloaded[0m malachite-nz v0.4.22
2026-01-08T07:56:18.4646470Z [1m[92m  Downloaded[0m quote v1.0.42
2026-01-08T07:56:18.4646753Z [1m[92m  Downloaded[0m ppv-lite86 v0.2.21
2026-01-08T07:56:18.4647069Z [1m[92m  Downloaded[0m pin-project-lite v0.2.16
2026-01-08T07:56:18.4647399Z [1m[92m  Downloaded[0m derive_more-impl v1.0.0
2026-01-08T07:56:18.4647703Z [1m[92m  Downloaded[0m futures-util v0.3.31
2026-01-08T07:56:18.4648003Z [1m[92m  Downloaded[0m derive_more v1.0.0
2026-01-08T07:56:18.4648565Z [1m[92m  Downloaded[0m clap v4.5.54
2026-01-08T07:56:18.4648872Z [1m[92m  Downloaded[0m num-traits v0.2.19
2026-01-08T07:56:18.4649156Z [1m[92m  Downloaded[0m notify v6.1.1
2026-01-08T07:56:18.4649436Z [1m[92m  Downloaded[0m log v0.4.29
2026-01-08T07:56:18.4649716Z [1m[92m  Downloaded[0m getrandom v0.3.4
2026-01-08T07:56:18.4650018Z [1m[92m  Downloaded[0m crossbeam-epoch v0.9.18
2026-01-08T07:56:18.4650339Z [1m[92m  Downloaded[0m phf_generator v0.11.3
2026-01-08T07:56:18.4650641Z [1m[92m  Downloaded[0m lazy_static v1.5.0
2026-01-08T07:56:18.4650939Z [1m[92m  Downloaded[0m lalrpop-util v0.20.2
2026-01-08T07:56:18.4651266Z [1m[92m  Downloaded[0m is_terminal_polyfill v1.70.2
2026-01-08T07:56:18.4651582Z [1m[92m  Downloaded[0m is-macro v0.3.7
2026-01-08T07:56:18.4651874Z [1m[92m  Downloaded[0m ignore v0.4.25
2026-01-08T07:56:18.4652152Z [1m[92m  Downloaded[0m httparse v1.10.1
2026-01-08T07:56:18.4652454Z [1m[92m  Downloaded[0m crossbeam-utils v0.8.21
2026-01-08T07:56:18.4652754Z [1m[92m  Downloaded[0m crc32fast v1.5.0
2026-01-08T07:56:18.4653052Z [1m[92m  Downloaded[0m constant_time_eq v0.3.1
2026-01-08T07:56:18.4653355Z [1m[92m  Downloaded[0m colorchoice v1.0.4
2026-01-08T07:56:18.4653641Z [1m[92m  Downloaded[0m clap_lex v0.7.6
2026-01-08T07:56:18.4653931Z [1m[92m  Downloaded[0m clap_derive v4.5.49
2026-01-08T07:56:18.4654236Z [1m[92m  Downloaded[0m chunked_transfer v1.5.0
2026-01-08T07:56:18.4654537Z [1m[92m  Downloaded[0m globset v0.4.18
2026-01-08T07:56:18.4654814Z [1m[92m  Downloaded[0m crunchy v0.2.4
2026-01-08T07:56:18.4655107Z [1m[92m  Downloaded[0m crossbeam-deque v0.8.6
2026-01-08T07:56:18.4655400Z [1m[92m  Downloaded[0m cfg-if v1.0.4
2026-01-08T07:56:18.4655700Z [1m[92m  Downloaded[0m malachite-bigint v0.2.3
2026-01-08T07:56:18.4656000Z [1m[92m  Downloaded[0m lock_api v0.4.14
2026-01-08T07:56:18.4656278Z [1m[92m  Downloaded[0m itoa v1.0.17
2026-01-08T07:56:18.4656554Z [1m[92m  Downloaded[0m inotify v0.9.6
2026-01-08T07:56:18.4656842Z [1m[92m  Downloaded[0m iana-time-zone v0.1.64
2026-01-08T07:56:18.4657154Z [1m[92m  Downloaded[0m httpdate v1.0.3
2026-01-08T07:56:18.4657455Z [1m[92m  Downloaded[0m http-body-util v0.1.3
2026-01-08T07:56:18.4657764Z [1m[92m  Downloaded[0m linux-raw-sys v0.11.0
2026-01-08T07:56:18.4658046Z [1m[92m  Downloaded[0m hex v0.4.3
2026-01-08T07:56:18.4658494Z [1m[92m  Downloaded[0m heck v0.5.0
2026-01-08T07:56:18.4658782Z [1m[92m  Downloaded[0m futures-core v0.3.31
2026-01-08T07:56:18.4659086Z [1m[92m  Downloaded[0m futures-channel v0.3.31
2026-01-08T07:56:18.4659373Z [1m[92m  Downloaded[0m fnv v1.0.7
2026-01-08T07:56:18.4659639Z [1m[92m  Downloaded[0m errno v0.3.14
2026-01-08T07:56:18.4659907Z [1m[92m  Downloaded[0m bstr v1.12.1
2026-01-08T07:56:18.4660318Z [1m[92m  Downloaded[0m munge v0.4.7
2026-01-08T07:56:18.4660593Z [1m[92m  Downloaded[0m ipnet v2.11.0
2026-01-08T07:56:18.4660868Z [1m[92m  Downloaded[0m http-body v1.0.1
2026-01-08T07:56:18.4661155Z [1m[92m  Downloaded[0m hostname v0.4.2
2026-01-08T07:56:18.4661449Z [1m[92m  Downloaded[0m futures-task v0.3.31
2026-01-08T07:56:18.4661855Z [1m[92m  Downloaded[0m filetime v0.2.26
2026-01-08T07:56:18.4662144Z [1m[92m  Downloaded[0m aho-corasick v1.1.4
2026-01-08T07:56:18.4662433Z [1m[92m  Downloaded[0m either v1.15.0
2026-01-08T07:56:18.4662719Z [1m[92m  Downloaded[0m getrandom v0.2.16
2026-01-08T07:56:18.4663018Z [1m[92m  Downloaded[0m find-msvc-tools v0.1.6
2026-01-08T07:56:18.4663312Z [1m[92m  Downloaded[0m base64 v0.22.1
2026-01-08T07:56:18.4663596Z [1m[92m  Downloaded[0m bitflags v2.10.0
2026-01-08T07:56:18.4663871Z [1m[92m  Downloaded[0m anyhow v1.0.100
2026-01-08T07:56:18.4664150Z [1m[92m  Downloaded[0m colored v2.2.0
2026-01-08T07:56:18.4664426Z [1m[92m  Downloaded[0m bitflags v1.3.2
2026-01-08T07:56:18.4664710Z [1m[92m  Downloaded[0m fastrand v2.3.0
2026-01-08T07:56:18.4664980Z [1m[92m   Compiling[0m cfg-if v1.0.4
2026-01-08T07:56:18.4665273Z [1m[92m   Compiling[0m proc-macro2 v1.0.104
2026-01-08T07:56:18.4665559Z [1m[92m   Compiling[0m quote v1.0.42
2026-01-08T07:56:18.4665849Z [1m[92m   Compiling[0m unicode-ident v1.0.22
2026-01-08T07:56:18.4666137Z [1m[92m   Compiling[0m libc v0.2.178
2026-01-08T07:56:18.4666415Z [1m[92m   Compiling[0m zerocopy v0.8.31
2026-01-08T07:56:18.4666698Z [1m[92m   Compiling[0m once_cell v1.21.3
2026-01-08T07:56:18.4666978Z [1m[92m   Compiling[0m autocfg v1.5.0
2026-01-08T07:56:18.4667253Z [1m[92m   Compiling[0m syn v2.0.112
2026-01-08T07:56:18.4667535Z [1m[92m   Compiling[0m siphasher v1.0.1
2026-01-08T07:56:18.4667806Z [1m[92m   Compiling[0m memchr v2.7.6
2026-01-08T07:56:18.4668081Z [1m[92m   Compiling[0m getrandom v0.2.16
2026-01-08T07:56:18.4668627Z [1m[92m   Compiling[0m ppv-lite86 v0.2.21
2026-01-08T07:56:18.4668919Z [1m[92m   Compiling[0m rand_core v0.6.4
2026-01-08T07:56:18.4669208Z [1m[92m   Compiling[0m version_check v0.9.5
2026-01-08T07:56:18.4669504Z [1m[92m   Compiling[0m rand_chacha v0.3.1
2026-01-08T07:56:18.4669778Z [1m[92m   Compiling[0m ahash v0.8.12
2026-01-08T07:56:18.4670057Z [1m[92m   Compiling[0m log v0.4.29
2026-01-08T07:56:18.4670326Z [1m[92m   Compiling[0m rand v0.8.5
2026-01-08T07:56:18.4670600Z [1m[92m   Compiling[0m phf_shared v0.11.3
2026-01-08T07:56:18.4670884Z [1m[92m   Compiling[0m num-traits v0.2.19
2026-01-08T07:56:18.4671164Z [1m[92m   Compiling[0m libm v0.2.15
2026-01-08T07:56:18.4671458Z [1m[92m   Compiling[0m parking_lot_core v0.9.12
2026-01-08T07:56:18.4671751Z [1m[92m   Compiling[0m either v1.15.0
2026-01-08T07:56:18.4672026Z [1m[92m   Compiling[0m bytes v1.11.0
2026-01-08T07:56:18.4672326Z [1m[92m   Compiling[0m pin-project-lite v0.2.16
2026-01-08T07:56:18.4672622Z [1m[92m   Compiling[0m itertools v0.11.0
2026-01-08T07:56:18.4672925Z [1m[92m   Compiling[0m phf_generator v0.11.3
2026-01-08T07:56:18.4673227Z [1m[92m   Compiling[0m phf_codegen v0.11.3
2026-01-08T07:56:18.4673516Z [1m[92m   Compiling[0m hashbrown v0.14.5
2026-01-08T07:56:18.4673787Z [1m[92m   Compiling[0m errno v0.3.14
2026-01-08T07:56:18.4674082Z [1m[92m   Compiling[0m futures-core v0.3.31
2026-01-08T07:56:18.4674380Z [1m[92m   Compiling[0m scopeguard v1.2.0
2026-01-08T07:56:18.4674660Z [1m[92m   Compiling[0m smallvec v1.15.1
2026-01-08T07:56:18.4674936Z [1m[92m   Compiling[0m itoa v1.0.17
2026-01-08T07:56:18.4675203Z [1m[92m   Compiling[0m ryu v1.0.22
2026-01-08T07:56:18.4675481Z [1m[92m   Compiling[0m malachite-nz v0.4.22
2026-01-08T07:56:18.4675789Z [1m[92m   Compiling[0m crossbeam-utils v0.8.21
2026-01-08T07:56:18.4676101Z [1m[92m   Compiling[0m malachite-base v0.4.22
2026-01-08T07:56:18.4676399Z [1m[92m   Compiling[0m lock_api v0.4.14
2026-01-08T07:56:18.4676709Z [1m[92m   Compiling[0m signal-hook-registry v1.4.8
2026-01-08T07:56:18.4677157Z [1m[92m   Compiling[0m heck v0.5.0
2026-01-08T07:56:18.4677451Z [1m[92m   Compiling[0m unicode-width v0.2.2
2026-01-08T07:56:18.4677733Z [1m[92m   Compiling[0m crunchy v0.2.4
2026-01-08T07:56:18.4678012Z [1m[92m   Compiling[0m getopts v0.2.24
2026-01-08T07:56:18.4678673Z [1m[92m   Compiling[0m parking_lot v0.12.5
2026-01-08T07:56:18.4678977Z [1m[92m   Compiling[0m tokio-macros v2.6.0
2026-01-08T07:56:18.4679281Z [1m[92m   Compiling[0m ptr_meta_derive v0.3.1
2026-01-08T07:56:18.4679576Z [1m[92m   Compiling[0m http v1.4.0
2026-01-08T07:56:18.4679843Z [1m[92m   Compiling[0m socket2 v0.6.1
2026-01-08T07:56:18.4680115Z [1m[92m   Compiling[0m mio v1.1.1
2026-01-08T07:56:18.4680388Z [1m[92m   Compiling[0m anyhow v1.0.100
2026-01-08T07:56:18.4680678Z [1m[92m   Compiling[0m unicode-xid v0.2.6
2026-01-08T07:56:18.4680965Z [1m[92m   Compiling[0m tiny-keccak v2.0.2
2026-01-08T07:56:18.4681257Z [1m[92m   Compiling[0m serde_core v1.0.228
2026-01-08T07:56:18.4681547Z [1m[92m   Compiling[0m paste v1.0.15
2026-01-08T07:56:18.4681836Z [1m[92m   Compiling[0m derive_more-impl v1.0.0
2026-01-08T07:56:18.4682129Z [1m[92m   Compiling[0m tokio v1.49.0
2026-01-08T07:56:18.4682403Z [1m[92m   Compiling[0m ptr_meta v0.3.1
2026-01-08T07:56:18.4682736Z [1m[92m   Compiling[0m unicode_names2_generator v1.3.0
2026-01-08T07:56:18.4683062Z [1m[92m   Compiling[0m aho-corasick v1.1.4
2026-01-08T07:56:18.4683364Z [1m[92m   Compiling[0m tracing-core v0.1.36
2026-01-08T07:56:18.4683657Z [1m[92m   Compiling[0m hashbrown v0.16.1
2026-01-08T07:56:18.4683950Z [1m[92m   Compiling[0m unic-char-range v0.9.0
2026-01-08T07:56:18.4684257Z [1m[92m   Compiling[0m futures-sink v0.3.31
2026-01-08T07:56:18.4684556Z [1m[92m   Compiling[0m regex-syntax v0.8.8
2026-01-08T07:56:18.4684852Z [1m[92m   Compiling[0m find-msvc-tools v0.1.6
2026-01-08T07:56:18.4685153Z [1m[92m   Compiling[0m equivalent v1.0.2
2026-01-08T07:56:18.4685440Z [1m[92m   Compiling[0m utf8parse v0.2.2
2026-01-08T07:56:18.4685724Z [1m[92m   Compiling[0m httparse v1.10.1
2026-01-08T07:56:18.4686013Z [1m[92m   Compiling[0m unic-common v0.9.0
2026-01-08T07:56:18.4686292Z [1m[92m   Compiling[0m shlex v1.3.0
2026-01-08T07:56:18.4686562Z [1m[92m   Compiling[0m cc v1.2.51
2026-01-08T07:56:18.4686846Z [1m[92m   Compiling[0m regex-automata v0.4.13
2026-01-08T07:56:18.4687146Z [1m[92m   Compiling[0m tokio-util v0.7.18
2026-01-08T07:56:18.4687448Z [1m[92m   Compiling[0m unic-ucd-version v0.9.0
2026-01-08T07:56:18.4687755Z [1m[92m   Compiling[0m anstyle-parse v0.2.7
2026-01-08T07:56:18.4688062Z [1m[92m   Compiling[0m indexmap v2.12.1
2026-01-08T07:56:18.4688612Z [1m[92m   Compiling[0m unic-char-property v0.9.0
2026-01-08T07:56:18.4688919Z [1m[92m   Compiling[0m tracing v0.1.44
2026-01-08T07:56:18.4689209Z [1m[92m   Compiling[0m derive_more v1.0.0
2026-01-08T07:56:18.4689508Z [1m[92m   Compiling[0m unicode_names2 v1.3.0
2026-01-08T07:56:18.4689802Z [1m[92m   Compiling[0m rancor v0.1.1
2026-01-08T07:56:18.4690091Z [1m[92m   Compiling[0m malachite-q v0.4.22
2026-01-08T07:56:18.4690382Z [1m[92m   Compiling[0m malachite v0.4.22
2026-01-08T07:56:18.4690672Z [1m[92m   Compiling[0m http-body v1.0.1
2026-01-08T07:56:18.4690969Z [1m[92m   Compiling[0m bytecheck_derive v0.8.2
2026-01-08T07:56:18.4691269Z [1m[92m   Compiling[0m is-macro v0.3.7
2026-01-08T07:56:18.4691560Z [1m[92m   Compiling[0m num-integer v0.1.46
2026-01-08T07:56:18.4691902Z [1m[92m   Compiling[0m rustpython-parser-vendored v0.4.0
2026-01-08T07:56:18.4692237Z [1m[92m   Compiling[0m memoffset v0.9.1
2026-01-08T07:56:18.4692519Z [1m[92m   Compiling[0m try-lock v0.2.5
2026-01-08T07:56:18.4692794Z [1m[92m   Compiling[0m zmij v1.0.6
2026-01-08T07:56:18.4693060Z [1m[92m   Compiling[0m serde v1.0.228
2026-01-08T07:56:18.4693339Z [1m[92m   Compiling[0m anstyle v1.0.13
2026-01-08T07:56:18.4693650Z [1m[92m   Compiling[0m is_terminal_polyfill v1.70.2
2026-01-08T07:56:18.4694098Z [1m[92m   Compiling[0m anstyle-query v1.1.5
2026-01-08T07:56:18.4694399Z [1m[92m   Compiling[0m rustix v1.1.3
2026-01-08T07:56:18.4694676Z [1m[92m   Compiling[0m httpdate v1.0.3
2026-01-08T07:56:18.4694961Z [1m[92m   Compiling[0m getrandom v0.3.4
2026-01-08T07:56:18.4695399Z [1m[92m   Compiling[0m atomic-waker v1.1.2
2026-01-08T07:56:18.4695689Z [1m[92m   Compiling[0m same-file v1.0.6
2026-01-08T07:56:18.4695970Z [1m[92m   Compiling[0m bitflags v2.10.0
2026-01-08T07:56:18.4696243Z [1m[92m   Compiling[0m fnv v1.0.7
2026-01-08T07:56:18.4696507Z [1m[92m   Compiling[0m simdutf8 v0.1.5
2026-01-08T07:56:18.4696787Z [1m[92m   Compiling[0m pin-utils v0.1.0
2026-01-08T07:56:18.4697064Z [1m[92m   Compiling[0m slab v0.4.11
2026-01-08T07:56:18.4697339Z [1m[92m   Compiling[0m colorchoice v1.0.4
2026-01-08T07:56:18.4697628Z [1m[92m   Compiling[0m anstream v0.6.21
2026-01-08T07:56:18.4697907Z [1m[92m   Compiling[0m bytecheck v0.8.2
2026-01-08T07:56:18.4698381Z [1m[92m   Compiling[0m h2 v0.4.12
2026-01-08T07:56:18.4698669Z [1m[92m   Compiling[0m walkdir v2.5.0
2026-01-08T07:56:18.4698944Z [1m[92m   Compiling[0m want v0.3.1
2026-01-08T07:56:18.4699210Z [1m[92m   Compiling[0m phf v0.11.3
2026-01-08T07:56:18.4699521Z [1m[92m   Compiling[0m rustpython-parser-core v0.4.0
2026-01-08T07:56:18.4699864Z [1m[92m   Compiling[0m malachite-bigint v0.2.3
2026-01-08T07:56:18.4700189Z [1m[92m   Compiling[0m rustpython-parser v0.4.0
2026-01-08T07:56:18.4700483Z [1m[92m   Compiling[0m blake3 v1.8.2
2026-01-08T07:56:18.4700776Z [1m[92m   Compiling[0m crossbeam-epoch v0.9.18
2026-01-08T07:56:18.4701083Z [1m[92m   Compiling[0m serde_derive v1.0.228
2026-01-08T07:56:18.4701389Z [1m[92m   Compiling[0m munge_macro v0.4.7
2026-01-08T07:56:18.4701700Z [1m[92m   Compiling[0m futures-channel v0.3.31
2026-01-08T07:56:18.4701997Z [1m[92m   Compiling[0m bstr v1.12.1
2026-01-08T07:56:18.4702281Z [1m[92m   Compiling[0m inotify-sys v0.1.5
2026-01-08T07:56:18.4702573Z [1m[92m   Compiling[0m tower-layer v0.3.3
2026-01-08T07:56:18.4702867Z [1m[92m   Compiling[0m signal-hook v0.3.18
2026-01-08T07:56:18.4703157Z [1m[92m   Compiling[0m clap_lex v0.7.6
2026-01-08T07:56:18.4703462Z [1m[92m   Compiling[0m static_assertions v1.1.0
2026-01-08T07:56:18.4703790Z [1m[92m   Compiling[0m linux-raw-sys v0.11.0
2026-01-08T07:56:18.4704097Z [1m[92m   Compiling[0m tower-service v0.3.3
2026-01-08T07:56:18.4704387Z [1m[92m   Compiling[0m bitflags v1.3.2
2026-01-08T07:56:18.4704675Z [1m[92m   Compiling[0m thiserror v1.0.69
2026-01-08T07:56:18.4704976Z [1m[92m   Compiling[0m futures-task v0.3.31
2026-01-08T07:56:18.4705275Z [1m[92m   Compiling[0m serde_json v1.0.148
2026-01-08T07:56:18.4705560Z [1m[92m   Compiling[0m crc32fast v1.5.0
2026-01-08T07:56:18.4705843Z [1m[92m   Compiling[0m strsim v0.11.1
2026-01-08T07:56:18.4706141Z [1m[92m   Compiling[0m futures-util v0.3.31
2026-01-08T07:56:18.4706436Z [1m[92m   Compiling[0m clap_builder v4.5.54
2026-01-08T07:56:18.4706728Z [1m[92m   Compiling[0m inotify v0.9.6
2026-01-08T07:56:18.4707024Z [1m[92m   Compiling[0m rustpython-ast v0.4.0
2026-01-08T07:56:18.4707314Z [1m[92m   Compiling[0m globset v0.4.18
2026-01-08T07:56:18.4707595Z [1m[92m   Compiling[0m hyper v1.8.1
2026-01-08T07:56:18.4707873Z [1m[92m   Compiling[0m munge v0.4.7
2026-01-08T07:56:18.4708345Z [1m[92m   Compiling[0m crossbeam-deque v0.8.6
2026-01-08T07:56:18.4708655Z [1m[92m   Compiling[0m rend v0.5.3
2026-01-08T07:56:18.4708952Z [1m[92m   Compiling[0m unic-emoji-char v0.9.0
2026-01-08T07:56:18.4709258Z [1m[92m   Compiling[0m unic-ucd-ident v0.9.0
2026-01-08T07:56:18.4709576Z [1m[92m   Compiling[0m crossbeam-channel v0.5.15
2026-01-08T07:56:18.4709891Z [1m[92m   Compiling[0m clap_derive v4.5.49
2026-01-08T07:56:18.4710193Z [1m[92m   Compiling[0m thiserror-impl v1.0.69
2026-01-08T07:56:18.4710490Z [1m[92m   Compiling[0m rkyv_derive v0.8.12
2026-01-08T07:56:18.4710770Z [1m[92m   Compiling[0m rmp v0.8.15
2026-01-08T07:56:18.4711164Z [1m[92m   Compiling[0m mio v0.8.11
2026-01-08T07:56:18.4711441Z [1m[92m   Compiling[0m filetime v0.2.26
2026-01-08T07:56:18.4711744Z [1m[92m   Compiling[0m chunked_transfer v1.5.0
2026-01-08T07:56:18.4712053Z [1m[92m   Compiling[0m hashbrown v0.15.5
2026-01-08T07:56:18.4712445Z [1m[92m   Compiling[0m base64 v0.22.1
2026-01-08T07:56:18.4712714Z [1m[92m   Compiling[0m ascii v1.1.0
2026-01-08T07:56:18.4712997Z [1m[92m   Compiling[0m lazy_static v1.5.0
2026-01-08T07:56:18.4713301Z [1m[92m   Compiling[0m percent-encoding v2.3.2
2026-01-08T07:56:18.4713607Z [1m[92m   Compiling[0m constant_time_eq v0.3.1
2026-01-08T07:56:18.4713897Z [1m[92m   Compiling[0m ipnet v2.11.0
2026-01-08T07:56:18.4714179Z [1m[92m   Compiling[0m fastrand v2.3.0
2026-01-08T07:56:18.4714535Z [1m[92m   Compiling[0m velo v0.1.0 (/home/runner/work/velo/velo)
2026-01-08T07:56:18.4714871Z [1m[92m   Compiling[0m arrayref v0.3.9
2026-01-08T07:56:18.4715170Z [1m[92m   Compiling[0m iana-time-zone v0.1.64
2026-01-08T07:56:18.4715466Z [1m[92m   Compiling[0m arrayvec v0.7.6
2026-01-08T07:56:18.4715757Z [1m[92m   Compiling[0m lalrpop-util v0.20.2
2026-01-08T07:56:18.4716058Z [1m[92m   Compiling[0m rustc-hash v1.1.0
2026-01-08T07:56:18.4716341Z [1m[92m   Compiling[0m rkyv v0.8.12
2026-01-08T07:56:18.4716617Z [1m[92m   Compiling[0m chrono v0.4.42
2026-01-08T07:56:18.4716907Z [1m[92m   Compiling[0m hyper-util v0.1.19
2026-01-08T07:56:18.4717232Z [1m[92m   Compiling[0m tempfile v3.24.0
2026-01-08T07:56:18.4717522Z [1m[92m   Compiling[0m tiny_http v0.12.0
2026-01-08T07:56:18.4717800Z [1m[92m   Compiling[0m colored v2.2.0
2026-01-08T07:56:18.4718076Z [1m[92m   Compiling[0m notify v6.1.1
2026-01-08T07:56:18.4718460Z [1m[92m   Compiling[0m clap v4.5.54
2026-01-08T07:56:18.4718735Z [1m[92m   Compiling[0m rmp-serde v1.3.1
2026-01-08T07:56:18.4719015Z [1m[92m   Compiling[0m nix v0.27.1
2026-01-08T07:56:18.4719285Z [1m[92m   Compiling[0m ignore v0.4.25
2026-01-08T07:56:18.4719558Z [1m[92m   Compiling[0m tower v0.5.2
2026-01-08T07:56:18.4719847Z [1m[92m   Compiling[0m http-body-util v0.1.3
2026-01-08T07:56:18.4720139Z [1m[92m   Compiling[0m regex v1.12.2
2026-01-08T07:56:18.4720410Z [1m[92m   Compiling[0m fs2 v0.4.3
2026-01-08T07:56:18.4720677Z [1m[92m   Compiling[0m hostname v0.4.2
2026-01-08T07:56:18.4720958Z [1m[92m   Compiling[0m hex v0.4.3
2026-01-08T07:56:18.4721394Z [1m[92m    Finished[0m `dev` profile [unoptimized + debuginfo] target(s) in 44.25s
2026-01-08T07:56:18.4721816Z ----------------------------- Captured stderr call -----------------------------
2026-01-08T07:56:18.4722190Z info: Detected: FastAPI → uvicorn
2026-01-08T07:56:18.4722438Z info: Starting TITANIUM server...
2026-01-08T07:56:18.4722661Z    App:       main:app
2026-01-08T07:56:18.4722854Z    Server:    uvicorn
2026-01-08T07:56:18.4723049Z    Bind:      127.0.0.1:48101
2026-01-08T07:56:18.4723249Z    Workers:   1
2026-01-08T07:56:18.4723423Z    Timeout:   20s
2026-01-08T07:56:18.4723649Z info: Pre-warming Zygote with FastAPI modules...
2026-01-08T07:56:18.4724083Z 🚨 Security: Scrubbing untrusted path entry: "/home/runner/.local/bin"
2026-01-08T07:56:18.4724607Z 🚨 Security: Scrubbing untrusted path entry: "/opt/hostedtoolcache/uv/0.9.22/x86_64"
2026-01-08T07:56:18.4725074Z ⚠️ Warning: Skipping invalid path entry: "/snap/bin"
2026-01-08T07:56:18.4725490Z 🚨 Security: Scrubbing untrusted path entry: "/home/runner/.local/bin"
2026-01-08T07:56:18.4725922Z 🚨 Security: Scrubbing untrusted path entry: "/opt/pipx_bin"
2026-01-08T07:56:18.4726356Z 🚨 Security: Scrubbing untrusted path entry: "/home/runner/.cargo/bin"
2026-01-08T07:56:18.4726861Z ⚠️ Warning: Skipping invalid path entry: "/home/runner/.config/composer/vendor/bin"
2026-01-08T07:56:18.4727379Z 🚨 Security: Scrubbing untrusted path entry: "/home/runner/.dotnet/tools"
2026-01-08T07:56:18.4727794Z ⚠️ Warning: Skipping invalid path entry: "/snap/bin"
2026-01-08T07:56:18.4728072Z [IPC RECV] Ready (fd: None)
2026-01-08T07:56:18.4728626Z [IPC SEND] Handshake { version: 1, capabilities: ["map-protocol", "async-reaper"] }
2026-01-08T07:56:18.4729332Z [IPC RECV] Handshake { version: 1, capabilities: ["map-protocol", "async-reaper", "resource-guard", "hook-reinit", "app:main:app", "preload:loading"] } (fd: None)
2026-01-08T07:56:18.4730006Z [IPC SEND] Status
2026-01-08T07:56:18.4730232Z [IPC RECV] Status { pid: 5340, preload: [] } (fd: None)
2026-01-08T07:56:18.4730503Z info: Zygote ready
2026-01-08T07:56:18.4730746Z 🔄 Launching 1 workers via Zygote...
2026-01-08T07:56:18.4730986Z [IPC RECV] Ready (fd: None)
2026-01-08T07:56:18.4732016Z [IPC SEND] Fork { script_path: "/home/runner/work/velo/velo/velo_zygote/worker_launcher.py", args: ["--app", "main:app", "--uds", "/tmp/velo-1001/w-0.s", "--proxy-headers"], async_mode: true, stdout_path: None, stderr_path: None, exit_code_path: None, fast_mode: false, bundle_path: None, project_root: None, max_bundle_size: None, shm_size: None }
2026-01-08T07:56:18.4733242Z [IPC RECV] Forked { worker_pid: 5343, exit_code: None } (fd: None)
2026-01-08T07:56:18.4733588Z   ✅ Worker 1 (PID: 5343)
2026-01-08T07:56:18.4733813Z ✅ All workers ready
2026-01-08T07:56:18.4734009Z info: Starting L7 Proxy...
2026-01-08T07:56:18.4734325Z 🚀 L7 Proxy listening on http://127.0.0.1:48101
2026-01-08T07:56:18.4734683Z warn: A worker died during startup. Retrying in 0s (Attempt 1/5)...
2026-01-08T07:56:18.4735059Z warn: Worker 1 (PID: 5343) died, respawning (backoff: 0s)...
2026-01-08T07:56:18.4735362Z [IPC RECV] Ready (fd: None)
2026-01-08T07:56:18.4736372Z [IPC SEND] Fork { script_path: "/home/runner/work/velo/velo/velo_zygote/worker_launcher.py", args: ["--app", "main:app", "--uds", "/tmp/velo-1001/w-0.s", "--proxy-headers"], async_mode: true, stdout_path: None, stderr_path: None, exit_code_path: None, fast_mode: false, bundle_path: None, project_root: None, max_bundle_size: None, shm_size: None }
2026-01-08T07:56:18.4737485Z [IPC RECV] Forked { worker_pid: 5349, exit_code: None } (fd: None)
2026-01-08T07:56:18.4737861Z info:   ✅ Respawned worker 1 (new PID: 5349)
2026-01-08T07:56:18.4738294Z [IPC RECV] Ready (fd: None)
2026-01-08T07:56:18.4738540Z [IPC SEND] Status
2026-01-08T07:56:18.4738978Z [IPC RECV] Status { pid: 5340, preload: ["fastapi", "pydantic", "starlette", "starlette.routing", "starlette.middleware"] } (fd: None)
2026-01-08T07:56:18.4739551Z warn: A worker died during startup. Retrying in 0s (Attempt 2/5)...
2026-01-08T07:56:18.4739923Z warn: Worker 1 (PID: 5349) died, respawning (backoff: 0s)...
2026-01-08T07:56:18.4740211Z [IPC RECV] Ready (fd: None)
2026-01-08T07:56:18.4741226Z [IPC SEND] Fork { script_path: "/home/runner/work/velo/velo/velo_zygote/worker_launcher.py", args: ["--app", "main:app", "--uds", "/tmp/velo-1001/w-0.s", "--proxy-headers"], async_mode: true, stdout_path: None, stderr_path: None, exit_code_path: None, fast_mode: false, bundle_path: None, project_root: None, max_bundle_size: None, shm_size: None }
2026-01-08T07:56:18.4742325Z [IPC RECV] Forked { worker_pid: 5351, exit_code: None } (fd: None)
2026-01-08T07:56:18.4742706Z info:   ✅ Respawned worker 1 (new PID: 5351)
2026-01-08T07:56:18.4742957Z [IPC RECV] Ready (fd: None)
2026-01-08T07:56:18.4743156Z [IPC SEND] Status
2026-01-08T07:56:18.4743585Z [IPC RECV] Status { pid: 5340, preload: ["fastapi", "pydantic", "starlette", "starlette.routing", "starlette.middleware"] } (fd: None)
2026-01-08T07:56:18.4744146Z warn: A worker died during startup. Retrying in 0s (Attempt 3/5)...
2026-01-08T07:56:18.4744520Z warn: Worker 1 (PID: 5351) died, respawning (backoff: 0s)...
2026-01-08T07:56:18.4744812Z [IPC RECV] Ready (fd: None)
2026-01-08T07:56:18.4745813Z [IPC SEND] Fork { script_path: "/home/runner/work/velo/velo/velo_zygote/worker_launcher.py", args: ["--app", "main:app", "--uds", "/tmp/velo-1001/w-0.s", "--proxy-headers"], async_mode: true, stdout_path: None, stderr_path: None, exit_code_path: None, fast_mode: false, bundle_path: None, project_root: None, max_bundle_size: None, shm_size: None }
2026-01-08T07:56:18.4746909Z [IPC RECV] Forked { worker_pid: 5353, exit_code: None } (fd: None)
2026-01-08T07:56:18.4747416Z info:   ✅ Respawned worker 1 (new PID: 5353)
2026-01-08T07:56:18.4747675Z [IPC RECV] Ready (fd: None)
2026-01-08T07:56:18.4747874Z [IPC SEND] Status
2026-01-08T07:56:18.4748496Z [IPC RECV] Status { pid: 5340, preload: ["fastapi", "pydantic", "starlette", "starlette.routing", "starlette.middleware"] } (fd: None)
2026-01-08T07:56:18.4749207Z warn: A worker died during startup. Retrying in 0s (Attempt 4/5)...
2026-01-08T07:56:18.4749580Z warn: Worker 1 (PID: 5353) died, respawning (backoff: 0s)...
2026-01-08T07:56:18.4749873Z [IPC RECV] Ready (fd: None)
2026-01-08T07:56:18.4750897Z [IPC SEND] Fork { script_path: "/home/runner/work/velo/velo/velo_zygote/worker_launcher.py", args: ["--app", "main:app", "--uds", "/tmp/velo-1001/w-0.s", "--proxy-headers"], async_mode: true, stdout_path: None, stderr_path: None, exit_code_path: None, fast_mode: false, bundle_path: None, project_root: None, max_bundle_size: None, shm_size: None }
2026-01-08T07:56:18.4752007Z [IPC RECV] Forked { worker_pid: 5355, exit_code: None } (fd: None)
2026-01-08T07:56:18.4752392Z info:   ✅ Respawned worker 1 (new PID: 5355)
2026-01-08T07:56:18.4752647Z [IPC RECV] Ready (fd: None)
2026-01-08T07:56:18.4752845Z [IPC SEND] Status
2026-01-08T07:56:18.4753269Z [IPC RECV] Status { pid: 5340, preload: ["fastapi", "pydantic", "starlette", "starlette.routing", "starlette.middleware"] } (fd: None)
2026-01-08T07:56:18.4753755Z [IPC RECV] Ready (fd: None)
2026-01-08T07:56:18.4753957Z [IPC SEND] Shutdown
2026-01-08T07:56:18.4754140Z [IPC RECV] Ack (fd: None)
2026-01-08T07:56:18.4754531Z error: FATAL: Workers are failing to start consistently. Check logs for permission/dependency issues.
2026-01-08T07:56:18.4755061Z ____________ TestSandboxShield.test_SEC_SHIELD_002_filesystem_jail _____________
2026-01-08T07:56:18.4755528Z tests/qa/phase_6_1_1/test_sec_shield.py:36: in test_SEC_SHIELD_002_filesystem_jail
2026-01-08T07:56:18.4755875Z     proc.wait_ready()
2026-01-08T07:56:18.4756108Z tests/qa/phase_6_1_1/conftest.py:54: in wait_ready
2026-01-08T07:56:18.4756408Z     raise RuntimeError("Server process died")
2026-01-08T07:56:18.4756673Z E   RuntimeError: Server process died
2026-01-08T07:56:18.4756986Z ----------------------------- Captured stderr call -----------------------------
2026-01-08T07:56:18.4757350Z info: Detected: FastAPI → uvicorn
2026-01-08T07:56:18.4757593Z info: Starting TITANIUM server...
2026-01-08T07:56:18.4757813Z    App:       main:app
2026-01-08T07:56:18.4758005Z    Server:    uvicorn
2026-01-08T07:56:18.4758304Z    Bind:      127.0.0.1:59541
2026-01-08T07:56:18.4758501Z    Workers:   1
2026-01-08T07:56:18.4758680Z    Timeout:   20s
2026-01-08T07:56:18.4758901Z info: Pre-warming Zygote with FastAPI modules...
2026-01-08T07:56:18.4759319Z 🚨 Security: Scrubbing untrusted path entry: "/home/runner/.local/bin"
2026-01-08T07:56:18.4759843Z 🚨 Security: Scrubbing untrusted path entry: "/opt/hostedtoolcache/uv/0.9.22/x86_64"
2026-01-08T07:56:18.4760301Z ⚠️ Warning: Skipping invalid path entry: "/snap/bin"
2026-01-08T07:56:18.4760714Z 🚨 Security: Scrubbing untrusted path entry: "/home/runner/.local/bin"
2026-01-08T07:56:18.4761150Z 🚨 Security: Scrubbing untrusted path entry: "/opt/pipx_bin"
2026-01-08T07:56:18.4761584Z 🚨 Security: Scrubbing untrusted path entry: "/home/runner/.cargo/bin"
2026-01-08T07:56:18.4762096Z ⚠️ Warning: Skipping invalid path entry: "/home/runner/.config/composer/vendor/bin"
2026-01-08T07:56:18.4762607Z 🚨 Security: Scrubbing untrusted path entry: "/home/runner/.dotnet/tools"
2026-01-08T07:56:18.4763026Z ⚠️ Warning: Skipping invalid path entry: "/snap/bin"
2026-01-08T07:56:18.4763301Z [IPC RECV] Ready (fd: None)
2026-01-08T07:56:18.4763628Z [IPC SEND] Handshake { version: 1, capabilities: ["map-protocol", "async-reaper"] }
2026-01-08T07:56:18.4764325Z [IPC RECV] Handshake { version: 1, capabilities: ["map-protocol", "async-reaper", "resource-guard", "hook-reinit", "app:main:app", "preload:loading"] } (fd: None)
2026-01-08T07:56:18.4764888Z [IPC SEND] Status
2026-01-08T07:56:18.4765247Z [IPC RECV] Status { pid: 5361, preload: [] } (fd: None)
2026-01-08T07:56:18.4765517Z info: Zygote ready
2026-01-08T07:56:18.4765757Z 🔄 Launching 1 workers via Zygote...
2026-01-08T07:56:18.4765999Z [IPC RECV] Ready (fd: None)
2026-01-08T07:56:18.4767029Z [IPC SEND] Fork { script_path: "/home/runner/work/velo/velo/velo_zygote/worker_launcher.py", args: ["--app", "main:app", "--uds", "/tmp/velo-1001/w-0.s", "--proxy-headers"], async_mode: true, stdout_path: None, stderr_path: None, exit_code_path: None, fast_mode: false, bundle_path: None, project_root: None, max_bundle_size: None, shm_size: None }
2026-01-08T07:56:18.4768356Z [IPC RECV] Forked { worker_pid: 5365, exit_code: None } (fd: None)
2026-01-08T07:56:18.4768708Z   ✅ Worker 1 (PID: 5365)
2026-01-08T07:56:18.4768936Z ✅ All workers ready
2026-01-08T07:56:18.4769128Z info: Starting L7 Proxy...
2026-01-08T07:56:18.4769446Z 🚀 L7 Proxy listening on http://127.0.0.1:59541
2026-01-08T07:56:18.4769790Z warn: A worker died during startup. Retrying in 0s (Attempt 1/5)...
2026-01-08T07:56:18.4770177Z warn: Worker 1 (PID: 5365) died, respawning (backoff: 0s)...
2026-01-08T07:56:18.4770466Z [IPC RECV] Ready (fd: None)
2026-01-08T07:56:18.4771491Z [IPC SEND] Fork { script_path: "/home/runner/work/velo/velo/velo_zygote/worker_launcher.py", args: ["--app", "main:app", "--uds", "/tmp/velo-1001/w-0.s", "--proxy-headers"], async_mode: true, stdout_path: None, stderr_path: None, exit_code_path: None, fast_mode: false, bundle_path: None, project_root: None, max_bundle_size: None, shm_size: None }
2026-01-08T07:56:18.4772607Z [IPC RECV] Forked { worker_pid: 5371, exit_code: None } (fd: None)
2026-01-08T07:56:18.4772978Z info:   ✅ Respawned worker 1 (new PID: 5371)
2026-01-08T07:56:18.4773228Z [IPC RECV] Ready (fd: None)
2026-01-08T07:56:18.4773430Z [IPC SEND] Status
2026-01-08T07:56:18.4773870Z [IPC RECV] Status { pid: 5361, preload: ["fastapi", "pydantic", "starlette", "starlette.routing", "starlette.middleware"] } (fd: None)
2026-01-08T07:56:18.4774431Z warn: A worker died during startup. Retrying in 0s (Attempt 2/5)...
2026-01-08T07:56:18.4774801Z warn: Worker 1 (PID: 5371) died, respawning (backoff: 0s)...
2026-01-08T07:56:18.4775090Z [IPC RECV] Ready (fd: None)
2026-01-08T07:56:18.4776102Z [IPC SEND] Fork { script_path: "/home/runner/work/velo/velo/velo_zygote/worker_launcher.py", args: ["--app", "main:app", "--uds", "/tmp/velo-1001/w-0.s", "--proxy-headers"], async_mode: true, stdout_path: None, stderr_path: None, exit_code_path: None, fast_mode: false, bundle_path: None, project_root: None, max_bundle_size: None, shm_size: None }
2026-01-08T07:56:18.4777201Z [IPC RECV] Forked { worker_pid: 5373, exit_code: None } (fd: None)
2026-01-08T07:56:18.4777567Z info:   ✅ Respawned worker 1 (new PID: 5373)
2026-01-08T07:56:18.4777819Z [IPC RECV] Ready (fd: None)
2026-01-08T07:56:18.4778018Z [IPC SEND] Status
2026-01-08T07:56:18.4778653Z [IPC RECV] Status { pid: 5361, preload: ["fastapi", "pydantic", "starlette", "starlette.routing", "starlette.middleware"] } (fd: None)
2026-01-08T07:56:18.4779244Z warn: A worker died during startup. Retrying in 0s (Attempt 3/5)...
2026-01-08T07:56:18.4779608Z warn: Worker 1 (PID: 5373) died, respawning (backoff: 0s)...
2026-01-08T07:56:18.4779893Z [IPC RECV] Ready (fd: None)
2026-01-08T07:56:18.4780902Z [IPC SEND] Fork { script_path: "/home/runner/work/velo/velo/velo_zygote/worker_launcher.py", args: ["--app", "main:app", "--uds", "/tmp/velo-1001/w-0.s", "--proxy-headers"], async_mode: true, stdout_path: None, stderr_path: None, exit_code_path: None, fast_mode: false, bundle_path: None, project_root: None, max_bundle_size: None, shm_size: None }
2026-01-08T07:56:18.4782013Z [IPC RECV] Forked { worker_pid: 5375, exit_code: None } (fd: None)
2026-01-08T07:56:18.4782386Z info:   ✅ Respawned worker 1 (new PID: 5375)
2026-01-08T07:56:18.4782634Z [IPC RECV] Ready (fd: None)
2026-01-08T07:56:18.4782833Z [IPC SEND] Status
2026-01-08T07:56:18.4783390Z [IPC RECV] Status { pid: 5361, preload: ["fastapi", "pydantic", "starlette", "starlette.routing", "starlette.middleware"] } (fd: None)
2026-01-08T07:56:18.4783950Z warn: A worker died during startup. Retrying in 0s (Attempt 4/5)...
2026-01-08T07:56:18.4784304Z warn: Worker 1 (PID: 5375) died, respawning (backoff: 0s)...
2026-01-08T07:56:18.4784594Z [IPC RECV] Ready (fd: None)
2026-01-08T07:56:18.4785722Z [IPC SEND] Fork { script_path: "/home/runner/work/velo/velo/velo_zygote/worker_launcher.py", args: ["--app", "main:app", "--uds", "/tmp/velo-1001/w-0.s", "--proxy-headers"], async_mode: true, stdout_path: None, stderr_path: None, exit_code_path: None, fast_mode: false, bundle_path: None, project_root: None, max_bundle_size: None, shm_size: None }
2026-01-08T07:56:18.4786827Z [IPC RECV] Forked { worker_pid: 5378, exit_code: None } (fd: None)
2026-01-08T07:56:18.4787201Z info:   ✅ Respawned worker 1 (new PID: 5378)
2026-01-08T07:56:18.4787452Z [IPC RECV] Ready (fd: None)
2026-01-08T07:56:18.4787649Z [IPC SEND] Status
2026-01-08T07:56:18.4788073Z [IPC RECV] Status { pid: 5361, preload: ["fastapi", "pydantic", "starlette", "starlette.routing", "starlette.middleware"] } (fd: None)
2026-01-08T07:56:18.4788757Z [IPC RECV] Ready (fd: None)
2026-01-08T07:56:18.4788958Z [IPC SEND] Shutdown
2026-01-08T07:56:18.4789148Z [IPC RECV] Ack (fd: None)
2026-01-08T07:56:18.4878395Z error: FATAL: Workers are failing to start consistently. Check logs for permission/dependency issues.
2026-01-08T07:56:18.4879052Z =========================== short test summary info ============================
2026-01-08T07:56:18.4879816Z FAILED tests/qa/phase_6_1_1/test_sec_shield.py::TestSandboxShield::test_SEC_SHIELD_001_env_inheritance - RuntimeError: Server process died
2026-01-08T07:56:18.4880829Z FAILED tests/qa/phase_6_1_1/test_sec_shield.py::TestSandboxShield::test_SEC_SHIELD_002_filesystem_jail - RuntimeError: Server process died
2026-01-08T07:56:18.4881539Z ==================== 2 failed, 3 passed in 90.24s (0:01:30) ====================
2026-01-08T07:56:18.5210160Z ##[error]Process completed with exit code 1.
2026-01-08T07:56:18.5276621Z Post job cleanup.
2026-01-08T07:56:18.5326990Z Post job cleanup.
2026-01-08T07:56:18.6273384Z [command]/usr/bin/git version
2026-01-08T07:56:18.6312788Z git version 2.52.0
2026-01-08T07:56:18.6356698Z Temporarily overriding HOME='/home/runner/work/_temp/69723017-f9ac-4724-8977-c130b3eace4a' before making global git config changes
2026-01-08T07:56:18.6358005Z Adding repository directory to the temporary git global config as a safe directory
2026-01-08T07:56:18.6362566Z [command]/usr/bin/git config --global --add safe.directory /home/runner/work/velo/velo
2026-01-08T07:56:18.6401135Z [command]/usr/bin/git config --local --name-only --get-regexp core\.sshCommand
2026-01-08T07:56:18.6434596Z [command]/usr/bin/git submodule foreach --recursive sh -c "git config --local --name-only --get-regexp 'core\.sshCommand' && git config --local --unset-all 'core.sshCommand' || :"
2026-01-08T07:56:18.6670184Z [command]/usr/bin/git config --local --name-only --get-regexp http\.https\:\/\/github\.com\/\.extraheader
2026-01-08T07:56:18.6691982Z http.https://github.com/.extraheader
2026-01-08T07:56:18.6704834Z [command]/usr/bin/git config --local --unset-all http.https://github.com/.extraheader
2026-01-08T07:56:18.6735727Z [command]/usr/bin/git submodule foreach --recursive sh -c "git config --local --name-only --get-regexp 'http\.https\:\/\/github\.com\/\.extraheader' && git config --local --unset-all 'http.https://github.com/.extraheader' || :"
2026-01-08T07:56:18.6965024Z [command]/usr/bin/git config --local --name-only --get-regexp ^includeIf\.gitdir:
2026-01-08T07:56:18.6997471Z [command]/usr/bin/git submodule foreach --recursive git config --local --show-origin --name-only --get-regexp remote.origin.url
2026-01-08T07:56:18.7337788Z Cleaning up orphan processes
